<html>
<body>
<pre>
<h1>礦ision Build Log</h1>
<h2>Project:</h2>
F:\Projects\OpenSCS\SCServo\prj\SCServo.uvproj
Project File Date:  11/11/2016

<h2>Output:</h2>
compiling uart.c...
..\SCSLib\uart.c - 0 Error(s), 0 Warning(s).
compiling SCServo.c...
..\SCSLib\SCServo.c - 0 Error(s), 0 Warning(s).
Build target 'SCServo'
compiling core_cm3.c...
compiling misc.c...
compiling stm32f10x_adc.c...
compiling stm32f10x_bkp.c...
compiling stm32f10x_can.c...
compiling stm32f10x_cec.c...
compiling stm32f10x_crc.c...
compiling stm32f10x_dac.c...
compiling stm32f10x_dbgmcu.c...
compiling stm32f10x_dma.c...
compiling stm32f10x_exti.c...
compiling stm32f10x_flash.c...
compiling stm32f10x_fsmc.c...
compiling stm32f10x_gpio.c...
compiling stm32f10x_i2c.c...
compiling stm32f10x_iwdg.c...
compiling stm32f10x_pwr.c...
compiling stm32f10x_rcc.c...
compiling stm32f10x_rtc.c...
compiling stm32f10x_sdio.c...
compiling stm32f10x_spi.c...
compiling stm32f10x_tim.c...
compiling stm32f10x_usart.c...
compiling stm32f10x_wwdg.c...
compiling system_stm32f10x.c...
compiling Broadcast.c...
compiling SCSProtocol.c...
compiling SCServo.c...
compiling uart.c...
linking...
Program Size: Code=5388 RO-data=268 RW-data=56 ZI-data=1888  
FromELF: creating hex file...
"..\obj\SCServo.axf" - 0 Error(s), 0 Warning(s).
compiling wiring.c...
..\SCSLib\wiring.c - 0 Error(s), 0 Warning(s).
compiling SCServo.c...
..\SCSLib\wiring.h(15): error:  #77-D: this declaration has no storage class or type specifier
..\SCSLib\wiring.h:   inline void delayMicroseconds(uint32_t usec)
..\SCSLib\wiring.h:   ^
..\SCSLib\wiring.h(15): error:  #65: expected a ";"
..\SCSLib\wiring.h:   inline void delayMicroseconds(uint32_t usec)
..\SCSLib\wiring.h:          ^
..\SCSLib\SCServo.c(13): warning:  #12-D: parsing restarts here after previous syntax error
..\SCSLib\SCServo.c:   uint32_t IOTimeOut = 1000;//输入输出超时
..\SCSLib\SCServo.c:                            ^
..\SCSLib\SCServo.c(34): error:  #20: identifier "IOTimeOut" is undefined
..\SCSLib\SCServo.c:            if(t_user>IOTimeOut){
..\SCSLib\SCServo.c:                      ^
..\SCSLib\SCServo.c: ..\SCSLib\SCServo.c: 1 warning, 3 errors
..\SCSLib\SCServo.c - 3 Error(s), 1 Warning(s).
compiling wiring.c...
..\SCSLib\wiring.c - 0 Error(s), 0 Warning(s).
compiling SCServo.c...
..\SCSLib\wiring.h(15): error:  #77-D: this declaration has no storage class or type specifier
..\SCSLib\wiring.h:   inline void delayMicroseconds(uint32_t usec)
..\SCSLib\wiring.h:   ^
..\SCSLib\wiring.h(15): error:  #65: expected a ";"
..\SCSLib\wiring.h:   inline void delayMicroseconds(uint32_t usec)
..\SCSLib\wiring.h:          ^
..\SCSLib\SCServo.c(13): warning:  #12-D: parsing restarts here after previous syntax error
..\SCSLib\SCServo.c:   uint32_t IOTimeOut = 2;//输入输出超时
..\SCSLib\SCServo.c:                         ^
..\SCSLib\SCServo.c(35): error:  #20: identifier "IOTimeOut" is undefined
..\SCSLib\SCServo.c:            if(t_user>IOTimeOut){
..\SCSLib\SCServo.c:                      ^
..\SCSLib\SCServo.c: ..\SCSLib\SCServo.c: 1 warning, 3 errors
..\SCSLib\SCServo.c - 3 Error(s), 1 Warning(s).
compiling SCServo.c...
..\SCSLib\wiring.h(15): error:  #77-D: this declaration has no storage class or type specifier
..\SCSLib\wiring.h:   inline void delayMicroseconds(uint32_t usec)
..\SCSLib\wiring.h:   ^
..\SCSLib\wiring.h(15): error:  #65: expected a ";"
..\SCSLib\wiring.h:   inline void delayMicroseconds(uint32_t usec)
..\SCSLib\wiring.h:          ^
..\SCSLib\SCServo.c(13): warning:  #12-D: parsing restarts here after previous syntax error
..\SCSLib\SCServo.c:   uint32_t IOTimeOut = 2;//输入输出超时
..\SCSLib\SCServo.c:                         ^
..\SCSLib\SCServo.c(35): error:  #20: identifier "IOTimeOut" is undefined
..\SCSLib\SCServo.c:            if(t_user>IOTimeOut){
..\SCSLib\SCServo.c:                      ^
..\SCSLib\SCServo.c: ..\SCSLib\SCServo.c: 1 warning, 3 errors
..\SCSLib\SCServo.c - 3 Error(s), 1 Warning(s).
compiling SCServo.c...
..\SCSLib\SCServo.c - 0 Error(s), 0 Warning(s).
compiling SCServo.c...
..\SCSLib\SCServo.c - 0 Error(s), 0 Warning(s).
compiling Broadcast.c...
..\examples\Broadcast.c(12): error:  #165: too few arguments in function call
..\examples\Broadcast.c:     WritePos(0xfe, 0, 1000);
..\examples\Broadcast.c:                           ^
..\examples\Broadcast.c: ..\examples\Broadcast.c: 0 warnings, 1 error
..\examples\Broadcast.c - 1 Error(s), 0 Warning(s).
compiling Broadcast.c...
..\examples\Broadcast.c - 0 Error(s), 0 Warning(s).
compiling Broadcast.c...
..\examples\Broadcast.c(22): error:  #20: identifier "SERVO" is undefined
..\examples\Broadcast.c:       SERVO.WritePos(0xfe,i,20,0);//All Servo(broadcast) rotate to the position:i
..\examples\Broadcast.c:       ^
..\examples\Broadcast.c(27): error:  #20: identifier "SERVO" is undefined
..\examples\Broadcast.c:       SERVO.WritePos(0xfe,i,10,0);//All Servo(broadcast) rotate to the position:i
..\examples\Broadcast.c:       ^
..\examples\Broadcast.c: ..\examples\Broadcast.c: 0 warnings, 2 errors
..\examples\Broadcast.c - 2 Error(s), 0 Warning(s).
compiling Broadcast.c...
..\examples\Broadcast.c - 0 Error(s), 0 Warning(s).
compiling wiring.c...
..\SCSLib\wiring.c - 0 Error(s), 0 Warning(s).
compiling SCSProtocol.c...
..\SCSLib\SCSProtocol.c - 0 Error(s), 0 Warning(s).
compiling Broadcast.c...
..\examples\Broadcast.c - 0 Error(s), 0 Warning(s).
Build target 'SCServo'
compiling core_cm3.c...
compiling misc.c...
compiling stm32f10x_adc.c...
compiling stm32f10x_bkp.c...
compiling stm32f10x_can.c...
compiling stm32f10x_cec.c...
compiling stm32f10x_crc.c...
compiling stm32f10x_dac.c...
compiling stm32f10x_dbgmcu.c...
compiling stm32f10x_dma.c...
compiling stm32f10x_exti.c...
compiling stm32f10x_flash.c...
compiling stm32f10x_fsmc.c...
compiling stm32f10x_gpio.c...
compiling stm32f10x_i2c.c...
compiling stm32f10x_iwdg.c...
compiling stm32f10x_pwr.c...
compiling stm32f10x_rcc.c...
compiling stm32f10x_rtc.c...
compiling stm32f10x_sdio.c...
compiling stm32f10x_spi.c...
compiling stm32f10x_tim.c...
compiling stm32f10x_usart.c...
compiling stm32f10x_wwdg.c...
compiling system_stm32f10x.c...
compiling SCServo.c...
compiling uart.c...
linking...
Program Size: Code=6980 RO-data=268 RW-data=68 ZI-data=1892  
FromELF: creating hex file...
"..\obj\SCServo.axf" - 0 Error(s), 0 Warning(s).
Build target 'SCServo'
linking...
Program Size: Code=6980 RO-data=268 RW-data=68 ZI-data=1892  
FromELF: creating hex file...
"..\obj\SCServo.axf" - 0 Error(s), 0 Warning(s).
Load "..\\obj\\SCServo.AXF" 
Load "..\\obj\\SCServo.AXF" 
Load "..\\obj\\SCServo.AXF" 
