<html>
<body>
<pre>
<h1>礦ision Build Log</h1>
<h2>Tool Versions:</h2>
IDE-Version: μVision V5.24.2.0
Copyright (C) 2017 ARM Ltd and ARM Germany GmbH. All rights reserved.
License Information: Wen Wang, Microsoft, LIC=X1ERA-1I7CT-WIV5K-ZW2XJ-A8NHF-X3FIU
 
Tool Versions:
Toolchain:       MDK-ARM Professional  Version: 5.24.1
Toolchain Path:  E:\MDK\ARM\ARMCC\Bin
C Compiler:      Armcc.exe V5.06 update 5 (build 528)
Assembler:       Armasm.exe V5.06 update 5 (build 528)
Linker/Locator:  ArmLink.exe V5.06 update 5 (build 528)
Library Manager: ArmAr.exe V5.06 update 5 (build 528)
Hex Converter:   FromElf.exe V5.06 update 5 (build 528)
CPU DLL:         SARMCM3.DLL V5.24.1
Dialog DLL:      DCM.DLL V1.16.0.0
Target DLL:      Segger\JL2CM3.dll V2.99.26.0
Dialog DLL:      TCM.DLL V1.32.0.0
 
<h2>Project:</h2>
D:\My private\study to japan\ROBOT\机器人步态规划\Robot\USER\DMA.uvprojx
Project File Date:  01/12/2018

<h2>Output:</h2>
*** Using Compiler 'V5.06 update 5 (build 528)', folder: 'E:\MDK\ARM\ARMCC\Bin'
Build target 'DMA'
compiling main.c...
main.c(96): warning:  #223-D: function "Write_Position" declared implicitly
         Write_Position(15,400,0,500); 		
main.c(14): warning:  #177-D: variable "i"  was declared but never referenced
    u16 i,j,k=0;
main.c(14): warning:  #177-D: variable "j"  was declared but never referenced
    u16 i,j,k=0;
main.c(14): warning:  #177-D: variable "k"  was declared but never referenced
    u16 i,j,k=0;
main.c(15): warning:  #177-D: variable "t"  was declared but never referenced
  	u8 t=0;
main.c(155): warning:  #1035-D: single-precision operand implicitly converted to double-precision
  	number=number+(int)(angle*5.12);
main.c(157): warning:  #1035-D: single-precision operand implicitly converted to double-precision
  	number=number-(int)(angle*5.12);	
main.c: 7 warnings, 0 errors
linking...
Program Size: Code=7218 RO-data=570 RW-data=24 ZI-data=2050008  
FromELF: creating hex file...
"..\OBJ\DMA.axf" - 0 Error(s), 7 Warning(s).

<h2>Software Packages used:</h2>

Package Vendor: Keil
                http://www.keil.com/pack/Keil.STM32F7xx_DFP.2.9.0.pack
                Keil.STM32F7xx_DFP.2.9.0
                STMicroelectronics STM32F7 Series Device Support, Drivers and Examples

<h2>Collection of Component include folders:</h2>
  .\RTE\_DMA
  E:\MDK\ARM\PACK\Keil\STM32F7xx_DFP\2.9.0\Drivers\CMSIS\Device\ST\STM32F7xx\Include

<h2>Collection of Component Files used:</h2>
Build Time Elapsed:  00:00:02
</pre>
</body>
</html>
