Component: ARM Compiler 5.06 update 6 (build 750) Tool: armlink [4d35ed]

==============================================================================

Section Cross References

    main.o(i.Analysis_Servoangle) refers to _printf_percent.o(.ARM.Collect$$_printf_percent$$00000000) for _printf_percent
    main.o(i.Analysis_Servoangle) refers to _printf_d.o(.ARM.Collect$$_printf_percent$$00000009) for _printf_d
    main.o(i.Analysis_Servoangle) refers to _printf_dec.o(.text) for _printf_int_dec
    main.o(i.Analysis_Servoangle) refers to rt_memclr_w.o(.text) for __aeabi_memclr4
    main.o(i.Analysis_Servoangle) refers to __2sprintf.o(.text) for __2sprintf
    main.o(i.Analysis_Servoangle) refers to strstr.o(.text) for strstr
    main.o(i.Analysis_Servoangle) refers to main.o(i.Control_Servo) for Control_Servo
    main.o(i.Analysis_Servoangle) refers to os_sem.o(i.OSSemPost) for OSSemPost
    main.o(i.Analysis_Servoangle) refers to main.o(.bss) for ORDER_SEM
    main.o(i.Control_Servo) refers to servo.o(i.Together_Number) for Together_Number
    main.o(i.Control_Servo) refers to servo.o(i.Split_Number) for Split_Number
    main.o(i.Control_Servo) refers to servo.o(.data) for Servo_State
    main.o(i.Control_Servo) refers to main.o(.data) for SERVO_ExpectPosition
    main.o(i.Execution_Instruction_Task) refers to _printf_percent.o(.ARM.Collect$$_printf_percent$$00000000) for _printf_percent
    main.o(i.Execution_Instruction_Task) refers to _printf_d.o(.ARM.Collect$$_printf_percent$$00000009) for _printf_d
    main.o(i.Execution_Instruction_Task) refers to _printf_dec.o(.text) for _printf_int_dec
    main.o(i.Execution_Instruction_Task) refers to os_sem.o(i.OSSemPend) for OSSemPend
    main.o(i.Execution_Instruction_Task) refers to __2printf.o(.text) for __2printf
    main.o(i.Execution_Instruction_Task) refers to ftl.o(i.FTL_ReadSectors) for FTL_ReadSectors
    main.o(i.Execution_Instruction_Task) refers to main.o(i.Analysis_Servoangle) for Analysis_Servoangle
    main.o(i.Execution_Instruction_Task) refers to os_time.o(i.OSTimeDlyHMSM) for OSTimeDlyHMSM
    main.o(i.Execution_Instruction_Task) refers to main.o(.bss) for PC_Instruction_SEM
    main.o(i.GPS_task) refers to _printf_percent.o(.ARM.Collect$$_printf_percent$$00000000) for _printf_percent
    main.o(i.GPS_task) refers to _printf_f.o(.ARM.Collect$$_printf_percent$$00000003) for _printf_f
    main.o(i.GPS_task) refers to printf1.o(x$fpl$printf1) for _printf_fp_dec
    main.o(i.GPS_task) refers to os_sem.o(i.OSSemPend) for OSSemPend
    main.o(i.GPS_task) refers to gps.o(i.GPRMC_DAT) for GPRMC_DAT
    main.o(i.GPS_task) refers to gps.o(i.GPGSV_DAT) for GPGSV_DAT
    main.o(i.GPS_task) refers to gps.o(i.GPGSA_DAT) for GPGSA_DAT
    main.o(i.GPS_task) refers to gps.o(i.GPGGA_DAT) for GPGGA_DAT
    main.o(i.GPS_task) refers to __2sprintf.o(.text) for __2sprintf
    main.o(i.GPS_task) refers to main.o(.bss) for GPS_SEM
    main.o(i.GPS_task) refers to usart.o(.bss) for RxBuffer4
    main.o(i.GPS_task) refers to gps.o(.data) for jingdu
    main.o(i.GYROSCOPE_task) refers to os_core.o(i.OSSchedLock) for OSSchedLock
    main.o(i.GYROSCOPE_task) refers to inv_mpu.o(i.mpu_mpl_get_data) for mpu_mpl_get_data
    main.o(i.GYROSCOPE_task) refers to mpu9250.o(i.MPU_Get_Temperature) for MPU_Get_Temperature
    main.o(i.GYROSCOPE_task) refers to mpu9250.o(i.MPU_Get_Accelerometer) for MPU_Get_Accelerometer
    main.o(i.GYROSCOPE_task) refers to mpu9250.o(i.MPU_Get_Gyroscope) for MPU_Get_Gyroscope
    main.o(i.GYROSCOPE_task) refers to os_core.o(i.OSSchedUnlock) for OSSchedUnlock
    main.o(i.GYROSCOPE_task) refers to os_time.o(i.OSTimeDlyHMSM) for OSTimeDlyHMSM
    main.o(i.ORDER_SERVO_Task) refers to os_sem.o(i.OSSemPend) for OSSemPend
    main.o(i.ORDER_SERVO_Task) refers to servo.o(i.SYNC_Write_Buff) for SYNC_Write_Buff
    main.o(i.ORDER_SERVO_Task) refers to main.o(.bss) for ORDER_SEM
    main.o(i.ORDER_SERVO_Task) refers to main.o(.data) for SERVO_ExpectPosition
    main.o(i.PC_RECEIVE_task) refers to _printf_percent.o(.ARM.Collect$$_printf_percent$$00000000) for _printf_percent
    main.o(i.PC_RECEIVE_task) refers to _printf_d.o(.ARM.Collect$$_printf_percent$$00000009) for _printf_d
    main.o(i.PC_RECEIVE_task) refers to _printf_dec.o(.text) for _printf_int_dec
    main.o(i.PC_RECEIVE_task) refers to os_sem.o(i.OSSemPend) for OSSemPend
    main.o(i.PC_RECEIVE_task) refers to strstr.o(.text) for strstr
    main.o(i.PC_RECEIVE_task) refers to main.o(i.Analysis_Servoangle) for Analysis_Servoangle
    main.o(i.PC_RECEIVE_task) refers to ftl.o(i.FTL_WriteSectors) for FTL_WriteSectors
    main.o(i.PC_RECEIVE_task) refers to __2printf.o(.text) for __2printf
    main.o(i.PC_RECEIVE_task) refers to servo.o(i.SYNC_Write_Buff) for SYNC_Write_Buff
    main.o(i.PC_RECEIVE_task) refers to ftl.o(i.FTL_ReadSectors) for FTL_ReadSectors
[...]
    0x080002ec   0x00000006   Code   RO        11089    .ARM.Collect$$_printf_percent$$0000000B  c_w.l(_printf_o.o)
    0x080002f2   0x00000006   Code   RO        10773    .ARM.Collect$$_printf_percent$$0000000C  c_w.l(_printf_x.o)
    0x080002f8   0x00000006   Code   RO        11095    .ARM.Collect$$_printf_percent$$0000000D  c_w.l(_printf_lli.o)
    0x080002fe   0x00000006   Code   RO        11096    .ARM.Collect$$_printf_percent$$0000000E  c_w.l(_printf_lld.o)
    0x08000304   0x00000006   Code   RO        11097    .ARM.Collect$$_printf_percent$$0000000F  c_w.l(_printf_llu.o)
    0x0800030a   0x00000006   Code   RO        11102    .ARM.Collect$$_printf_percent$$00000010  c_w.l(_printf_llo.o)
    0x08000310   0x00000006   Code   RO        11103    .ARM.Collect$$_printf_percent$$00000011  c_w.l(_printf_llx.o)
    0x08000316   0x0000000a   Code   RO        11099    .ARM.Collect$$_printf_percent$$00000012  c_w.l(_printf_l.o)
    0x08000320   0x00000006   Code   RO        10771    .ARM.Collect$$_printf_percent$$00000013  c_w.l(_printf_c.o)
    0x08000326   0x00000006   Code   RO        10772    .ARM.Collect$$_printf_percent$$00000014  c_w.l(_printf_s.o)
    0x0800032c   0x00000006   Code   RO        11100    .ARM.Collect$$_printf_percent$$00000015  c_w.l(_printf_lc.o)
    0x08000332   0x00000006   Code   RO        11101    .ARM.Collect$$_printf_percent$$00000016  c_w.l(_printf_ls.o)
    0x08000338   0x00000004   Code   RO        11094    .ARM.Collect$$_printf_percent$$00000017  c_w.l(_printf_percent_end.o)
    0x0800033c   0x00000002   Code   RO        11271    .ARM.Collect$$libinit$$00000000  c_w.l(libinit.o)
    0x0800033e   0x00000004   Code   RO        11272    .ARM.Collect$$libinit$$00000001  c_w.l(libinit2.o)
    0x08000342   0x00000000   Code   RO        11275    .ARM.Collect$$libinit$$00000004  c_w.l(libinit2.o)
    0x08000342   0x00000000   Code   RO        11278    .ARM.Collect$$libinit$$0000000A  c_w.l(libinit2.o)
    0x08000342   0x00000000   Code   RO        11280    .ARM.Collect$$libinit$$0000000C  c_w.l(libinit2.o)
    0x08000342   0x00000000   Code   RO        11282    .ARM.Collect$$libinit$$0000000E  c_w.l(libinit2.o)
    0x08000342   0x00000006   Code   RO        11283    .ARM.Collect$$libinit$$0000000F  c_w.l(libinit2.o)
    0x08000348   0x00000000   Code   RO        11285    .ARM.Collect$$libinit$$00000011  c_w.l(libinit2.o)
    0x08000348   0x0000000c   Code   RO        11286    .ARM.Collect$$libinit$$00000012  c_w.l(libinit2.o)
    0x08000354   0x00000000   Code   RO        11287    .ARM.Collect$$libinit$$00000013  c_w.l(libinit2.o)
    0x08000354   0x00000000   Code   RO        11289    .ARM.Collect$$libinit$$00000015  c_w.l(libinit2.o)
    0x08000354   0x0000000a   Code   RO        11290    .ARM.Collect$$libinit$$00000016  c_w.l(libinit2.o)
    0x0800035e   0x00000000   Code   RO        11291    .ARM.Collect$$libinit$$00000017  c_w.l(libinit2.o)
    0x0800035e   0x00000000   Code   RO        11293    .ARM.Collect$$libinit$$00000019  c_w.l(libinit2.o)
    0x0800035e   0x00000000   Code   RO        11295    .ARM.Collect$$libinit$$0000001B  c_w.l(libinit2.o)
    0x0800035e   0x00000000   Code   RO        11297    .ARM.Collect$$libinit$$0000001D  c_w.l(libinit2.o)
    0x0800035e   0x00000000   Code   RO        11299    .ARM.Collect$$libinit$$0000001F  c_w.l(libinit2.o)
    0x0800035e   0x00000000   Code   RO        11301    .ARM.Collect$$libinit$$00000021  c_w.l(libinit2.o)
    0x0800035e   0x00000000   Code   RO        11303    .ARM.Collect$$libinit$$00000023  c_w.l(libinit2.o)
    0x0800035e   0x00000000   Code   RO        11305    .ARM.Collect$$libinit$$00000025  c_w.l(libinit2.o)
    0x0800035e   0x00000000   Code   RO        11309    .ARM.Collect$$libinit$$0000002C  c_w.l(libinit2.o)
    0x0800035e   0x00000000   Code   RO        11311    .ARM.Collect$$libinit$$0000002E  c_w.l(libinit2.o)
    0x0800035e   0x00000000   Code   RO        11313    .ARM.Collect$$libinit$$00000030  c_w.l(libinit2.o)
    0x0800035e   0x00000000   Code   RO        11315    .ARM.Collect$$libinit$$00000032  c_w.l(libinit2.o)
    0x0800035e   0x00000002   Code   RO        11316    .ARM.Collect$$libinit$$00000033  c_w.l(libinit2.o)
    0x08000360   0x00000002   Code   RO        11362    .ARM.Collect$$libshutdown$$00000000  c_w.l(libshutdown.o)
    0x08000362   0x00000000   Code   RO        11381    .ARM.Collect$$libshutdown$$00000002  c_w.l(libshutdown2.o)
    0x08000362   0x00000000   Code   RO        11383    .ARM.Collect$$libshutdown$$00000004  c_w.l(libshutdown2.o)
    0x08000362   0x00000000   Code   RO        11386    .ARM.Collect$$libshutdown$$00000007  c_w.l(libshutdown2.o)
    0x08000362   0x00000000   Code   RO        11389    .ARM.Collect$$libshutdown$$0000000A  c_w.l(libshutdown2.o)
    0x08000362   0x00000000   Code   RO        11391    .ARM.Collect$$libshutdown$$0000000C  c_w.l(libshutdown2.o)
    0x08000362   0x00000000   Code   RO        11394    .ARM.Collect$$libshutdown$$0000000F  c_w.l(libshutdown2.o)
    0x08000362   0x00000002   Code   RO        11395    .ARM.Collect$$libshutdown$$00000010  c_w.l(libshutdown2.o)
    0x08000364   0x00000000   Code   RO        11048    .ARM.Collect$$rtentry$$00000000  c_w.l(__rtentry.o)
    0x08000364   0x00000000   Code   RO        11177    .ARM.Collect$$rtentry$$00000002  c_w.l(__rtentry2.o)
    0x08000364   0x00000006   Code   RO        11189    .ARM.Collect$$rtentry$$00000004  c_w.l(__rtentry4.o)
    0x0800036a   0x00000000   Code   RO        11179    .ARM.Collect$$rtentry$$00000009  c_w.l(__rtentry2.o)
    0x0800036a   0x00000004   Code   RO        11180    .ARM.Collect$$rtentry$$0000000A  c_w.l(__rtentry2.o)
    0x0800036e   0x00000000   Code   RO        11182    .ARM.Collect$$rtentry$$0000000C  c_w.l(__rtentry2.o)
    0x0800036e   0x00000008   Code   RO        11183    .ARM.Collect$$rtentry$$0000000D  c_w.l(__rtentry2.o)
    0x08000376   0x00000002   Code   RO        11319    .ARM.Collect$$rtexit$$00000000  c_w.l(rtexit.o)
    0x08000378   0x00000000   Code   RO        11334    .ARM.Collect$$rtexit$$00000002  c_w.l(rtexit2.o)
    0x08000378   0x00000004   Code   RO        11335    .ARM.Collect$$rtexit$$00000003  c_w.l(rtexit2.o)
    0x0800037c   0x00000006   Code   RO        11336    .ARM.Collect$$rtexit$$00000004  c_w.l(rtexit2.o)
    0x08000382   0x00000002   PAD
    0x08000384   0x00000068   Code   RO          697    .text               startup_stm32f767xx.o
    0x080003ec   0x00000034   Code   RO         6417    .text               cpu_a.o
    0x08000420   0x000024f0   Code   RO        10468    .text               libmpllib.lib(compass_vec_cal.o)
    0x08002910   0x00000a18   Code   RO        10558    .text               libmpllib.lib(fast_no_motion.o)
    0x08003328   0x000006b0   Code   RO        10591    .text               libmpllib.lib(fusion_9axis.o)
    0x080039d8   0x000004c4   Code   RO        10613    .text               libmpllib.lib(gyro_tc.o)
    0x08003e9c   0x000005c0   Code   RO        10631    .text               libmpllib.lib(mag_disturb.o)
    0x0800445c   0x00000994   Code   RO        10653    .text               libmpllib.lib(quaternion_supervisor.o)
    0x08004df0   0x00000c44   Code   RO        10671    .text               libmpllib.lib(accel_auto_cal.o)
    0x08005a34   0x00000002   Code   RO        10702    .text               c_w.l(use_no_semi_2.o)
    0x08005a36   0x000000ee   Code   RO        10704    .text               c_w.l(lludivv7m.o)
    0x08005b24   0x00000026   Code   RO        10706    .text               c_w.l(llshl.o)
    0x08005b4a   0x00000026   Code   RO        10708    .text               c_w.l(llsshr.o)
    0x08005b70   0x00000048   Code   RO        10710    .text               c_w.l(llsdiv.o)
    0x08005bb8   0x00000024   Code   RO        10712    .text               c_w.l(vsprintf.o)
    0x08005bdc   0x00000018   Code   RO        10714    .text               c_w.l(__2printf.o)
    0x08005bf4   0x0000002c   Code   RO        10716    .text               c_w.l(__2sprintf.o)
    0x08005c20   0x0000004e   Code   RO        10724    .text               c_w.l(_printf_pad.o)
    0x08005c6e   0x00000052   Code   RO        10726    .text               c_w.l(_printf_str.o)
    0x08005cc0   0x00000078   Code   RO        10728    .text               c_w.l(_printf_dec.o)
    0x08005d38   0x00000094   Code   RO        10748    .text               c_w.l(_printf_hex_int_ll_ptr.o)
    0x08005dcc   0x00000188   Code   RO        10768    .text               c_w.l(__printf_flags_ss_wp.o)
    0x08005f54   0x0000001a   Code   RO        10778    .text               c_w.l(atoi.o)
    0x08005f6e   0x00000024   Code   RO        10780    .text               c_w.l(strstr.o)
    0x08005f92   0x00000058   Code   RO        10782    .text               c_w.l(memcmp.o)
    0x08005fea   0x0000008a   Code   RO        10784    .text               c_w.l(rt_memcpy_v6.o)
    0x08006074   0x00000064   Code   RO        10786    .text               c_w.l(rt_memcpy_w.o)
    0x080060d8   0x0000007a   Code   RO        10788    .text               c_w.l(rt_memmove_w.o)
    0x08006152   0x00000010   Code   RO        10790    .text               c_w.l(aeabi_memset.o)
    0x08006162   0x00000044   Code   RO        10792    .text               c_w.l(rt_memclr.o)
    0x080061a6   0x0000004e   Code   RO        10794    .text               c_w.l(rt_memclr_w.o)
    0x080061f4   0x00000006   Code   RO        10796    .text               c_w.l(heapauxi.o)
    0x080061fa   0x00000002   Code   RO        11046    .text               c_w.l(use_no_semi.o)
    0x080061fc   0x00000008   Code   RO        11056    .text               c_w.l(rt_errno_addr_intlibspace.o)
    0x08006204   0x00000016   Code   RO        11058    .text               c_w.l(_rserrno.o)
    0x0800621a   0x00000024   Code   RO        11060    .text               c_w.l(_printf_truncate.o)
    0x0800623e   0x000000b2   Code   RO        11062    .text               c_w.l(_printf_intcommon.o)
    0x080062f0   0x00000028   Code   RO        11064    .text               c_w.l(_printf_charcount.o)
    0x08006318   0x0000041e   Code   RO        11066    .text               c_w.l(_printf_fp_dec.o)
    0x08006736   0x00000002   PAD
    0x08006738   0x00000030   Code   RO        11068    .text               c_w.l(_printf_char_common.o)
    0x08006768   0x0000000a   Code   RO        11070    .text               c_w.l(_sputc.o)
    0x08006772   0x0000002c   Code   RO        11072    .text               c_w.l(_printf_char.o)
    0x0800679e   0x00000002   PAD
    0x080067a0   0x00000024   Code   RO        11074    .text               c_w.l(_printf_char_file.o)
    0x080067c4   0x000000bc   Code   RO        11076    .text               c_w.l(_printf_wctomb.o)
    0x08006880   0x0000007c   Code   RO        11079    .text               c_w.l(_printf_longlong_dec.o)
    0x080068fc   0x00000070   Code   RO        11085    .text               c_w.l(_printf_oct_int_ll.o)
    0x0800696c   0x00000070   Code   RO        11104    .text               c_w.l(strtol.o)
    0x080069dc   0x00000008   Code   RO        11173    .text               c_w.l(libspace.o)
    0x080069e4   0x00000010   Code   RO        11191    .text               c_w.l(rt_ctype_table.o)
    0x080069f4   0x00000008   Code   RO        11198    .text               c_w.l(rt_locale_intlibspace.o)
    0x080069fc   0x0000008a   Code   RO        11200    .text               c_w.l(lludiv10.o)
    0x08006a86   0x00000002   PAD
    0x08006a88   0x000002fc   Code   RO        11202    .text               c_w.l(_printf_fp_hex.o)
    0x08006d84   0x00000080   Code   RO        11205    .text               c_w.l(_printf_fp_infnan.o)
    0x08006e04   0x0000002c   Code   RO        11209    .text               c_w.l(_printf_wchar.o)
    0x08006e30   0x0000009e   Code   RO        11211    .text               c_w.l(_strtoul.o)
    0x08006ece   0x00000002   PAD
    0x08006ed0   0x000000e4   Code   RO        11213    .text               c_w.l(bigflt0.o)
    0x08006fb4   0x00000008   Code   RO        11238    .text               c_w.l(ferror.o)
    0x08006fbc   0x00000040   Code   RO        11242    .text               c_w.l(_wcrtomb.o)
    0x08006ffc   0x0000004a   Code   RO        11251    .text               c_w.l(sys_stackheap_outer.o)
    0x08007046   0x0000001c   Code   RO        11253    .text               c_w.l(_chval.o)
    0x08007062   0x00000012   Code   RO        11258    .text               c_w.l(exit.o)
    0x08007074   0x00000068   Code   RO        11264    .text               c_w.l(strcmpv7m_pel.o)
    0x080070dc   0x0000003e   Code   RO        11216    CL$$btod_d2e        c_w.l(btod.o)
    0x0800711a   0x00000046   Code   RO        11218    CL$$btod_d2e_denorm_low  c_w.l(btod.o)
    0x08007160   0x00000060   Code   RO        11217    CL$$btod_d2e_norm_op1  c_w.l(btod.o)
    0x080071c0   0x00000338   Code   RO        11226    CL$$btod_div_common  c_w.l(btod.o)
    0x080074f8   0x000000dc   Code   RO        11223    CL$$btod_e2e        c_w.l(btod.o)
    0x080075d4   0x0000002a   Code   RO        11220    CL$$btod_ediv       c_w.l(btod.o)
    0x080075fe   0x0000002a   Code   RO        11219    CL$$btod_emul       c_w.l(btod.o)
    0x08007628   0x00000244   Code   RO        11225    CL$$btod_mult_common  c_w.l(btod.o)
    0x0800786c   0x00000118   Code   RO         8038    CODE                os_cpu_a.o
    0x08007984   0x00000178   Code   RO         4122    i.ADC_Init          stm32f7xx_hal_adc.o
    0x08007afc   0x00000244   Code   RO            4    i.Analysis_Servoangle  main.o
    0x08007d40   0x0000000c   Code   RO         6145    i.BSP_CPU_ClkFreq   bsp.o
    0x08007d4c   0x00000004   Code   RO          475    i.BusFault_Handler  stm32f7xx_it.o
    0x08007d50   0x00000010   Code   RO         6253    i.CPU_Init          cpu_core.o
    0x08007d60   0x00000084   Code   RO         6254    i.CPU_IntDisMeasInit  cpu_core.o
    0x08007de4   0x0000001c   Code   RO         6255    i.CPU_IntDisMeasMaxCalc  cpu_core.o
    0x08007e00   0x0000002c   Code   RO         6256    i.CPU_IntDisMeasMaxCurGet  cpu_core.o
    0x08007e2c   0x0000002c   Code   RO         6257    i.CPU_IntDisMeasMaxCurReset  cpu_core.o
    0x08007e58   0x0000002c   Code   RO         6258    i.CPU_IntDisMeasMaxGet  cpu_core.o
    0x08007e84   0x00000034   Code   RO         6259    i.CPU_IntDisMeasStart  cpu_core.o
    0x08007eb8   0x00000054   Code   RO         6260    i.CPU_IntDisMeasStop  cpu_core.o
    0x08007f0c   0x00000038   Code   RO         6261    i.CPU_NameClr       cpu_core.o
    0x08007f44   0x00000008   Code   RO         6263    i.CPU_NameInit      cpu_core.o
    0x08007f4c   0x00000014   Code   RO         6268    i.CPU_TS_Init       cpu_core.o
    0x08007f60   0x0000000c   Code   RO         6270    i.CPU_TS_TmrFreqSet  cpu_core.o
    0x08007f6c   0x00000034   Code   RO         6147    i.CPU_TS_TmrInit    bsp.o
    0x08007fa0   0x0000000c   Code   RO         6148    i.CPU_TS_TmrRd      bsp.o
    0x08007fac   0x00000068   Code   RO         4613    i.Cache_Enable      sys.o
    0x08008014   0x00000052   Code   RO         5264    i.Check_Sum         servo.o
    0x08008066   0x00000002   PAD
    0x08008068   0x000000d4   Code   RO            5    i.Control_Servo     main.o
    0x0800813c   0x00000034   Code   RO         1003    i.DMA_CalcBaseAndBitshift  stm32f7xx_hal_dma.o
    0x08008170   0x000000ba   Code   RO         1004    i.DMA_CheckFifoParam  stm32f7xx_hal_dma.o
    0x0800822a   0x0000002c   Code   RO         1005    i.DMA_SetConfig     stm32f7xx_hal_dma.o
    0x08008256   0x00000002   Code   RO          476    i.DebugMon_Handler  stm32f7xx_it.o
    0x08008258   0x000000b0   Code   RO            6    i.Execution_Instruction_Task  main.o
    0x08008308   0x00000028   Code   RO         2503    i.FMC_NAND_AttributeSpace_Timing_Init  stm32f7xx_ll_fmc.o
    0x08008330   0x00000028   Code   RO         2504    i.FMC_NAND_CommonSpace_Timing_Init  stm32f7xx_ll_fmc.o
    0x08008358   0x00000038   Code   RO         2509    i.FMC_NAND_Init     stm32f7xx_ll_fmc.o
    0x08008390   0x00000074   Code   RO         2518    i.FMC_SDRAM_Init    stm32f7xx_ll_fmc.o
    0x08008404   0x0000000e   Code   RO         2519    i.FMC_SDRAM_ProgramRefreshRate  stm32f7xx_ll_fmc.o
    0x08008412   0x00000052   Code   RO         2520    i.FMC_SDRAM_SendCommand  stm32f7xx_ll_fmc.o
    0x08008464   0x0000009c   Code   RO         2522    i.FMC_SDRAM_Timing_Init  stm32f7xx_ll_fmc.o
    0x08008500   0x00000034   Code   RO         5823    i.FTL_BadBlockMark  ftl.o
    0x08008534   0x0000010c   Code   RO         5824    i.FTL_BlockCompare  ftl.o
    0x08008640   0x0000004c   Code   RO         5825    i.FTL_CheckBadBlock  ftl.o
    0x0800868c   0x0000010c   Code   RO         5826    i.FTL_CopyAndWriteToBlock  ftl.o
    0x08008798   0x000000ec   Code   RO         5827    i.FTL_CreateLUT     ftl.o
    0x08008884   0x00000070   Code   RO         5828    i.FTL_FindSamePlaneUnusedBlock  ftl.o
    0x080088f4   0x00000048   Code   RO         5829    i.FTL_FindUnusedBlock  ftl.o
    0x0800893c   0x000000e4   Code   RO         5830    i.FTL_Format        ftl.o
    0x08008a20   0x00000100   Code   RO         5831    i.FTL_Init          ftl.o
    0x08008b20   0x00000024   Code   RO         5832    i.FTL_LBNToPBN      ftl.o
    0x08008b44   0x00000150   Code   RO         5833    i.FTL_ReadSectors   ftl.o
    0x08008c94   0x00000028   Code   RO         5835    i.FTL_UsedBlockMark  ftl.o
    0x08008cbc   0x00000178   Code   RO         5836    i.FTL_WriteSectors  ftl.o
    0x08008e34   0x00000064   Code   RO         5349    i.GPGGA_DAT         gps.o
    0x08008e98   0x000000c8   Code   RO         5350    i.GPGSA_DAT         gps.o
    0x08008f60   0x00000224   Code   RO         5351    i.GPGSV_DAT         gps.o
    0x08009184   0x000003cc   Code   RO         5352    i.GPRMC_DAT         gps.o
    0x08009550   0x000000d4   Code   RO            7    i.GPS_task          main.o
    0x08009624   0x00000078   Code   RO            8    i.GYROSCOPE_task    main.o
    0x0800969c   0x00000038   Code   RO         5605    i.Get_Adc           adc.o
    0x080096d4   0x000001b4   Code   RO         4124    i.HAL_ADC_ConfigChannel  stm32f7xx_hal_adc.o
    0x08009888   0x00000008   Code   RO         4131    i.HAL_ADC_GetValue  stm32f7xx_hal_adc.o
    0x08009890   0x00000068   Code   RO         4133    i.HAL_ADC_Init      stm32f7xx_hal_adc.o
    0x080098f8   0x00000064   Code   RO         5607    i.HAL_ADC_MspInit   adc.o
    0x0800995c   0x000000ba   Code   RO         4137    i.HAL_ADC_PollForConversion  stm32f7xx_hal_adc.o
    0x08009a16   0x00000002   PAD
    0x08009a18   0x00000100   Code   RO         4139    i.HAL_ADC_Start     stm32f7xx_hal_adc.o
    0x08009b18   0x000000aa   Code   RO         1006    i.HAL_DMA_Abort     stm32f7xx_hal_dma.o
    0x08009bc2   0x00000062   Code   RO         1008    i.HAL_DMA_DeInit    stm32f7xx_hal_dma.o
    0x08009c24   0x000000e8   Code   RO         1012    i.HAL_DMA_Init      stm32f7xx_hal_dma.o
    0x08009d0c   0x0000009e   Code   RO         1016    i.HAL_DMA_Start_IT  stm32f7xx_hal_dma.o
    0x08009daa   0x00000002   PAD
    0x08009dac   0x00000218   Code   RO         1153    i.HAL_GPIO_Init     stm32f7xx_hal_gpio.o
    0x08009fc4   0x00000010   Code   RO         1155    i.HAL_GPIO_ReadPin  stm32f7xx_hal_gpio.o
    0x08009fd4   0x00000008   Code   RO         1156    i.HAL_GPIO_TogglePin  stm32f7xx_hal_gpio.o
    0x08009fdc   0x0000000c   Code   RO         1157    i.HAL_GPIO_WritePin  stm32f7xx_hal_gpio.o
    0x08009fe8   0x0000000c   Code   RO          721    i.HAL_GetTick       stm32f7xx_hal.o
    0x08009ff4   0x00000010   Code   RO          722    i.HAL_IncTick       stm32f7xx_hal.o
    0x0800a004   0x00000028   Code   RO          723    i.HAL_Init          stm32f7xx_hal.o
    0x0800a02c   0x00000028   Code   RO          724    i.HAL_InitTick      stm32f7xx_hal.o
    0x0800a054   0x0000005c   Code   RO          875    i.HAL_MPU_ConfigRegion  stm32f7xx_hal_cortex.o
    0x0800a0b0   0x00000002   Code   RO          726    i.HAL_MspInit       stm32f7xx_hal.o
    0x0800a0b2   0x00000052   Code   RO         4403    i.HAL_NAND_Init     stm32f7xx_hal_nand.o
    0x0800a104   0x000000e0   Code   RO         5926    i.HAL_NAND_MspInit  nand.o
    0x0800a1e4   0x0000001a   Code   RO          878    i.HAL_NVIC_EnableIRQ  stm32f7xx_hal_cortex.o
    0x0800a1fe   0x0000007c   Code   RO          884    i.HAL_NVIC_SetPriority  stm32f7xx_hal_cortex.o
    0x0800a27a   0x00000002   PAD
    0x0800a27c   0x00000028   Code   RO          885    i.HAL_NVIC_SetPriorityGrouping  stm32f7xx_hal_cortex.o
    0x0800a2a4   0x00000090   Code   RO         1346    i.HAL_PWREx_EnableOverDrive  stm32f7xx_hal_pwr_ex.o
    0x0800a334   0x000000a6   Code   RO         3739    i.HAL_QSPI_Command  stm32f7xx_hal_qspi.o
    0x0800a3da   0x00000002   PAD
    0x0800a3dc   0x000000d8   Code   RO         3748    i.HAL_QSPI_Init     stm32f7xx_hal_qspi.o
    0x0800a4b4   0x000000bc   Code   RO         5650    i.HAL_QSPI_MspInit  qspi.o
    0x0800a570   0x000000e2   Code   RO         3752    i.HAL_QSPI_Receive  stm32f7xx_hal_qspi.o
    0x0800a652   0x00000004   Code   RO         3758    i.HAL_QSPI_SetTimeout  stm32f7xx_hal_qspi.o
    0x0800a656   0x000000d2   Code   RO         3761    i.HAL_QSPI_Transmit  stm32f7xx_hal_qspi.o
    0x0800a728   0x000001b4   Code   RO         1433    i.HAL_RCC_ClockConfig  stm32f7xx_hal_rcc.o
    0x0800a8dc   0x0000000c   Code   RO         1438    i.HAL_RCC_GetHCLKFreq  stm32f7xx_hal_rcc.o
    0x0800a8e8   0x0000002c   Code   RO         1440    i.HAL_RCC_GetPCLK1Freq  stm32f7xx_hal_rcc.o
    0x0800a914   0x0000002c   Code   RO         1441    i.HAL_RCC_GetPCLK2Freq  stm32f7xx_hal_rcc.o
    0x0800a940   0x000000b4   Code   RO         1442    i.HAL_RCC_GetSysClockFreq  stm32f7xx_hal_rcc.o
    0x0800a9f4   0x000004d0   Code   RO         1537    i.HAL_RCC_OscConfig  stm32f7xx_hal_rcc_ex.o
    0x0800aec4   0x00000040   Code   RO         2659    i.HAL_SDRAM_Init    stm32f7xx_hal_sdram.o
    0x0800af04   0x0000011c   Code   RO         5176    i.HAL_SDRAM_MspInit  sdram.o
    0x0800b020   0x00000028   Code   RO         2662    i.HAL_SDRAM_ProgramRefreshRate  stm32f7xx_hal_sdram.o
    0x0800b048   0x0000003a   Code   RO         2668    i.HAL_SDRAM_SendCommand  stm32f7xx_hal_sdram.o
    0x0800b082   0x00000028   Code   RO          887    i.HAL_SYSTICK_CLKSourceConfig  stm32f7xx_hal_cortex.o
    0x0800b0aa   0x00000034   Code   RO          889    i.HAL_SYSTICK_Config  stm32f7xx_hal_cortex.o
    0x0800b0de   0x0000002e   Code   RO         2811    i.HAL_TIM_Base_Init  stm32f7xx_hal_tim.o
    0x0800b10c   0x00000002   Code   RO         2813    i.HAL_TIM_Base_MspInit  stm32f7xx_hal_tim.o
    0x0800b10e   0x0000001e   Code   RO         2816    i.HAL_TIM_Base_Start_IT  stm32f7xx_hal_tim.o
    0x0800b12c   0x00000064   Code   RO         1589    i.HAL_UART_DMAStop  stm32f7xx_hal_uart.o
    0x0800b190   0x00000002   Code   RO         1591    i.HAL_UART_ErrorCallback  stm32f7xx_hal_uart.o
    0x0800b192   0x00000078   Code   RO         1595    i.HAL_UART_Init     stm32f7xx_hal_uart.o
    0x0800b20a   0x00000002   PAD
    0x0800b20c   0x000001d4   Code   RO         4668    i.HAL_UART_MspInit  usart.o
    0x0800b3e0   0x00000112   Code   RO         1598    i.HAL_UART_Receive  stm32f7xx_hal_uart.o
    0x0800b4f2   0x00000002   PAD
    0x0800b4f4   0x000000a0   Code   RO         1604    i.HAL_UART_Transmit_DMA  stm32f7xx_hal_uart.o
    0x0800b594   0x00000002   Code   RO         1606    i.HAL_UART_TxCpltCallback  stm32f7xx_hal_uart.o
    0x0800b596   0x00000002   Code   RO         1607    i.HAL_UART_TxHalfCpltCallback  stm32f7xx_hal_uart.o
    0x0800b598   0x00000004   Code   RO          477    i.HardFault_Handler  stm32f7xx_it.o
    0x0800b59c   0x00000054   Code   RO         5539    i.IIC_Ack           myiic.o
    0x0800b5f0   0x00000084   Code   RO         5540    i.IIC_Init          myiic.o
    0x0800b674   0x00000054   Code   RO         5541    i.IIC_NAck          myiic.o
    0x0800b6c8   0x0000006c   Code   RO         5542    i.IIC_Read_Byte     myiic.o
    0x0800b734   0x0000007c   Code   RO         5543    i.IIC_Send_Byte     myiic.o
    0x0800b7b0   0x00000054   Code   RO         5544    i.IIC_Start         myiic.o
    0x0800b804   0x00000054   Code   RO         5545    i.IIC_Stop          myiic.o
    0x0800b858   0x00000068   Code   RO         5546    i.IIC_Wait_Ack      myiic.o
    0x0800b8c0   0x0000004c   Code   RO         4769    i.LED_Init          led.o
    0x0800b90c   0x000000d8   Code   RO         5440    i.MPU9250_Init      mpu9250.o
    0x0800b9e4   0x00000050   Code   RO         5441    i.MPU_Get_Accelerometer  mpu9250.o
    0x0800ba34   0x00000050   Code   RO         5442    i.MPU_Get_Gyroscope  mpu9250.o
    0x0800ba84   0x00000068   Code   RO         5444    i.MPU_Get_Temperature  mpu9250.o
    0x0800baec   0x00000034   Code   RO         5400    i.MPU_Memory_Protection  mpu.o
    0x0800bb20   0x00000048   Code   RO         5445    i.MPU_Read_Byte     mpu9250.o
    0x0800bb68   0x00000074   Code   RO         5446    i.MPU_Read_Len      mpu9250.o
    0x0800bbdc   0x00000012   Code   RO         5447    i.MPU_Set_Accel_Fsr  mpu9250.o
    0x0800bbee   0x00000016   Code   RO         5448    i.MPU_Set_Gyro_Fsr  mpu9250.o
    0x0800bc04   0x0000003c   Code   RO         5449    i.MPU_Set_LPF       mpu9250.o
    0x0800bc40   0x00000090   Code   RO         5401    i.MPU_Set_Protection  mpu.o
    0x0800bcd0   0x0000003c   Code   RO         5450    i.MPU_Set_Rate      mpu9250.o
    0x0800bd0c   0x0000004c   Code   RO         5451    i.MPU_Write_Byte    mpu9250.o
    0x0800bd58   0x00000060   Code   RO         5452    i.MPU_Write_Len     mpu9250.o
    0x0800bdb8   0x0000007c   Code   RO         5228    i.MYDMA_Config      dma.o
    0x0800be34   0x00000044   Code   RO         5608    i.MY_ADC_Init       adc.o
    0x0800be78   0x0000009c   Code   RO         5402    i.MemManage_Handler  mpu.o
    0x0800bf14   0x00000012   Code   RO         6714    i.Mem_Clr           lib_mem.o
    0x0800bf26   0x00000054   Code   RO         6741    i.Mem_Set           lib_mem.o
    0x0800bf7a   0x00000002   PAD
    0x0800bf7c   0x00000208   Code   RO         5927    i.NAND_CopyPageWithWrite  nand.o
    0x0800c184   0x000000c0   Code   RO         5928    i.NAND_CopyPageWithoutWrite  nand.o
    0x0800c244   0x00000012   Code   RO         5929    i.NAND_Delay        nand.o
    0x0800c256   0x00000002   PAD
    0x0800c258   0x000000c4   Code   RO         5930    i.NAND_ECC_Correction  nand.o
    0x0800c31c   0x0000003a   Code   RO         5931    i.NAND_ECC_Get_OE   nand.o
    0x0800c356   0x00000002   PAD
    0x0800c358   0x0000005c   Code   RO         5932    i.NAND_EraseBlock   nand.o
    0x0800c3b4   0x000000e8   Code   RO         5934    i.NAND_Init         nand.o
    0x0800c49c   0x00000084   Code   RO         5935    i.NAND_MPU_Config   nand.o
    0x0800c520   0x00000038   Code   RO         5936    i.NAND_ModeSet      nand.o
    0x0800c558   0x00000060   Code   RO         5937    i.NAND_ReadID       nand.o
    0x0800c5b8   0x0000029c   Code   RO         5938    i.NAND_ReadPage     nand.o
    0x0800c854   0x00000090   Code   RO         5939    i.NAND_ReadPageComp  nand.o
    0x0800c8e4   0x00000040   Code   RO         5940    i.NAND_ReadSpare    nand.o
    0x0800c924   0x00000050   Code   RO         5941    i.NAND_ReadStatus   nand.o
    0x0800c974   0x0000001c   Code   RO         5942    i.NAND_Reset        nand.o
    0x0800c990   0x00000038   Code   RO         5943    i.NAND_WaitForReady  nand.o
    0x0800c9c8   0x0000003c   Code   RO         5944    i.NAND_WaitRB       nand.o
    0x0800ca04   0x00000184   Code   RO         5945    i.NAND_WritePage    nand.o
    0x0800cb88   0x00000064   Code   RO         5946    i.NAND_WritePageConst  nand.o
    0x0800cbec   0x00000040   Code   RO         5947    i.NAND_WriteSpare   nand.o
    0x0800cc2c   0x00000002   Code   RO          478    i.NMI_Handler       stm32f7xx_it.o
    0x0800cc2e   0x00000002   PAD
    0x0800cc30   0x00000010   Code   RO          891    i.NVIC_GetPriorityGrouping  stm32f7xx_hal_cortex.o
    0x0800cc40   0x00000028   Code   RO          892    i.NVIC_SetPriority  stm32f7xx_hal_cortex.o
    0x0800cc68   0x00000028   Code   RO            9    i.ORDER_SERVO_Task  main.o
    0x0800cc90   0x00000002   Code   RO         6896    i.OSCfg_Init        os_cfg_app.o
    0x0800cc92   0x00000002   PAD
    0x0800cc94   0x00000014   Code   RO         7953    i.OSIdleTaskHook    os_cpu_c.o
    0x0800cca8   0x0000014c   Code   RO         6919    i.OSInit            os_core.o
    0x0800cdf4   0x00000028   Code   RO         7954    i.OSInitHook        os_cpu_c.o
    0x0800ce1c   0x0000002c   Code   RO         6920    i.OSIntEnter        os_core.o
    0x0800ce48   0x000000dc   Code   RO         6921    i.OSIntExit         os_core.o
    0x0800cf24   0x0000006c   Code   RO         7288    i.OSMutexCreate     os_mutex.o
    0x0800cf90   0x000001ec   Code   RO         7289    i.OSMutexPend       os_mutex.o
    0x0800d17c   0x0000017c   Code   RO         7290    i.OSMutexPost       os_mutex.o
    0x0800d2f8   0x000000a4   Code   RO         6922    i.OSSched           os_core.o
    0x0800d39c   0x00000064   Code   RO         6923    i.OSSchedLock       os_core.o
    0x0800d400   0x00000088   Code   RO         6924    i.OSSchedUnlock     os_core.o
    0x0800d488   0x00000068   Code   RO         7499    i.OSSemCreate       os_sem.o
    0x0800d4f0   0x00000188   Code   RO         7501    i.OSSemPend         os_sem.o
    0x0800d678   0x0000003c   Code   RO         7503    i.OSSemPost         os_sem.o
    0x0800d6b4   0x00000068   Code   RO         6925    i.OSStart           os_core.o
    0x0800d71c   0x00000148   Code   RO         7571    i.OSStatReset       os_stat.o
    0x0800d864   0x00000100   Code   RO         7572    i.OSStatTaskCPUUsageInit  os_stat.o
    0x0800d964   0x00000014   Code   RO         7955    i.OSStatTaskHook    os_cpu_c.o
    0x0800d978   0x00000144   Code   RO         7602    i.OSTaskCreate      os_task.o
    0x0800dabc   0x00000018   Code   RO         7956    i.OSTaskCreateHook  os_cpu_c.o
    0x0800dad4   0x0000019c   Code   RO         7603    i.OSTaskDel         os_task.o
    0x0800dc70   0x00000018   Code   RO         7957    i.OSTaskDelHook     os_cpu_c.o
    0x0800dc88   0x00000036   Code   RO         7611    i.OSTaskResume      os_task.o
    0x0800dcbe   0x00000002   PAD
    0x0800dcc0   0x00000018   Code   RO         7958    i.OSTaskReturnHook  os_cpu_c.o
    0x0800dcd8   0x000001c8   Code   RO         7612    i.OSTaskSemPend     os_task.o
    0x0800dea0   0x00000024   Code   RO         7614    i.OSTaskSemPost     os_task.o
    0x0800dec4   0x000000bc   Code   RO         7616    i.OSTaskStkChk      os_task.o
    0x0800df80   0x000002c4   Code   RO         7959    i.OSTaskStkInit     os_cpu_c.o
    0x0800e244   0x00000024   Code   RO         7617    i.OSTaskSuspend     os_task.o
    0x0800e268   0x000000ac   Code   RO         7960    i.OSTaskSwHook      os_cpu_c.o
    0x0800e314   0x000000b0   Code   RO         7815    i.OSTimeDly         os_time.o
    0x0800e3c4   0x00000114   Code   RO         7816    i.OSTimeDlyHMSM     os_time.o
    0x0800e4d8   0x00000044   Code   RO         7819    i.OSTimeTick        os_time.o
    0x0800e51c   0x00000014   Code   RO         7961    i.OSTimeTickHook    os_cpu_c.o
    0x0800e530   0x000001a8   Code   RO         7123    i.OS_Dbg_Init       os_dbg.o
    0x0800e6d8   0x00000018   Code   RO         7146    i.OS_FlagInit       os_flag.o
    0x0800e6f0   0x0000004c   Code   RO         6927    i.OS_IdleTask       os_core.o
    0x0800e73c   0x00000070   Code   RO         6928    i.OS_IdleTaskInit   os_core.o
    0x0800e7ac   0x00000018   Code   RO         7220    i.OS_MemInit        os_mem.o
    0x0800e7c4   0x0000005c   Code   RO         7252    i.OS_MsgPoolInit    os_msg.o
    0x0800e820   0x00000044   Code   RO         7253    i.OS_MsgQFreeAll    os_msg.o
    0x0800e864   0x0000000e   Code   RO         7255    i.OS_MsgQInit       os_msg.o
    0x0800e872   0x00000002   PAD
    0x0800e874   0x00000030   Code   RO         7292    i.OS_MutexDbgListAdd  os_mutex.o
    0x0800e8a4   0x00000008   Code   RO         7294    i.OS_MutexGrpAdd    os_mutex.o
    0x0800e8ac   0x00000060   Code   RO         7295    i.OS_MutexGrpPostAll  os_mutex.o
    0x0800e90c   0x0000002c   Code   RO         7296    i.OS_MutexGrpPrioFindHighest  os_mutex.o
    0x0800e938   0x0000001c   Code   RO         7297    i.OS_MutexGrpRemove  os_mutex.o
    0x0800e954   0x00000018   Code   RO         7298    i.OS_MutexInit      os_mutex.o
    0x0800e96c   0x00000068   Code   RO         6929    i.OS_Pend           os_core.o
    0x0800e9d4   0x00000028   Code   RO         6932    i.OS_PendDataInit   os_core.o
    0x0800e9fc   0x0000005c   Code   RO         6933    i.OS_PendDbgNameAdd  os_core.o
    0x0800ea58   0x00000024   Code   RO         6934    i.OS_PendDbgNameRemove  os_core.o
    0x0800ea7c   0x0000003a   Code   RO         6935    i.OS_PendListChangePrio  os_core.o
    0x0800eab6   0x0000000a   Code   RO         6936    i.OS_PendListInit   os_core.o
    0x0800eac0   0x00000066   Code   RO         6938    i.OS_PendListInsertPrio  os_core.o
    0x0800eb26   0x00000034   Code   RO         6939    i.OS_PendListRemove  os_core.o
    0x0800eb5a   0x00000042   Code   RO         6940    i.OS_PendListRemove1  os_core.o
    0x0800eb9c   0x000000d6   Code   RO         6943    i.OS_Post           os_core.o
    0x0800ec72   0x0000002c   Code   RO         6944    i.OS_Post1          os_core.o
    0x0800ec9e   0x00000002   PAD
    0x0800eca0   0x00000028   Code   RO         7390    i.OS_PrioGetHighest  os_prio.o
    0x0800ecc8   0x00000018   Code   RO         7391    i.OS_PrioInit       os_prio.o
    0x0800ece0   0x00000024   Code   RO         7392    i.OS_PrioInsert     os_prio.o
    0x0800ed04   0x00000024   Code   RO         7393    i.OS_PrioRemove     os_prio.o
    0x0800ed28   0x00000018   Code   RO         7436    i.OS_QInit          os_q.o
    0x0800ed40   0x00000024   Code   RO         6945    i.OS_RdyListInit    os_core.o
    0x0800ed64   0x0000002c   Code   RO         6946    i.OS_RdyListInsert  os_core.o
    0x0800ed90   0x00000040   Code   RO         6947    i.OS_RdyListInsertHead  os_core.o
    0x0800edd0   0x0000003c   Code   RO         6948    i.OS_RdyListInsertTail  os_core.o
    0x0800ee0c   0x0000005c   Code   RO         6950    i.OS_RdyListRemove  os_core.o
    0x0800ee68   0x00000030   Code   RO         7506    i.OS_SemDbgListAdd  os_sem.o
    0x0800ee98   0x00000018   Code   RO         7508    i.OS_SemInit        os_sem.o
    0x0800eeb0   0x0000013e   Code   RO         7509    i.OS_SemPost        os_sem.o
    0x0800efee   0x00000002   PAD
    0x0800eff0   0x00000324   Code   RO         7573    i.OS_StatTask       os_stat.o
    0x0800f314   0x000000cc   Code   RO         7574    i.OS_StatTaskInit   os_stat.o
    0x0800f3e0   0x0000002c   Code   RO         6951    i.OS_TaskBlock      os_core.o
    0x0800f40c   0x000000ec   Code   RO         7618    i.OS_TaskChangePrio  os_task.o
    0x0800f4f8   0x00000030   Code   RO         7619    i.OS_TaskDbgListAdd  os_task.o
    0x0800f528   0x00000044   Code   RO         7620    i.OS_TaskDbgListRemove  os_task.o
    0x0800f56c   0x00000020   Code   RO         7621    i.OS_TaskInit       os_task.o
    0x0800f58c   0x000000c4   Code   RO         7622    i.OS_TaskInitTCB    os_task.o
    0x0800f650   0x0000011c   Code   RO         7624    i.OS_TaskResume     os_task.o
    0x0800f76c   0x00000018   Code   RO         7625    i.OS_TaskReturn     os_task.o
    0x0800f784   0x000001f0   Code   RO         7626    i.OS_TaskSemPost    os_task.o
    0x0800f974   0x00000138   Code   RO         7627    i.OS_TaskSuspend    os_task.o
    0x0800faac   0x00000086   Code   RO         7769    i.OS_TickListInsert  os_tick.o
    0x0800fb32   0x00000002   PAD
    0x0800fb34   0x000000bc   Code   RO         7770    i.OS_TickListInsertDly  os_tick.o
    0x0800fbf0   0x00000058   Code   RO         7771    i.OS_TickListRemove  os_tick.o
    0x0800fc48   0x000000a0   Code   RO         7772    i.OS_TickListUpdateDly  os_tick.o
    0x0800fce8   0x0000011c   Code   RO         7773    i.OS_TickListUpdateTimeout  os_tick.o
    0x0800fe04   0x0000006c   Code   RO         7774    i.OS_TickTask       os_tick.o
    0x0800fe70   0x000000c8   Code   RO         7775    i.OS_TickTaskInit   os_tick.o
    0x0800ff38   0x00000134   Code   RO         7860    i.OS_TmrInit        os_tmr.o
    0x0801006c   0x00000018   Code   RO         7861    i.OS_TmrLock        os_tmr.o
    0x08010084   0x00000094   Code   RO         7862    i.OS_TmrTask        os_tmr.o
    0x08010118   0x00000044   Code   RO         7863    i.OS_TmrUnlink      os_tmr.o
    0x0801015c   0x00000014   Code   RO         7864    i.OS_TmrUnlock      os_tmr.o
    0x08010170   0x00000354   Code   RO           10    i.PC_RECEIVE_task   main.o
    0x080104c4   0x0000007c   Code   RO           11    i.POWER_VOLTAGE_Task  main.o
    0x08010540   0x000001e8   Code   RO         3766    i.QSPI_Config       stm32f7xx_hal_qspi.o
    0x08010728   0x0000004c   Code   RO         5651    i.QSPI_Init         qspi.o
    0x08010774   0x00000028   Code   RO         5652    i.QSPI_Receive      qspi.o
    0x0801079c   0x0000004c   Code   RO         5653    i.QSPI_Send_CMD     qspi.o
    0x080107e8   0x00000028   Code   RO         5654    i.QSPI_Transmit     qspi.o
    0x08010810   0x0000004c   Code   RO         3773    i.QSPI_WaitFlagStateUntilTimeout  stm32f7xx_hal_qspi.o
    0x0801085c   0x00000012   Code   RO         5266    i.ReadServo_Position  servo.o
    0x0801086e   0x00000002   PAD
    0x08010870   0x0000009c   Code   RO         4616    i.SCB_EnableDCache  sys.o
    0x0801090c   0x000000ac   Code   RO         5177    i.SDRAM_Init        sdram.o
    0x080109b8   0x00000048   Code   RO         5178    i.SDRAM_Send_Cmd    sdram.o
    0x08010a00   0x00000130   Code   RO           12    i.SERVO_RECEIVE_task  main.o
    0x08010b30   0x0000003e   Code   RO           13    i.SERVO_task        main.o
    0x08010b6e   0x00000002   Code   RO          479    i.SVC_Handler       stm32f7xx_it.o
    0x08010b70   0x0000006c   Code   RO         5267    i.SYNC_Write_Buff   servo.o
    0x08010bdc   0x00000008   Code   RO         5270    i.Split_Number      servo.o
    0x08010be4   0x000000b4   Code   RO         4617    i.Stm32_Clock_Init  sys.o
    0x08010c98   0x00000020   Code   RO         4550    i.SysTick_Handler   delay.o
    0x08010cb8   0x00000064   Code   RO          540    i.SystemInit        system_stm32f7xx.o
    0x08010d1c   0x00000044   Code   RO        10189    i.TIM4_IRQHandler   usmart.o
    0x08010d60   0x000000e4   Code   RO         2895    i.TIM_Base_SetConfig  stm32f7xx_hal_tim.o
    0x08010e44   0x0000005c   Code   RO        10190    i.Timer4_Init       usmart.o
    0x08010ea0   0x00000010   Code   RO         5271    i.Together_Number   servo.o
    0x08010eb0   0x00000088   Code   RO         4669    i.UART7_IRQHandler  usart.o
    0x08010f38   0x000000ea   Code   RO         1608    i.UART_AdvFeatureConfig  stm32f7xx_hal_uart.o
    0x08011022   0x00000074   Code   RO         1609    i.UART_CheckIdleState  stm32f7xx_hal_uart.o
    0x08011096   0x0000004e   Code   RO         1611    i.UART_DMAError     stm32f7xx_hal_uart.o
    0x080110e4   0x00000038   Code   RO         1614    i.UART_DMATransmitCplt  stm32f7xx_hal_uart.o
    0x0801111c   0x0000000e   Code   RO         1615    i.UART_DMATxHalfCplt  stm32f7xx_hal_uart.o
    0x0801112a   0x00000020   Code   RO         1616    i.UART_EndRxTransfer  stm32f7xx_hal_uart.o
    0x0801114a   0x00000014   Code   RO         1618    i.UART_EndTxTransfer  stm32f7xx_hal_uart.o
    0x0801115e   0x00000002   PAD
    0x08011160   0x0000038c   Code   RO         1620    i.UART_SetConfig    stm32f7xx_hal_uart.o
    0x080114ec   0x0000006c   Code   RO         1622    i.UART_WaitOnFlagUntilTimeout  stm32f7xx_hal_uart.o
    0x08011558   0x0000006c   Code   RO         4670    i.USART1_IRQHandler  usart.o
    0x080115c4   0x0000006c   Code   RO         4671    i.USART2_IRQHandler  usart.o
    0x08011630   0x00000004   Code   RO          480    i.UsageFault_Handler  stm32f7xx_it.o
    0x08011634   0x00000078   Code   RO         5706    i.W25QXX_Init       w25qxx.o
    0x080116ac   0x00000044   Code   RO         5708    i.W25QXX_Qspi_Enable  w25qxx.o
    0x080116f0   0x00000060   Code   RO         5710    i.W25QXX_ReadID     w25qxx.o
    0x08011750   0x00000074   Code   RO         5711    i.W25QXX_ReadSR     w25qxx.o
    0x080117c4   0x0000003c   Code   RO         5715    i.W25QXX_Write_Enable  w25qxx.o
    0x08011800   0x0000006c   Code   RO         5718    i.W25QXX_Write_SR   w25qxx.o
    0x0801186c   0x000000c0   Code   RO         5229    i.Watit_Sendcomplete  dma.o
    0x0801192c   0x0000007c   Code   RO         5272    i.Write_Buff        servo.o
    0x080119a8   0x000000ca   Code   RO         8783    i._MLPrintLog       log_stm32.o
    0x08011a72   0x00000030   Code   RO        11138    i.__ARM_fpclassify  m_wv.l(fpclassify.o)
    0x08011aa2   0x00000026   Code   RO        11140    i.__ARM_fpclassifyf  m_wv.l(fpclassifyf.o)
    0x08011ac8   0x00000124   Code   RO        10852    i.__hardfp_acosf    m_wv.l(acosf.o)
    0x08011bec   0x00000258   Code   RO        10916    i.__hardfp_atan2f   m_wv.l(atan2f.o)
    0x08011e44   0x00000004   PAD
    0x08011e48   0x000000b0   Code   RO        10934    i.__hardfp_cos      m_wv.l(cos.o)
    0x08011ef8   0x00000150   Code   RO        10946    i.__hardfp_cosf     m_wv.l(cosf.o)
    0x08012048   0x00000014   Code   RO        10958    i.__hardfp_fabs     m_wv.l(fabs.o)
    0x0801205c   0x00000004   PAD
    0x08012060   0x0000023c   Code   RO        10970    i.__hardfp_log      m_wv.l(log.o)
    0x0801229c   0x00000194   Code   RO        11010    i.__hardfp_sinf     m_wv.l(sinf.o)
    0x08012430   0x00000066   Code   RO        11022    i.__hardfp_sqrt     m_wv.l(sqrt.o)
    0x08012496   0x0000003a   Code   RO        11034    i.__hardfp_sqrtf    m_wv.l(sqrtf.o)
    0x080124d0   0x00000310   Code   RO        11159    i.__ieee754_rem_pio2  m_wv.l(rred.o)
    0x080127e0   0x000000e0   Code   RO        11121    i.__kernel_cos      m_wv.l(cos_i.o)
    0x080128c0   0x00000070   Code   RO        11156    i.__kernel_poly     m_wv.l(poly.o)
    0x08012930   0x000000a8   Code   RO        11167    i.__kernel_sin      m_wv.l(sin_i.o)
    0x080129d8   0x00000020   Code   RO        11124    i.__mathlib_dbl_divzero  m_wv.l(dunder.o)
    0x080129f8   0x00000006   Code   RO        11125    i.__mathlib_dbl_infnan  m_wv.l(dunder.o)
    0x080129fe   0x00000002   PAD
    0x08012a00   0x00000018   Code   RO        11127    i.__mathlib_dbl_invalid  m_wv.l(dunder.o)
    0x08012a18   0x00000018   Code   RO        11130    i.__mathlib_dbl_underflow  m_wv.l(dunder.o)
    0x08012a30   0x00000006   Code   RO        11143    i.__mathlib_flt_infnan  m_wv.l(funder.o)
    0x08012a36   0x00000006   Code   RO        11144    i.__mathlib_flt_infnan2  m_wv.l(funder.o)
    0x08012a3c   0x00000010   Code   RO        11145    i.__mathlib_flt_invalid  m_wv.l(funder.o)
    0x08012a4c   0x00000010   Code   RO        11148    i.__mathlib_flt_underflow  m_wv.l(funder.o)
    0x08012a5c   0x00000154   Code   RO        11164    i.__mathlib_rredf2  m_wv.l(rredf.o)
    0x08012bb0   0x00000034   Code   RO         9838    i.__print_result_location  mpl.o
    0x08012be4   0x0000000e   Code   RO        10761    i._is_digit         c_w.l(__printf_wp.o)
    0x08012bf2   0x00000004   Code   RO         4672    i._sys_exit         usart.o
    0x08012bf6   0x00000002   PAD
    0x08012bf8   0x00000580   Code   RO         8125    i.accel_6500_self_test  inv_mpu.o
    0x08013178   0x0000014c   Code   RO         8126    i.compass_self_test  inv_mpu.o
    0x080132c4   0x00000064   Code   RO         8589    i.decode_gesture    inv_mpu_dmp_motion_driver.o
    0x08013328   0x0000005c   Code   RO         4551    i.delay_init        delay.o
    0x08013384   0x00000050   Code   RO         4552    i.delay_ms          delay.o
    0x080133d4   0x0000000a   Code   RO         4553    i.delay_osschedlock  delay.o
    0x080133de   0x0000000a   Code   RO         4554    i.delay_osschedunlock  delay.o
    0x080133e8   0x00000010   Code   RO         4555    i.delay_ostimedly   delay.o
    0x080133f8   0x00000058   Code   RO         4556    i.delay_us          delay.o
    0x08013450   0x0000003c   Code   RO         8590    i.dmp_enable_6x_lp_quat  inv_mpu_dmp_motion_driver.o
    0x0801348c   0x0000021c   Code   RO         8591    i.dmp_enable_feature  inv_mpu_dmp_motion_driver.o
    0x080136a8   0x00000058   Code   RO         8592    i.dmp_enable_gyro_cal  inv_mpu_dmp_motion_driver.o
    0x08013700   0x0000003c   Code   RO         8593    i.dmp_enable_lp_quat  inv_mpu_dmp_motion_driver.o
    0x0801373c   0x00000018   Code   RO         8598    i.dmp_load_motion_driver_firmware  inv_mpu_dmp_motion_driver.o
    0x08013754   0x000001cc   Code   RO         8599    i.dmp_read_fifo     inv_mpu_dmp_motion_driver.o
    0x08013920   0x00000130   Code   RO         8602    i.dmp_set_accel_bias  inv_mpu_dmp_motion_driver.o
    0x08013a50   0x00000070   Code   RO         8603    i.dmp_set_fifo_rate  inv_mpu_dmp_motion_driver.o
    0x08013ac0   0x00000130   Code   RO         8604    i.dmp_set_gyro_bias  inv_mpu_dmp_motion_driver.o
    0x08013bf0   0x00000138   Code   RO         8606    i.dmp_set_orientation  inv_mpu_dmp_motion_driver.o
    0x08013d28   0x00000038   Code   RO         8609    i.dmp_set_shake_reject_thresh  inv_mpu_dmp_motion_driver.o
    0x08013d60   0x00000026   Code   RO         8610    i.dmp_set_shake_reject_time  inv_mpu_dmp_motion_driver.o
    0x08013d86   0x00000026   Code   RO         8611    i.dmp_set_shake_reject_timeout  inv_mpu_dmp_motion_driver.o
    0x08013dac   0x00000046   Code   RO         8612    i.dmp_set_tap_axes  inv_mpu_dmp_motion_driver.o
    0x08013df2   0x00000026   Code   RO         8613    i.dmp_set_tap_count  inv_mpu_dmp_motion_driver.o
    0x08013e18   0x000001c0   Code   RO         8614    i.dmp_set_tap_thresh  inv_mpu_dmp_motion_driver.o
    0x08013fd8   0x00000026   Code   RO         8615    i.dmp_set_tap_time  inv_mpu_dmp_motion_driver.o
    0x08013ffe   0x00000026   Code   RO         8616    i.dmp_set_tap_time_multi  inv_mpu_dmp_motion_driver.o
    0x08014024   0x00000018   Code   RO        10960    i.fabs              m_wv.l(fabs.o)
    0x0801403c   0x0000001c   Code   RO         4673    i.fputc             usart.o
    0x08014058   0x0000064c   Code   RO         8127    i.get_st_6500_biases  inv_mpu.o
    0x080146a4   0x00000530   Code   RO         8129    i.gyro_6500_self_test  inv_mpu.o
    0x08014bd4   0x0000006a   Code   RO         8905    i.inv_apply_calibration  data_builder.o
    0x08014c3e   0x00000002   PAD
    0x08014c40   0x0000008c   Code   RO         8906    i.inv_build_accel   data_builder.o
    0x08014ccc   0x000000b0   Code   RO         8907    i.inv_build_compass  data_builder.o
    0x08014d7c   0x00000038   Code   RO         8908    i.inv_build_gyro    data_builder.o
    0x08014db4   0x0000002c   Code   RO         8910    i.inv_build_temp    data_builder.o
    0x08014de0   0x000000b0   Code   RO         9481    i.inv_compass_angle  ml_math_func.o
    0x08014e90   0x00000072   Code   RO         9483    i.inv_convert_to_body_with_scale  ml_math_func.o
    0x08014f02   0x00000002   PAD
    0x08014f04   0x00000050   Code   RO         8912    i.inv_db_load_func  data_builder.o
    0x08014f54   0x00000018   Code   RO         8913    i.inv_db_save_func  data_builder.o
    0x08014f6c   0x00000010   Code   RO         8914    i.inv_disable_compass_soft_iron_matrix  data_builder.o
    0x08014f7c   0x0000001c   Code   RO         8817    i.inv_enable_eMPL_outputs  empl_outputs.o
    0x08014f98   0x00000020   Code   RO         9876    i.inv_enable_results_holder  results_holder.o
    0x08014fb8   0x0000002c   Code   RO        10111    i.inv_execute_mpl_start_notification  start_manager.o
    0x08014fe4   0x000000a0   Code   RO         8916    i.inv_execute_on_data  data_builder.o
    0x08015084   0x000000f0   Code   RO         8818    i.inv_generate_eMPL_outputs  empl_outputs.o
    0x08015174   0x00000010   Code   RO         9877    i.inv_generate_results  results_holder.o
    0x08015184   0x00000018   Code   RO         9878    i.inv_get_6axis_quaternion  results_holder.o
    0x0801519c   0x0000000c   Code   RO         9879    i.inv_get_acc_state  results_holder.o
    0x080151a8   0x0000000c   Code   RO         8917    i.inv_get_accel_accuracy  data_builder.o
    0x080151b4   0x00000010   Code   RO         8919    i.inv_get_accel_on  data_builder.o
    0x080151c4   0x0000002c   Code   RO         8923    i.inv_get_accel_set  data_builder.o
    0x080151f0   0x00000018   Code   RO         8924    i.inv_get_compass_bias  data_builder.o
    0x08015208   0x00000018   Code   RO         9883    i.inv_get_compass_correction  results_holder.o
    0x08015220   0x00000010   Code   RO         8926    i.inv_get_compass_on  data_builder.o
    0x08015230   0x0000001c   Code   RO         8933    i.inv_get_compass_soft_iron_output_data  data_builder.o
    0x0801524c   0x0000000c   Code   RO         9884    i.inv_get_compass_state  results_holder.o
    0x08015258   0x00000060   Code   RO         9885    i.inv_get_gravity   results_holder.o
    0x080152b8   0x00000010   Code   RO         8934    i.inv_get_gyro      data_builder.o
    0x080152c8   0x0000000c   Code   RO         8935    i.inv_get_gyro_accuracy  data_builder.o
    0x080152d4   0x00000024   Code   RO         8936    i.inv_get_gyro_bias  data_builder.o
    0x080152f8   0x00000020   Code   RO         8937    i.inv_get_gyro_bias_tc_set  data_builder.o
    0x08015318   0x00000010   Code   RO         8938    i.inv_get_gyro_on   data_builder.o
    0x08015328   0x0000001c   Code   RO         9487    i.inv_get_gyro_sum_of_sqr  ml_math_func.o
    0x08015344   0x0000000c   Code   RO         9888    i.inv_get_large_mag_field  results_holder.o
    0x08015350   0x00000068   Code   RO         8944    i.inv_get_last_timestamp  data_builder.o
    0x080153b8   0x0000003c   Code   RO         9889    i.inv_get_linear_accel  results_holder.o
    0x080153f4   0x00000044   Code   RO         9890    i.inv_get_linear_accel_float  results_holder.o
    0x08015438   0x00000010   Code   RO         9891    i.inv_get_local_field  results_holder.o
    0x08015448   0x0000001c   Code   RO         8945    i.inv_get_mag_accuracy  data_builder.o
    0x08015464   0x00000014   Code   RO         9893    i.inv_get_motion_state  results_holder.o
    0x08015478   0x0000003c   Code   RO         9894    i.inv_get_quaternion  results_holder.o
    0x080154b4   0x00000044   Code   RO         9896    i.inv_get_quaternion_set  results_holder.o
    0x080154f8   0x00000268   Code   RO         8821    i.inv_get_sensor_type_euler  empl_outputs.o
    0x08015760   0x00000070   Code   RO         9357    i.inv_get_sensor_type_gravity  hal_outputs.o
    0x080157d0   0x0000000c   Code   RO         9898    i.inv_got_compass_bias  results_holder.o
    0x080157dc   0x0000003c   Code   RO         8948    i.inv_init_data_builder  data_builder.o
    0x08015818   0x00000014   Code   RO         8826    i.inv_init_eMPL_outputs  empl_outputs.o
    0x0801582c   0x00000084   Code   RO         9840    i.inv_init_mpl      mpl.o
    0x080158b0   0x0000003c   Code   RO         9899    i.inv_init_results_holder  results_holder.o
    0x080158ec   0x00000014   Code   RO        10112    i.inv_init_start_manager  start_manager.o
    0x08015900   0x00000018   Code   RO        10145    i.inv_init_storage_manager  storage_manager.o
    0x08015918   0x00000028   Code   RO         9496    i.inv_orientation_matrix_to_scalar  ml_math_func.o
    0x08015940   0x00000012   Code   RO         9497    i.inv_q29_mult      ml_math_func.o
    0x08015952   0x00000012   Code   RO         9499    i.inv_q30_mult      ml_math_func.o
    0x08015964   0x00000018   Code   RO         9501    i.inv_q30_to_float  ml_math_func.o
    0x0801597c   0x00000024   Code   RO         9502    i.inv_q_add         ml_math_func.o
    0x080159a0   0x00000042   Code   RO         9503    i.inv_q_addf        ml_math_func.o
    0x080159e2   0x00000018   Code   RO         9504    i.inv_q_invert      ml_math_func.o
    0x080159fa   0x0000002e   Code   RO         9505    i.inv_q_invertf     ml_math_func.o
    0x08015a28   0x000000b2   Code   RO         9506    i.inv_q_mult        ml_math_func.o
    0x08015ada   0x000000d2   Code   RO         9507    i.inv_q_multf       ml_math_func.o
    0x08015bac   0x000000a8   Code   RO         9508    i.inv_q_norm4       ml_math_func.o
    0x08015c54   0x00000134   Code   RO         9510    i.inv_q_normalizef  ml_math_func.o
    0x08015d88   0x00000042   Code   RO         9511    i.inv_q_rotate      ml_math_func.o
    0x08015dca   0x000000da   Code   RO         9513    i.inv_quaternion_to_rotation  ml_math_func.o
    0x08015ea4   0x000000f8   Code   RO         8951    i.inv_register_data_cb  data_builder.o
    0x08015f9c   0x00000090   Code   RO        10147    i.inv_register_load_store  storage_manager.o
    0x0801602c   0x0000002c   Code   RO        10113    i.inv_register_mpl_start_notification  start_manager.o
    0x08016058   0x00000058   Code   RO         8952    i.inv_reset_compass_soft_iron_matrix  data_builder.o
    0x080160b0   0x0000004e   Code   RO         9515    i.inv_row_2_scale   ml_math_func.o
    0x080160fe   0x00000002   PAD
    0x08016100   0x00000024   Code   RO         8953    i.inv_set_accel_accuracy  data_builder.o
    0x08016124   0x0000000c   Code   RO         9902    i.inv_set_accel_bias_found  results_holder.o
    0x08016130   0x00000060   Code   RO         8956    i.inv_set_accel_bias_mask  data_builder.o
    0x08016190   0x00000018   Code   RO         8957    i.inv_set_accel_orientation_and_scale  data_builder.o
    0x080161a8   0x0000002c   Code   RO         8958    i.inv_set_accel_sample_rate  data_builder.o
    0x080161d4   0x0000004c   Code   RO         8960    i.inv_set_compass_bias  data_builder.o
    0x08016220   0x00000014   Code   RO         9903    i.inv_set_compass_bias_error  results_holder.o
    0x08016234   0x0000000c   Code   RO         9904    i.inv_set_compass_bias_found  results_holder.o
    0x08016240   0x00000024   Code   RO         9905    i.inv_set_compass_correction  results_holder.o
    0x08016264   0x0000000c   Code   RO         8961    i.inv_set_compass_disturbance  data_builder.o
    0x08016270   0x00000018   Code   RO         8962    i.inv_set_compass_orientation_and_scale  data_builder.o
    0x08016288   0x00000030   Code   RO         8963    i.inv_set_compass_sample_rate  data_builder.o
    0x080162b8   0x00000054   Code   RO         8964    i.inv_set_compass_soft_iron_input_data  data_builder.o
    0x0801630c   0x0000000c   Code   RO         9906    i.inv_set_compass_state  results_holder.o
    0x08016318   0x00000120   Code   RO         8967    i.inv_set_contiguous  data_builder.o
    0x08016438   0x00000074   Code   RO         8969    i.inv_set_gyro_bias  data_builder.o
    0x080164ac   0x00000018   Code   RO         8970    i.inv_set_gyro_orientation_and_scale  data_builder.o
    0x080164c4   0x00000028   Code   RO         8971    i.inv_set_gyro_sample_rate  data_builder.o
    0x080164ec   0x0000001c   Code   RO         9456    i.inv_set_message   message_layer.o
    0x08016508   0x00000050   Code   RO         9911    i.inv_set_motion_state  results_holder.o
    0x08016558   0x00000014   Code   RO         8827    i.inv_start_eMPL_outputs  empl_outputs.o
    0x0801656c   0x00000040   Code   RO         9841    i.inv_start_mpl     mpl.o
    0x080165ac   0x00000018   Code   RO         9912    i.inv_start_results_holder  results_holder.o
    0x080165c4   0x00000024   Code   RO         9913    i.inv_store_gaming_quaternion  results_holder.o
    0x080165e8   0x00000064   Code   RO         8974    i.inv_unregister_data_cb  data_builder.o
    0x0801664c   0x00000060   Code   RO        10114    i.inv_unregister_mpl_start_notification  start_manager.o
    0x080166ac   0x000001d8   Code   RO           14    i.main              main.o
    0x08016884   0x00000002   Code   RO         8131    i.mget_ms           inv_mpu.o
    0x08016886   0x0000003e   Code   RO         9520    i.mlMatrixVectorMult  ml_math_func.o
    0x080168c4   0x00000070   Code   RO         8132    i.mpu_configure_fifo  inv_mpu.o
    0x08016934   0x0000016c   Code   RO         8134    i.mpu_dmp_init      inv_mpu.o
    0x08016aa0   0x0000004c   Code   RO         8135    i.mpu_get_accel_fsr  inv_mpu.o
    0x08016aec   0x00000054   Code   RO         8137    i.mpu_get_accel_sens  inv_mpu.o
    0x08016b40   0x00000014   Code   RO         8138    i.mpu_get_compass_fsr  inv_mpu.o
    0x08016b54   0x000000d0   Code   RO         8139    i.mpu_get_compass_reg  inv_mpu.o
    0x08016c24   0x00000010   Code   RO         8142    i.mpu_get_fifo_config  inv_mpu.o
    0x08016c34   0x00000044   Code   RO         8143    i.mpu_get_gyro_fsr  inv_mpu.o
    0x08016c78   0x00000060   Code   RO         8145    i.mpu_get_gyro_sens  inv_mpu.o
    0x08016cd8   0x00000050   Code   RO         8147    i.mpu_get_lpf       inv_mpu.o
    0x08016d28   0x00000020   Code   RO         8149    i.mpu_get_sample_rate  inv_mpu.o
    0x08016d48   0x0000009c   Code   RO         8150    i.mpu_get_temperature  inv_mpu.o
    0x08016de4   0x0000012c   Code   RO         8151    i.mpu_init          inv_mpu.o
    0x08016f10   0x000000b8   Code   RO         8152    i.mpu_load_firmware  inv_mpu.o
    0x08016fc8   0x0000011c   Code   RO         8153    i.mpu_lp_accel_mode  inv_mpu.o
    0x080170e4   0x000000f0   Code   RO         8155    i.mpu_mpl_get_data  inv_mpu.o
    0x080171d4   0x000000c0   Code   RO         8160    i.mpu_read_fifo_stream  inv_mpu.o
    0x08017294   0x00000080   Code   RO         8161    i.mpu_read_mem      inv_mpu.o
    0x08017314   0x000001c8   Code   RO         8164    i.mpu_reset_fifo    inv_mpu.o
    0x080174dc   0x0000029c   Code   RO         8165    i.mpu_run_6500_self_test  inv_mpu.o
    0x08017778   0x00000084   Code   RO         8169    i.mpu_set_accel_fsr  inv_mpu.o
    0x080177fc   0x0000014c   Code   RO         8170    i.mpu_set_bypass    inv_mpu.o
    0x08017948   0x00000060   Code   RO         8171    i.mpu_set_compass_sample_rate  inv_mpu.o
    0x080179a8   0x00000090   Code   RO         8172    i.mpu_set_dmp_state  inv_mpu.o
    0x08017a38   0x00000088   Code   RO         8174    i.mpu_set_gyro_fsr  inv_mpu.o
    0x08017ac0   0x0000006c   Code   RO         8175    i.mpu_set_int_latched  inv_mpu.o
    0x08017b2c   0x00000084   Code   RO         8177    i.mpu_set_lpf       inv_mpu.o
    0x08017bb0   0x000000b4   Code   RO         8178    i.mpu_set_sample_rate  inv_mpu.o
    0x08017c64   0x00000168   Code   RO         8179    i.mpu_set_sensors   inv_mpu.o
    0x08017dcc   0x00000080   Code   RO         8180    i.mpu_write_mem     inv_mpu.o
    0x08017e4c   0x0000006c   Code   RO        10387    i.my_mem_free       malloc.o
    0x08017eb8   0x0000002c   Code   RO        10388    i.my_mem_init       malloc.o
    0x08017ee4   0x000000a8   Code   RO        10389    i.my_mem_malloc     malloc.o
    0x08017f8c   0x00000040   Code   RO        10390    i.my_mem_perused    malloc.o
    0x08017fcc   0x00000024   Code   RO        10391    i.myfree            malloc.o
    0x08017ff0   0x00000028   Code   RO        10392    i.mymalloc          malloc.o
    0x08018018   0x00000014   Code   RO        10394    i.mymemset          malloc.o
    0x0801802c   0x00000006   Code   RO        10191    i.read_addr         usmart.o
    0x08018032   0x0000009c   Code   RO         8181    i.run_self_test     inv_mpu.o
    0x080180ce   0x00000002   PAD
    0x080180d0   0x00000090   Code   RO         8182    i.set_int_enable    inv_mpu.o
    0x08018160   0x00000006   Code   RO         8975    i.set_sensor_orientation_and_scale  data_builder.o
    0x08018166   0x00000002   PAD
    0x08018168   0x00000254   Code   RO         8183    i.setup_compass     inv_mpu.o
    0x080183bc   0x0000003e   Code   RO        11036    i.sqrtf             m_wv.l(sqrtf.o)
    0x080183fa   0x00000002   PAD
    0x080183fc   0x00000358   Code   RO           15    i.start_task        main.o
    0x08018754   0x0000002c   Code   RO         4674    i.uart1_init        usart.o
    0x08018780   0x0000002c   Code   RO         4675    i.uart2_init        usart.o
    0x080187ac   0x00000018   Code   RO         4678    i.uart_init         usart.o
    0x080187c4   0x000000b0   Code   RO        10192    i.usmart_cmd_rec    usmart.o
    0x08018874   0x000002d4   Code   RO        10193    i.usmart_exe        usmart.o
    0x08018b48   0x000000d4   Code   RO        10303    i.usmart_get_aparm  usmart_str.o
    0x08018c1c   0x00000036   Code   RO        10304    i.usmart_get_cmdname  usmart_str.o
    0x08018c52   0x00000002   PAD
    0x08018c54   0x000001c0   Code   RO        10305    i.usmart_get_fname  usmart_str.o
    0x08018e14   0x0000010c   Code   RO        10306    i.usmart_get_fparam  usmart_str.o
    0x08018f20   0x00000020   Code   RO        10307    i.usmart_get_parmpos  usmart_str.o
    0x08018f40   0x00000044   Code   RO        10194    i.usmart_get_runtime  usmart.o
    0x08018f84   0x00000028   Code   RO        10195    i.usmart_init       usmart.o
    0x08018fac   0x00000016   Code   RO        10308    i.usmart_pow        usmart_str.o
    0x08018fc2   0x00000002   PAD
    0x08018fc4   0x00000034   Code   RO        10196    i.usmart_reset_runtime  usmart.o
    0x08018ff8   0x000000bc   Code   RO        10197    i.usmart_scan       usmart.o
    0x080190b4   0x00000016   Code   RO        10309    i.usmart_search_nextc  usmart_str.o
    0x080190ca   0x00000106   Code   RO        10310    i.usmart_str2num    usmart_str.o
    0x080191d0   0x00000022   Code   RO        10311    i.usmart_strcmp     usmart_str.o
    0x080191f2   0x00000016   Code   RO        10312    i.usmart_strcopy    usmart_str.o
    0x08019208   0x00000018   Code   RO        10313    i.usmart_strlen     usmart_str.o
    0x08019220   0x000006f4   Code   RO        10198    i.usmart_sys_cmd_exe  usmart.o
    0x08019914   0x00000004   Code   RO        10199    i.write_addr        usmart.o
    0x08019918   0x0000002c   Code   RO        11245    locale$$code        c_w.l(lc_numeric_c.o)
    0x08019944   0x0000002c   Code   RO        11256    locale$$code        c_w.l(lc_ctype_c.o)
    0x08019970   0x0000000e   Code   RO        10800    x$fpl$d2f           fz_wv.l(d2f.o)
    0x0801997e   0x00000012   Code   RO        10802    x$fpl$dadd          fz_wv.l(daddsub.o)
    0x08019990   0x00000018   Code   RO        11106    x$fpl$dcmpinf       fz_wv.l(dcmpi.o)
    0x080199a8   0x00000012   Code   RO        10808    x$fpl$ddiv          fz_wv.l(ddiv.o)
    0x080199ba   0x00000002   PAD
    0x080199bc   0x00000030   Code   RO        10812    x$fpl$deqf          fz_wv.l(deqf.o)
    0x080199ec   0x0000000e   Code   RO        10814    x$fpl$dfix          fz_wv.l(dfix.o)
    0x080199fa   0x0000000e   Code   RO        10819    x$fpl$dflt          fz_wv.l(dflt.o)
    0x08019a08   0x00000030   Code   RO        10822    x$fpl$dleqf         fz_wv.l(dleqf.o)
    0x08019a38   0x00000012   Code   RO        10824    x$fpl$dmul          fz_wv.l(dmul.o)
    0x08019a4a   0x0000009c   Code   RO        11108    x$fpl$dnaninf       fz_wv.l(dnaninf.o)
    0x08019ae6   0x00000022   Code   RO        10826    x$fpl$drleqf        fz_wv.l(drleqf.o)
    0x08019b08   0x00000012   Code   RO        10804    x$fpl$drsb          fz_wv.l(daddsub.o)
    0x08019b1a   0x00000012   Code   RO        10803    x$fpl$dsub          fz_wv.l(daddsub.o)
    0x08019b2c   0x0000000e   Code   RO        10828    x$fpl$f2d           fz_wv.l(f2d.o)
    0x08019b3a   0x00000060   Code   RO        10834    x$fpl$ffltll        fz_wv.l(ffltll_clz.o)
    0x08019b9a   0x0000008c   Code   RO        11110    x$fpl$fnaninf       fz_wv.l(fnaninf.o)
    0x08019c26   0x0000000a   Code   RO        11329    x$fpl$fpinit        fz_wv.l(fpinit.o)
    0x08019c30   0x00000086   Code   RO        10830    x$fpl$llsfromf      fz_wv.l(ffixll.o)
    0x08019cb6   0x00000004   Code   RO        10836    x$fpl$printf1       fz_wv.l(printf1.o)
    0x08019cba   0x00000004   Code   RO        11112    x$fpl$printf2       fz_wv.l(printf2.o)
    0x08019cbe   0x00000000   Code   RO        11120    x$fpl$usenofp       fz_wv.l(usenofp.o)
    0x08019cbe   0x00000018   Data   RO          541    .constdata          system_stm32f7xx.o
    0x08019cd6   0x00000008   Data   RO         1018    .constdata          stm32f7xx_hal_dma.o
    0x08019cde   0x00000002   PAD
    0x08019ce0   0x00000094   Data   RO         6898    .constdata          os_cfg_app.o
    0x08019d74   0x0000016c   Data   RO         7124    .constdata          os_dbg.o
    0x08019ee0   0x00000268   Data   RO         8184    .constdata          inv_mpu.o
    0x0801a148   0x00000bf6   Data   RO         8618    .constdata          inv_mpu_dmp_motion_driver.o
    0x0801ad3e   0x0000002f   Data   RO         9842    .constdata          mpl.o
    0x0801ad6d   0x00000003   PAD
    0x0801ad70   0x00000024   Data   RO        10401    .constdata          malloc.o
    0x0801ad94   0x00000028   Data   RO        10749    .constdata          c_w.l(_printf_hex_int_ll_ptr.o)
    0x0801adbc   0x00000011   Data   RO        10769    .constdata          c_w.l(__printf_flags_ss_wp.o)
    0x0801adcd   0x00000003   PAD
    0x0801add0   0x00000038   Data   RO        10973    .constdata          m_wv.l(log.o)
    0x0801ae08   0x00000008   Data   RO        11077    .constdata          c_w.l(_printf_wctomb.o)
    0x0801ae10   0x00000030   Data   RO        11122    .constdata          m_wv.l(cos_i.o)
    0x0801ae40   0x00000008   Data   RO        11158    .constdata          m_wv.l(qnan.o)
    0x0801ae48   0x000000c8   Data   RO        11161    .constdata          m_wv.l(rred.o)
    0x0801af10   0x00000020   Data   RO        11165    .constdata          m_wv.l(rredf.o)
    0x0801af30   0x00000028   Data   RO        11168    .constdata          m_wv.l(sin_i.o)
    0x0801af58   0x00000026   Data   RO        11203    .constdata          c_w.l(_printf_fp_hex.o)
    0x0801af7e   0x00000002   PAD
    0x0801af80   0x00000094   Data   RO        11214    .constdata          c_w.l(bigflt0.o)
    0x0801b014   0x0000008a   Data   RO           18    .conststring        main.o
    0x0801b09e   0x00000002   PAD
    0x0801b0a0   0x00000009   Data   RO         8185    .conststring        inv_mpu.o
    0x0801b0a9   0x00000003   PAD
    0x0801b0ac   0x00000044   Data   RO         8977    .conststring        data_builder.o
    0x0801b0f0   0x00000028   Data   RO        10201    .conststring        usmart.o
    0x0801b118   0x000000ac   Data   RO        10278    .conststring        usmart_config.o
    0x0801b1c4   0x00000020   Data   RO        11396    Region$$Table       anon$$obj.o
    0x0801b1e4   0x0000001c   Data   RO        11244    locale$$data        c_w.l(lc_numeric_c.o)
    0x0801b200   0x00000110   Data   RO        11255    locale$$data        c_w.l(lc_ctype_c.o)


    Execution Region RW_IRAM1 (Base: 0x20020000, Size: 0x000323f8, Max: 0x00060000, ABSOLUTE, COMPRESSED[0x00000120])

    Base Addr    Size         Type   Attr      Idx    E Section Name        Object

    0x20020000   0x000000e8   Data   RW           19    .data               main.o
    0x200200e8   0x00000004   Data   RW          542    .data               system_stm32f7xx.o
    0x200200ec   0x00000004   Data   RW          729    .data               stm32f7xx_hal.o
    0x200200f0   0x00000006   Data   RW         4557    .data               delay.o
    0x200200f6   0x00000002   PAD
    0x200200f8   0x0000000f   Data   RW         4680    .data               usart.o
    0x20020107   0x00000064   Data   RW         5274    .data               servo.o
    0x2002016b   0x00000001   PAD
    0x2002016c   0x00000016   Data   RW         5354    .data               gps.o
    0x20020182   0x00000003   Data   RW         5720    .data               w25qxx.o
    0x20020185   0x00000003   PAD
    0x20020188   0x00000004   Data   RW         5837    .data               ftl.o
    0x2002018c   0x0000001c   Data   RW         6274    .data               cpu_core.o
    0x200201a8   0x00000008   Data   RW         7394    .data               os_prio.o
    0x200201b0   0x000000bc   Data   RW         7940    .data               os_var.o
    0x2002026c   0x00000004   Data   RW         7964    .data               os_cpu_c.o
    0x20020270   0x0000004e   Data   RW         8186    .data               inv_mpu.o
    0x200202be   0x00000002   PAD
    0x200202c0   0x00000004   Data   RW         9457    .data               message_layer.o
    0x200202c4   0x0000001c   Data   RW        10202    .data               usmart.o
    0x200202e0   0x0000011c   Data   RW        10279    .data               usmart_config.o
    0x200203fc   0x00000024   Data   RW        10402    .data               malloc.o
    0x20020420   0x00000010   Data   RW        10470    .data               libmpllib.lib(compass_vec_cal.o)
    0x20020430   0x0000399c   Zero   RW           16    .bss                main.o
    0x20023dcc   0x00000944   Zero   RW         4679    .bss                usart.o
    0x20024710   0x00000034   Zero   RW         5179    .bss                sdram.o
    0x20024744   0x00000060   Zero   RW         5230    .bss                dma.o
    0x200247a4   0x000000cc   Zero   RW         5353    .bss                gps.o
    0x20024870   0x00000048   Zero   RW         5609    .bss                adc.o
    0x200248b8   0x00000044   Zero   RW         5655    .bss                qspi.o
    0x200248fc   0x00000094   Zero   RW         5948    .bss                nand.o
    0x20024990   0x00000010   Zero   RW         6272    .bss                cpu_core.o
    0x200249a0   0x00000f60   Zero   RW         6897    .bss                os_cfg_app.o
    0x20025900   0x0000063c   Zero   RW         7939    .bss                os_var.o
    0x20025f3c   0x00000010   Zero   RW         8617    .bss                inv_mpu_dmp_motion_driver.o
    0x20025f4c   0x00000028   Zero   RW         8829    .bss                empl_outputs.o
    0x20025f74   0x000002d8   Zero   RW         8976    .bss                data_builder.o
    0x2002624c   0x000000c4   Zero   RW         9367    .bss                hal_outputs.o
    0x20026310   0x00000088   Zero   RW         9914    .bss                results_holder.o
    0x20026398   0x00000054   Zero   RW        10115    .bss                start_manager.o
    0x200263ec   0x00000198   Zero   RW        10149    .bss                storage_manager.o
    0x20026584   0x0000003c   Zero   RW        10200    .bss                usmart.o
    0x200265c0   0x0002a800   Zero   RW        10400    .bss                malloc.o
    0x20050dc0   0x00000460   Zero   RW        10469    .bss                libmpllib.lib(compass_vec_cal.o)
    0x20051220   0x000002a0   Zero   RW        10559    .bss                libmpllib.lib(fast_no_motion.o)
    0x200514c0   0x00000138   Zero   RW        10592    .bss                libmpllib.lib(fusion_9axis.o)
    0x200515f8   0x000001c4   Zero   RW        10614    .bss                libmpllib.lib(gyro_tc.o)
    0x200517bc   0x000000b8   Zero   RW        10632    .bss                libmpllib.lib(mag_disturb.o)
    0x20051874   0x0000006c   Zero   RW        10654    .bss                libmpllib.lib(quaternion_supervisor.o)
    0x200518e0   0x000004b8   Zero   RW        10672    .bss                libmpllib.lib(accel_auto_cal.o)
    0x20051d98   0x00000060   Zero   RW        11174    .bss                c_w.l(libspace.o)
    0x20051df8   0x00000200   Zero   RW          695    HEAP                startup_stm32f767xx.o
    0x20051ff8   0x00000400   Zero   RW          694    STACK               startup_stm32f767xx.o



  Load Region LR$$.ARM.__AT_0x20000000 (Base: 0x20000000, Size: 0x00000000, Max: 0x0000f000, ABSOLUTE)

    Execution Region ER$$.ARM.__AT_0x20000000 (Base: 0x20000000, Size: 0x0000f000, Max: 0x0000f000, ABSOLUTE, UNINIT)

    Base Addr    Size         Type   Attr      Idx    E Section Name        Object

    0x20000000   0x0000f000   Zero   RW        10396    .ARM.__AT_0x20000000  malloc.o



  Load Region LR$$.ARM.__AT_0x2000F000 (Base: 0x2000f000, Size: 0x00000000, Max: 0x00000f00, ABSOLUTE)

    Execution Region ER$$.ARM.__AT_0x2000F000 (Base: 0x2000f000, Size: 0x00000f00, Max: 0x00000f00, ABSOLUTE, UNINIT)

    Base Addr    Size         Type   Attr      Idx    E Section Name        Object

    0x2000f000   0x00000f00   Zero   RW        10397    .ARM.__AT_0x2000F000  malloc.o



  Load Region LR$$.ARM.__AT_0xC0000000 (Base: 0xc0000000, Size: 0x00000000, Max: 0x001f4000, ABSOLUTE)

    Execution Region ER$$.ARM.__AT_0xC0000000 (Base: 0xc0000000, Size: 0x001f4000, Max: 0x001f4000, ABSOLUTE, UNINIT)

    Base Addr    Size         Type   Attr      Idx    E Section Name        Object

    0xc0000000   0x001f4000   Zero   RW         5073    .ARM.__AT_0xC0000000  ltdc.o



  Load Region LR$$.ARM.__AT_0xC01F4000 (Base: 0xc01f4000, Size: 0x00000000, Max: 0x01c3c000, ABSOLUTE)

    Execution Region ER$$.ARM.__AT_0xC01F4000 (Base: 0xc01f4000, Size: 0x01c3c000, Max: 0x01c3c000, ABSOLUTE, UNINIT)

    Base Addr    Size         Type   Attr      Idx    E Section Name        Object

    0xc01f4000   0x01c3c000   Zero   RW        10398    .ARM.__AT_0xC01F4000  malloc.o



  Load Region LR$$.ARM.__AT_0xC1E30000 (Base: 0xc1e30000, Size: 0x00000000, Max: 0x001c3c00, ABSOLUTE)

    Execution Region ER$$.ARM.__AT_0xC1E30000 (Base: 0xc1e30000, Size: 0x001c3c00, Max: 0x001c3c00, ABSOLUTE, UNINIT)

    Base Addr    Size         Type   Attr      Idx    E Section Name        Object

    0xc1e30000   0x001c3c00   Zero   RW        10399    .ARM.__AT_0xC1E30000  malloc.o


==============================================================================

Image component sizes


      Code (inc. data)   RO Data    RW Data    ZI Data      Debug   Object Name

       224         28          0          0         72       2281   adc.o
        76         14          0          0          0      11102   bsp.o
        52          0          0          0          0        324   cpu_a.o
       540         98          0         28         16       9096   cpu_core.o
      2600        286         68          0        728      25880   data_builder.o
       328         40          0          6          0       4053   delay.o
       316         30          0          0         96       1749   dma.o
       924         48          0          0         40       7114   empl_outputs.o
      2356        286          0          4          0      11001   ftl.o
      1820        110          0         22        204       4282   gps.o
       112          8          0          0        196       1986   hal_outputs.o
     11090       1552        625         78          0      44360   inv_mpu.o
      3128        138       3062          0         16      20974   inv_mpu_dmp_motion_driver.o
         0          0          0          0          0       6312   lcd.o
        76          8          0          0          0        835   led.o
       102          0          0          0          0      12788   lib_mem.o
       202         10          0          0          0       1134   log_stm32.o
         0          0          0          0    2048000       1665   ltdc.o
      4010        868        138        232      14748     529762   main.o
       480         54         36         36   31695616       6366   malloc.o
        28          4          0          4          0       1162   message_layer.o
      1878         24          0          0          0      13909   ml_math_func.o
       248         76         47          0          0       2464   mpl.o
       352         62          0          0          0      33620   mpu.o
      1000         20          0          0          0       8661   mpu9250.o
       804         56          0          0          0       4854   myiic.o
      3468        332          0          0        148      18161   nand.o
         2          0        148          0       3936      19109   os_cfg_app.o
      2446        316          0          0          0      17955   os_core.o
       280         14          0          0          0        416   os_cpu_a.o
      1052        156          0          4          0      25344   os_cpu_c.o
       424        278        364          0          0       4713   os_dbg.o
        24         10          0          0          0        858   os_flag.o
        24         10          0          0          0        865   os_mem.o
       174         18          0          0          0       2224   os_msg.o
      1228         56          0          0          0       7127   os_mutex.o
       136         16          0          8          0       2850   os_prio.o
        24         10          0          0          0        859   os_q.o
       946         48          0          0          0       5507   os_sem.o
      1592        196          0          0          0       4023   os_stat.o
      3202        154          0          0          0      13753   os_task.o
      1162         88          0          0          0       5879   os_tick.o
       520         40          0          0          0       2745   os_time.o
       568        142          0          0          0       3541   os_tmr.o
         0          0          0        188       1596      17730   os_var.o
       420         36          0          0         68       4005   qspi.o
       824        128          0          0        136      15353   results_holder.o
       528         40          0          0         52       2918   sdram.o
       356         18          0        100          0       4751   servo.o
       204         20          0          0         84       3224   start_manager.o
       104         34        504          0       1536        836   startup_stm32f767xx.o
       110         20          0          4          0       3669   stm32f7xx_hal.o
      1366         58          0          0          0       4930   stm32f7xx_hal_adc.o
       430         26          0          0          0      37328   stm32f7xx_hal_cortex.o
       940         10          8          0          0       5983   stm32f7xx_hal_dma.o
       572         52          0          0          0       3684   stm32f7xx_hal_gpio.o
        82          0          0          0          0       1204   stm32f7xx_hal_nand.o
       144          8          0          0          0       1260   stm32f7xx_hal_pwr_ex.o
      1386          8          0          0          0       6976   stm32f7xx_hal_qspi.o
       716         50          0          0          0       3992   stm32f7xx_hal_rcc.o
      1232         12          0          0          0       1828   stm32f7xx_hal_rcc_ex.o
       162          0          0          0          0       2704   stm32f7xx_hal_sdram.o
       306         44          0          0          0       3024   stm32f7xx_hal_tim.o
      2226         64          0          0          0      11764   stm32f7xx_hal_uart.o
        18          0          0          0          0       2627   stm32f7xx_it.o
       504         10          0          0          0       5701   stm32f7xx_ll_fmc.o
       168         10          0          0        408       2397   storage_manager.o
       440         26          0          0          0      33929   sys.o
       100         18         24          4          0       1059   system_stm32f7xx.o
       964        114          0         15       2372       8016   usart.o
      3198       1354         40         28         60       7775   usmart.o
         0          0        172        284          0       1516   usmart_config.o
      1400         20          0          0          0       8881   usmart_str.o
       568         32          0          3          0       4211   w25qxx.o

    ----------------------------------------------------------------------
     69540       7916       5278       1056   33770128    1116938   Object Totals
         0          0         32          0          0          0   (incl. Generated)
        54          0         10          8          0          0   (incl. Padding)

    ----------------------------------------------------------------------

      Code (inc. data)   RO Data    RW Data    ZI Data      Debug   Library Member Name

        24          4          0          0          0         84   __2printf.o
        44          6          0          0          0         84   __2sprintf.o
        90          0          0          0          0          0   __dczerorl2.o
         8          0          0          0          0         68   __main.o
       392          4         17          0          0         92   __printf_flags_ss_wp.o
        14          0          0          0          0         68   __printf_wp.o
         0          0          0          0          0          0   __rtentry.o
        12          0          0          0          0          0   __rtentry2.o
         6          0          0          0          0          0   __rtentry4.o
        52          8          0          0          0          0   __scatter.o
        28          0          0          0          0          0   __scatter_zi.o
        28          0          0          0          0         68   _chval.o
         6          0          0          0          0          0   _printf_a.o
         6          0          0          0          0          0   _printf_c.o
        44          0          0          0          0        108   _printf_char.o
        48          6          0          0          0         96   _printf_char_common.o
        36          4          0          0          0         80   _printf_char_file.o
        40          0          0          0          0         68   _printf_charcount.o
         6          0          0          0          0          0   _printf_d.o
       120         16          0          0          0         92   _printf_dec.o
         6          0          0          0          0          0   _printf_e.o
         6          0          0          0          0          0   _printf_f.o
      1054          0          0          0          0        216   _printf_fp_dec.o
       764          8         38          0          0        100   _printf_fp_hex.o
       128         16          0          0          0         84   _printf_fp_infnan.o
         6          0          0          0          0          0   _printf_g.o
       148          4         40          0          0        160   _printf_hex_int_ll_ptr.o
         6          0          0          0          0          0   _printf_i.o
       178          0          0          0          0         88   _printf_intcommon.o
        10          0          0          0          0          0   _printf_l.o
         6          0          0          0          0          0   _printf_lc.o
        10          0          0          0          0          0   _printf_ll.o
         6          0          0          0          0          0   _printf_lld.o
         6          0          0          0          0          0   _printf_lli.o
         6          0          0          0          0          0   _printf_llo.o
         6          0          0          0          0          0   _printf_llu.o
         6          0          0          0          0          0   _printf_llx.o
       124         16          0          0          0         92   _printf_longlong_dec.o
         6          0          0          0          0          0   _printf_ls.o
         6          0          0          0          0          0   _printf_n.o
         6          0          0          0          0          0   _printf_o.o
       112         10          0          0          0        124   _printf_oct_int_ll.o
         6          0          0          0          0          0   _printf_p.o
        78          0          0          0          0        108   _printf_pad.o
         0          0          0          0          0          0   _printf_percent.o
         4          0          0          0          0          0   _printf_percent_end.o
         6          0          0          0          0          0   _printf_s.o
        82          0          0          0          0         80   _printf_str.o
        36          0          0          0          0         84   _printf_truncate.o
         6          0          0          0          0          0   _printf_u.o
        44          0          0          0          0        108   _printf_wchar.o
       188          6          8          0          0         92   _printf_wctomb.o
         6          0          0          0          0          0   _printf_x.o
        22          0          0          0          0        100   _rserrno.o
        10          0          0          0          0         68   _sputc.o
       158          0          0          0          0         92   _strtoul.o
        64          0          0          0          0         92   _wcrtomb.o
        16          0          0          0          0         68   aeabi_memset.o
        26          0          0          0          0         80   atoi.o
       228          4        148          0          0         96   bigflt0.o
      1936        128          0          0          0        672   btod.o
        18          0          0          0          0         80   exit.o
         8          0          0          0          0         68   ferror.o
         6          0          0          0          0        152   heapauxi.o
        44         10        272          0          0         76   lc_ctype_c.o
        44         10         28          0          0         76   lc_numeric_c.o
         2          0          0          0          0          0   libinit.o
        34          0          0          0          0          0   libinit2.o
         2          0          0          0          0          0   libshutdown.o
         2          0          0          0          0          0   libshutdown2.o
         8          4          0          0         96         68   libspace.o
        72          0          0          0          0         76   llsdiv.o
        38          0          0          0          0         68   llshl.o
        38          0          0          0          0         68   llsshr.o
       138          0          0          0          0         80   lludiv10.o
       238          0          0          0          0        100   lludivv7m.o
        88          0          0          0          0         76   memcmp.o
        16          4          0          0          0         76   rt_ctype_table.o
         8          4          0          0          0         68   rt_errno_addr_intlibspace.o
         8          4          0          0          0         68   rt_locale_intlibspace.o
        68          0          0          0          0         68   rt_memclr.o
        78          0          0          0          0         80   rt_memclr_w.o
       138          0          0          0          0         68   rt_memcpy_v6.o
       100          0          0          0          0         80   rt_memcpy_w.o
       122          0          0          0          0         80   rt_memmove_w.o
         2          0          0          0          0          0   rtexit.o
        10          0          0          0          0          0   rtexit2.o
       104          0          0          0          0         68   strcmpv7m_pel.o
        36          0          0          0          0         80   strstr.o
       112          0          0          0          0         88   strtol.o
        74          0          0          0          0         80   sys_stackheap_outer.o
         2          0          0          0          0         68   use_no_semi.o
         2          0          0          0          0         68   use_no_semi_2.o
        36          4          0          0          0         76   vsprintf.o
        14          0          0          0          0        116   d2f.o
        54          0          0          0          0        348   daddsub.o
        24          0          0          0          0        116   dcmpi.o
        18          0          0          0          0        116   ddiv.o
        48          4          0          0          0        140   deqf.o
        14          0          0          0          0        116   dfix.o
        14          0          0          0          0        116   dflt.o
        48          4          0          0          0        140   dleqf.o
        18          0          0          0          0        116   dmul.o
       156          4          0          0          0        140   dnaninf.o
        34          0          0          0          0        128   drleqf.o
        14          0          0          0          0        116   f2d.o
       134          4          0          0          0        132   ffixll.o
        96          0          0          0          0        132   ffltll_clz.o
       140          4          0          0          0        132   fnaninf.o
        10          0          0          0          0        116   fpinit.o
         4          0          0          0          0        116   printf1.o
         4          0          0          0          0        116   printf2.o
         0          0          0          0          0          0   usenofp.o
      3140        190          0          0       1208       9672   accel_auto_cal.o
      9456        298          0         16       1120      19892   compass_vec_cal.o
      2584         42          0          0        672      13744   fast_no_motion.o
      1712         72          0          0        312       5636   fusion_9axis.o
      1220         32          0          0        452       5735   gyro_tc.o
      1472         48          0          0        184       7614   mag_disturb.o
      2452        130          0          0        108       5637   quaternion_supervisor.o
       292         58          0          0          0        176   acosf.o
       600         98          0          0          0        184   atan2f.o
       176         18          0          0          0        156   cos.o
       224         42         48          0          0        184   cos_i.o
       336         60          0          0          0        136   cosf.o
        86         46          0          0          0        464   dunder.o
        44          0          0          0          0        248   fabs.o
        48          0          0          0          0        124   fpclassify.o
        38          0          0          0          0        116   fpclassifyf.o
        44         12          0          0          0        464   funder.o
       572         92         56          0          0        312   log.o
       112          0          0          0          0        116   poly.o
         0          0          8          0          0          0   qnan.o
       784        138        200          0          0        172   rred.o
       340         24         32          0          0        160   rredf.o
       168         24         40          0          0        196   sin_i.o
       404         60          0          0          0        212   sinf.o
       102          0          0          0          0        140   sqrt.o
       120          0          0          0          0        272   sqrtf.o

    ----------------------------------------------------------------------
     35618       1788        940         16       4152      79830   Library Totals
        26          4          5          0          0          0   (incl. Padding)

    ----------------------------------------------------------------------

      Code (inc. data)   RO Data    RW Data    ZI Data      Debug   Library Name

      8222        280        551          0         96       5616   c_w.l
       844         20          0          0          0       2452   fz_wv.l
     22036        812          0         16       4056      67930   libmpllib.lib
      4490        672        384          0          0       3832   m_wv.l

    ----------------------------------------------------------------------
     35618       1788        940         16       4152      79830   Library Totals

    ----------------------------------------------------------------------

==============================================================================


      Code (inc. data)   RO Data    RW Data    ZI Data      Debug   

    105158       9704       6218       1072   33774280    1138444   Grand Totals
    105158       9704       6218        288   33774280    1138444   ELF Image Totals (compressed)
    105158       9704       6218        288          0          0   ROM Totals

==============================================================================

    Total RO  Size (Code + RO Data)               111376 ( 108.77kB)
    Total RW  Size (RW Data + ZI Data)          33775352 (32983.74kB)
    Total ROM Size (Code + RO Data + RW Data)     111664 ( 109.05kB)

==============================================================================

