Component: ARM Compiler 5.06 update 5 (build 528) Tool: armlink [4d35e2]

==============================================================================

Section Cross References

    main.o(i.GPS_task) refers to os_sem.o(i.OSSemPend) for OSSemPend
    main.o(i.GPS_task) refers to gps.o(i.GPRMC_DAT) for GPRMC_DAT
    main.o(i.GPS_task) refers to gps.o(i.GPGSV_DAT) for GPGSV_DAT
    main.o(i.GPS_task) refers to gps.o(i.GPGSA_DAT) for GPGSA_DAT
    main.o(i.GPS_task) refers to gps.o(i.GPGGA_DAT) for GPGGA_DAT
    main.o(i.GPS_task) refers to lcd.o(i.LCD_ShowxNum) for LCD_ShowxNum
    main.o(i.GPS_task) refers to stm32f7xx_hal_uart.o(i.HAL_UART_Transmit) for HAL_UART_Transmit
    main.o(i.GPS_task) refers to stm32f7xx_hal_gpio.o(i.HAL_GPIO_TogglePin) for HAL_GPIO_TogglePin
    main.o(i.GPS_task) refers to main.o(.bss) for GPS_SEM
    main.o(i.GPS_task) refers to usart.o(.bss) for RxBuffer4
    main.o(i.GPS_task) refers to gps.o(.data) for Year
    main.o(i.GPS_task) refers to usart.o(.data) for Rec_Len
    main.o(i.main) refers to sys.o(i.Cache_Enable) for Cache_Enable
    main.o(i.main) refers to stm32f7xx_hal.o(i.HAL_Init) for HAL_Init
    main.o(i.main) refers to sys.o(i.Stm32_Clock_Init) for Stm32_Clock_Init
    main.o(i.main) refers to delay.o(i.delay_init) for delay_init
    main.o(i.main) refers to led.o(i.LED_Init) for LED_Init
    main.o(i.main) refers to sdram.o(i.SDRAM_Init) for SDRAM_Init
    main.o(i.main) refers to lcd.o(i.LCD_Init) for LCD_Init
    main.o(i.main) refers to usart.o(i.uart_init) for uart_init
    main.o(i.main) refers to lcd.o(i.LCD_ShowString) for LCD_ShowString
    main.o(i.main) refers to os_core.o(i.OSInit) for OSInit
    main.o(i.main) refers to cpu_a.o(.text) for CPU_SR_Save
    main.o(i.main) refers to cpu_core.o(i.CPU_IntDisMeasStart) for CPU_IntDisMeasStart
    main.o(i.main) refers to os_task.o(i.OSTaskCreate) for OSTaskCreate
    main.o(i.main) refers to cpu_core.o(i.CPU_IntDisMeasStop) for CPU_IntDisMeasStop
    main.o(i.main) refers to os_core.o(i.OSStart) for OSStart
    main.o(i.main) refers to lcd.o(.data) for POINT_COLOR
    main.o(i.main) refers to main.o(.bss) for START_TASK_STK
    main.o(i.main) refers to main.o(i.start_task) for start_task
    main.o(i.start_task) refers to cpu_core.o(i.CPU_Init) for CPU_Init
    main.o(i.start_task) refers to os_stat.o(i.OSStatTaskCPUUsageInit) for OSStatTaskCPUUsageInit
    main.o(i.start_task) refers to cpu_core.o(i.CPU_IntDisMeasMaxCurReset) for CPU_IntDisMeasMaxCurReset
    main.o(i.start_task) refers to cpu_a.o(.text) for CPU_SR_Save
    main.o(i.start_task) refers to cpu_core.o(i.CPU_IntDisMeasStart) for CPU_IntDisMeasStart
    main.o(i.start_task) refers to os_sem.o(i.OSSemCreate) for OSSemCreate
    main.o(i.start_task) refers to os_task.o(i.OSTaskCreate) for OSTaskCreate
    main.o(i.start_task) refers to cpu_core.o(i.CPU_IntDisMeasStop) for CPU_IntDisMeasStop
    main.o(i.start_task) refers to os_task.o(i.OSTaskDel) for OSTaskDel
    main.o(i.start_task) refers to main.o(.bss) for GPS_SEM
    main.o(i.start_task) refers to main.o(i.GPS_task) for GPS_task
    main.o(i.start_task) refers to main.o(i.task2_task) for task2_task
    main.o(i.task2_task) refers to stm32f7xx_hal_gpio.o(i.HAL_GPIO_TogglePin) for HAL_GPIO_TogglePin
    main.o(i.task2_task) refers to lcd.o(i.LCD_ShowString) for LCD_ShowString
    main.o(i.task2_task) refers to os_time.o(i.OSTimeDlyHMSM) for OSTimeDlyHMSM
    main.o(i.task2_task) refers to usart.o(.bss) for TxBuffer3
    system_stm32f7xx.o(i.SystemCoreClockUpdate) refers to system_stm32f7xx.o(.data) for SystemCoreClock
    system_stm32f7xx.o(i.SystemCoreClockUpdate) refers to system_stm32f7xx.o(.constdata) for AHBPrescTable
    startup_stm32f767xx.o(STACK) refers (Special) to heapauxi.o(.text) for __use_two_region_memory
    startup_stm32f767xx.o(HEAP) refers (Special) to heapauxi.o(.text) for __use_two_region_memory
    startup_stm32f767xx.o(RESET) refers (Special) to heapauxi.o(.text) for __use_two_region_memory
    startup_stm32f767xx.o(RESET) refers to startup_stm32f767xx.o(STACK) for __initial_sp
    startup_stm32f767xx.o(RESET) refers to startup_stm32f767xx.o(.text) for Reset_Handler
    startup_stm32f767xx.o(RESET) refers to stm32f7xx_it.o(i.NMI_Handler) for NMI_Handler
    startup_stm32f767xx.o(RESET) refers to stm32f7xx_it.o(i.HardFault_Handler) for HardFault_Handler
    startup_stm32f767xx.o(RESET) refers to stm32f7xx_it.o(i.BusFault_Handler) for BusFault_Handler
    startup_stm32f767xx.o(RESET) refers to stm32f7xx_it.o(i.UsageFault_Handler) for UsageFault_Handler
    startup_stm32f767xx.o(RESET) refers to stm32f7xx_it.o(i.SVC_Handler) for SVC_Handler
    startup_stm32f767xx.o(RESET) refers to stm32f7xx_it.o(i.DebugMon_Handler) for DebugMon_Handler
    startup_stm32f767xx.o(RESET) refers to os_cpu_a.o(CODE) for PendSV_Handler
    startup_stm32f767xx.o(RESET) refers to delay.o(i.SysTick_Handler) for SysTick_Handler
[...]
    __rt_memcpy_w                            0x08000361   Thumb Code   100  rt_memcpy_w.o(.text)
    _memcpy_lastbytes_aligned                0x080003a9   Thumb Code     0  rt_memcpy_w.o(.text)
    __use_two_region_memory                  0x080003c5   Thumb Code     2  heapauxi.o(.text)
    __rt_heap_escrow$2region                 0x080003c7   Thumb Code     2  heapauxi.o(.text)
    __rt_heap_expand$2region                 0x080003c9   Thumb Code     2  heapauxi.o(.text)
    __I$use$semihosting                      0x080003cb   Thumb Code     0  use_no_semi.o(.text)
    __use_no_semihosting_swi                 0x080003cb   Thumb Code     2  use_no_semi.o(.text)
    __aeabi_errno_addr                       0x080003cd   Thumb Code     8  rt_errno_addr_intlibspace.o(.text)
    __errno$intlibspace                      0x080003cd   Thumb Code     0  rt_errno_addr_intlibspace.o(.text)
    __rt_errno_addr$intlibspace              0x080003cd   Thumb Code     0  rt_errno_addr_intlibspace.o(.text)
    strtol                                   0x080003d5   Thumb Code   112  strtol.o(.text)
    __user_libspace                          0x08000445   Thumb Code     8  libspace.o(.text)
    __user_perproc_libspace                  0x08000445   Thumb Code     0  libspace.o(.text)
    __user_perthread_libspace                0x08000445   Thumb Code     0  libspace.o(.text)
    __rt_ctype_table                         0x0800044d   Thumb Code    16  rt_ctype_table.o(.text)
    _strtoul                                 0x0800045d   Thumb Code   158  _strtoul.o(.text)
    __user_setup_stackheap                   0x080004fb   Thumb Code    74  sys_stackheap_outer.o(.text)
    __rt_locale                              0x08000545   Thumb Code     8  rt_locale_intlibspace.o(.text)
    _chval                                   0x0800054d   Thumb Code    28  _chval.o(.text)
    exit                                     0x08000569   Thumb Code    18  exit.o(.text)
    strcmp                                   0x0800057d   Thumb Code   104  strcmpv7m_pel.o(.text)
    OS_CPU_FP_Reg_Push                       0x080005e5   Thumb Code     0  os_cpu_a.o(CODE)
    OS_CPU_FP_Reg_Pop                        0x080005ff   Thumb Code     0  os_cpu_a.o(CODE)
    OSStartHighRdy                           0x08000611   Thumb Code     0  os_cpu_a.o(CODE)
    OSCtxSw                                  0x0800068d   Thumb Code     0  os_cpu_a.o(CODE)
    OSIntCtxSw                               0x08000697   Thumb Code     0  os_cpu_a.o(CODE)
    PendSV_Handler                           0x080006a1   Thumb Code     0  os_cpu_a.o(CODE)
    BSP_CPU_ClkFreq                          0x080006fd   Thumb Code    12  bsp.o(i.BSP_CPU_ClkFreq)
    BusFault_Handler                         0x08000709   Thumb Code     4  stm32f7xx_it.o(i.BusFault_Handler)
    CPU_Init                                 0x0800070d   Thumb Code    16  cpu_core.o(i.CPU_Init)
    CPU_IntDisMeasMaxCurGet                  0x080007bd   Thumb Code    40  cpu_core.o(i.CPU_IntDisMeasMaxCurGet)
    CPU_IntDisMeasMaxCurReset                0x080007e9   Thumb Code    40  cpu_core.o(i.CPU_IntDisMeasMaxCurReset)
    CPU_IntDisMeasMaxGet                     0x08000815   Thumb Code    40  cpu_core.o(i.CPU_IntDisMeasMaxGet)
    CPU_IntDisMeasStart                      0x08000841   Thumb Code    38  cpu_core.o(i.CPU_IntDisMeasStart)
    CPU_IntDisMeasStop                       0x08000875   Thumb Code    62  cpu_core.o(i.CPU_IntDisMeasStop)
    CPU_NameClr                              0x080008c9   Thumb Code    50  cpu_core.o(i.CPU_NameClr)
    CPU_TS_TmrFreqSet                        0x0800091d   Thumb Code     6  cpu_core.o(i.CPU_TS_TmrFreqSet)
    CPU_TS_TmrInit                           0x08000929   Thumb Code    44  bsp.o(i.CPU_TS_TmrInit)
    CPU_TS_TmrRd                             0x0800095d   Thumb Code     6  bsp.o(i.CPU_TS_TmrRd)
    Cache_Enable                             0x08000969   Thumb Code    96  sys.o(i.Cache_Enable)
    DebugMon_Handler                         0x080009d1   Thumb Code     2  stm32f7xx_it.o(i.DebugMon_Handler)
    FMC_NORSRAM_Extended_Timing_Init         0x080009d5   Thumb Code    66  stm32f7xx_ll_fmc.o(i.FMC_NORSRAM_Extended_Timing_Init)
    FMC_NORSRAM_Init                         0x08000a1d   Thumb Code   124  stm32f7xx_ll_fmc.o(i.FMC_NORSRAM_Init)
    FMC_NORSRAM_Timing_Init                  0x08000a9d   Thumb Code    94  stm32f7xx_ll_fmc.o(i.FMC_NORSRAM_Timing_Init)
    FMC_SDRAM_Init                           0x08000afb   Thumb Code   116  stm32f7xx_ll_fmc.o(i.FMC_SDRAM_Init)
    FMC_SDRAM_ProgramRefreshRate             0x08000b6f   Thumb Code    14  stm32f7xx_ll_fmc.o(i.FMC_SDRAM_ProgramRefreshRate)
    FMC_SDRAM_SendCommand                    0x08000b7d   Thumb Code    82  stm32f7xx_ll_fmc.o(i.FMC_SDRAM_SendCommand)
    FMC_SDRAM_Timing_Init                    0x08000bd1   Thumb Code   152  stm32f7xx_ll_fmc.o(i.FMC_SDRAM_Timing_Init)
    GPGGA_DAT                                0x08000c6d   Thumb Code    88  gps.o(i.GPGGA_DAT)
    GPGSA_DAT                                0x08000cd1   Thumb Code   182  gps.o(i.GPGSA_DAT)
    GPGSV_DAT                                0x08000d99   Thumb Code   532  gps.o(i.GPGSV_DAT)
    GPRMC_DAT                                0x08000fbd   Thumb Code   902  gps.o(i.GPRMC_DAT)
    GPS_task                                 0x0800139d   Thumb Code   298  main.o(i.GPS_task)
    HAL_GPIO_Init                            0x080014f5   Thumb Code   484  stm32f7xx_hal_gpio.o(i.HAL_GPIO_Init)
    HAL_GPIO_ReadPin                         0x0800170d   Thumb Code    16  stm32f7xx_hal_gpio.o(i.HAL_GPIO_ReadPin)
    HAL_GPIO_TogglePin                       0x0800171d   Thumb Code     8  stm32f7xx_hal_gpio.o(i.HAL_GPIO_TogglePin)
    HAL_GPIO_WritePin                        0x08001725   Thumb Code    12  stm32f7xx_hal_gpio.o(i.HAL_GPIO_WritePin)
    HAL_GetTick                              0x08001731   Thumb Code     6  stm32f7xx_hal.o(i.HAL_GetTick)
    HAL_IncTick                              0x0800173d   Thumb Code    12  stm32f7xx_hal.o(i.HAL_IncTick)
    HAL_Init                                 0x0800174d   Thumb Code    34  stm32f7xx_hal.o(i.HAL_Init)
    HAL_InitTick                             0x08001775   Thumb Code    36  stm32f7xx_hal.o(i.HAL_InitTick)
    HAL_LTDC_ConfigLayer                     0x0800179d   Thumb Code    94  stm32f7xx_hal_ltdc.o(i.HAL_LTDC_ConfigLayer)
    HAL_LTDC_Init                            0x080017fd   Thumb Code   290  stm32f7xx_hal_ltdc.o(i.HAL_LTDC_Init)
    HAL_LTDC_MspInit                         0x08001925   Thumb Code   294  ltdc.o(i.HAL_LTDC_MspInit)
    HAL_LTDC_SetWindowPosition               0x08001a65   Thumb Code   108  stm32f7xx_hal_ltdc.o(i.HAL_LTDC_SetWindowPosition)
    HAL_LTDC_SetWindowSize                   0x08001ad1   Thumb Code   116  stm32f7xx_hal_ltdc.o(i.HAL_LTDC_SetWindowSize)
    HAL_MPU_ConfigRegion                     0x08001b45   Thumb Code    88  stm32f7xx_hal_cortex.o(i.HAL_MPU_ConfigRegion)
    HAL_MspInit                              0x08001ba1   Thumb Code     2  stm32f7xx_hal.o(i.HAL_MspInit)
    HAL_NVIC_EnableIRQ                       0x08001ba3   Thumb Code    26  stm32f7xx_hal_cortex.o(i.HAL_NVIC_EnableIRQ)
    HAL_NVIC_SetPriority                     0x08001bbd   Thumb Code   124  stm32f7xx_hal_cortex.o(i.HAL_NVIC_SetPriority)
    HAL_NVIC_SetPriorityGrouping             0x08001c39   Thumb Code    32  stm32f7xx_hal_cortex.o(i.HAL_NVIC_SetPriorityGrouping)
    HAL_PWREx_EnableOverDrive                0x08001c61   Thumb Code   136  stm32f7xx_hal_pwr_ex.o(i.HAL_PWREx_EnableOverDrive)
    HAL_RCCEx_PeriphCLKConfig                0x08001cf1   Thumb Code  2428  stm32f7xx_hal_rcc_ex.o(i.HAL_RCCEx_PeriphCLKConfig)
    HAL_RCC_ClockConfig                      0x08002671   Thumb Code   420  stm32f7xx_hal_rcc.o(i.HAL_RCC_ClockConfig)
    HAL_RCC_GetHCLKFreq                      0x08002825   Thumb Code     6  stm32f7xx_hal_rcc.o(i.HAL_RCC_GetHCLKFreq)
    HAL_RCC_GetPCLK1Freq                     0x08002831   Thumb Code    36  stm32f7xx_hal_rcc.o(i.HAL_RCC_GetPCLK1Freq)
    HAL_RCC_GetPCLK2Freq                     0x0800285d   Thumb Code    36  stm32f7xx_hal_rcc.o(i.HAL_RCC_GetPCLK2Freq)
    HAL_RCC_GetSysClockFreq                  0x08002889   Thumb Code   168  stm32f7xx_hal_rcc.o(i.HAL_RCC_GetSysClockFreq)
    HAL_RCC_OscConfig                        0x0800293d   Thumb Code  1228  stm32f7xx_hal_rcc_ex.o(i.HAL_RCC_OscConfig)
    HAL_SDRAM_Init                           0x08002e0d   Thumb Code    64  stm32f7xx_hal_sdram.o(i.HAL_SDRAM_Init)
    HAL_SDRAM_MspInit                        0x08002e4d   Thumb Code   258  sdram.o(i.HAL_SDRAM_MspInit)
    HAL_SDRAM_ProgramRefreshRate             0x08002f69   Thumb Code    40  stm32f7xx_hal_sdram.o(i.HAL_SDRAM_ProgramRefreshRate)
    HAL_SDRAM_SendCommand                    0x08002f91   Thumb Code    58  stm32f7xx_hal_sdram.o(i.HAL_SDRAM_SendCommand)
    HAL_SRAM_Init                            0x08002fcb   Thumb Code    88  stm32f7xx_hal_sram.o(i.HAL_SRAM_Init)
    HAL_SRAM_MspInit                         0x08003025   Thumb Code   140  lcd.o(i.HAL_SRAM_MspInit)
    HAL_SYSTICK_CLKSourceConfig              0x080030bd   Thumb Code    40  stm32f7xx_hal_cortex.o(i.HAL_SYSTICK_CLKSourceConfig)
    HAL_SYSTICK_Config                       0x080030e5   Thumb Code    52  stm32f7xx_hal_cortex.o(i.HAL_SYSTICK_Config)
    HAL_UART_Init                            0x08003119   Thumb Code   120  stm32f7xx_hal_uart.o(i.HAL_UART_Init)
    HAL_UART_MspInit                         0x08003191   Thumb Code   294  usart.o(i.HAL_UART_MspInit)
    HAL_UART_Receive                         0x080032cd   Thumb Code   274  stm32f7xx_hal_uart.o(i.HAL_UART_Receive)
    HAL_UART_Transmit                        0x080033df   Thumb Code   198  stm32f7xx_hal_uart.o(i.HAL_UART_Transmit)
    HardFault_Handler                        0x080034a5   Thumb Code     4  stm32f7xx_it.o(i.HardFault_Handler)
    LCD_Clear                                0x080034a9   Thumb Code    58  lcd.o(i.LCD_Clear)
    LCD_Display_Dir                          0x080034f1   Thumb Code   376  lcd.o(i.LCD_Display_Dir)
    LCD_Fast_DrawPoint                       0x08003671   Thumb Code   278  lcd.o(i.LCD_Fast_DrawPoint)
    LCD_Init                                 0x08003795   Thumb Code  9318  lcd.o(i.LCD_Init)
    LCD_MPU_Config                           0x08005c09   Thumb Code   128  lcd.o(i.LCD_MPU_Config)
    LCD_Pow                                  0x08005c8d   Thumb Code    22  lcd.o(i.LCD_Pow)
    LCD_RD_DATA                              0x08005ca5   Thumb Code    14  lcd.o(i.LCD_RD_DATA)
    LCD_SSD_BackLightSet                     0x08005cb9   Thumb Code    72  lcd.o(i.LCD_SSD_BackLightSet)
    LCD_Scan_Dir                             0x08005d09   Thumb Code   624  lcd.o(i.LCD_Scan_Dir)
    LCD_SetCursor                            0x08005f7d   Thumb Code   306  lcd.o(i.LCD_SetCursor)
    LCD_ShowChar                             0x080060b5   Thumb Code   288  lcd.o(i.LCD_ShowChar)
    LCD_ShowNum                              0x080061f1   Thumb Code   148  lcd.o(i.LCD_ShowNum)
    LCD_ShowString                           0x08006285   Thumb Code   102  lcd.o(i.LCD_ShowString)
    LCD_ShowxNum                             0x080062eb   Thumb Code   190  lcd.o(i.LCD_ShowxNum)
    LCD_WR_DATA                              0x080063a9   Thumb Code    18  lcd.o(i.LCD_WR_DATA)
    LCD_WR_REG                               0x080063c1   Thumb Code    18  lcd.o(i.LCD_WR_REG)
    LCD_WriteRAM_Prepare                     0x080063d9   Thumb Code    10  lcd.o(i.LCD_WriteRAM_Prepare)
    LCD_WriteReg                             0x080063ed   Thumb Code    10  lcd.o(i.LCD_WriteReg)
    LED_Init                                 0x080063fd   Thumb Code    78  led.o(i.LED_Init)
    LTDC_Clear                               0x08006455   Thumb Code    32  ltdc.o(i.LTDC_Clear)
    LTDC_Clk_Set                             0x08006479   Thumb Code    38  ltdc.o(i.LTDC_Clk_Set)
    LTDC_Display_Dir                         0x080064a1   Thumb Code    40  ltdc.o(i.LTDC_Display_Dir)
    LTDC_Draw_Point                          0x080064cd   Thumb Code    70  ltdc.o(i.LTDC_Draw_Point)
    LTDC_Fill                                0x0800651d   Thumb Code   310  ltdc.o(i.LTDC_Fill)
    LTDC_Init                                0x08006665   Thumb Code   534  ltdc.o(i.LTDC_Init)
    LTDC_Layer_Parameter_Config              0x08006899   Thumb Code   114  ltdc.o(i.LTDC_Layer_Parameter_Config)
    LTDC_Layer_Window_Config                 0x08006915   Thumb Code    44  ltdc.o(i.LTDC_Layer_Window_Config)
    LTDC_PanelID_Read                        0x08006945   Thumb Code   188  ltdc.o(i.LTDC_PanelID_Read)
    LTDC_Select_Layer                        0x08006a0d   Thumb Code     6  ltdc.o(i.LTDC_Select_Layer)
    Mem_Clr                                  0x08006c2b   Thumb Code    18  lib_mem.o(i.Mem_Clr)
    Mem_Set                                  0x08006c3d   Thumb Code    84  lib_mem.o(i.Mem_Set)
    NMI_Handler                              0x08006c91   Thumb Code     2  stm32f7xx_it.o(i.NMI_Handler)
    OSCfg_Init                               0x08006ccd   Thumb Code     2  os_cfg_app.o(i.OSCfg_Init)
    OSIdleTaskHook                           0x08006cd1   Thumb Code    16  os_cpu_c.o(i.OSIdleTaskHook)
    OSInit                                   0x08006ce5   Thumb Code   258  os_core.o(i.OSInit)
    OSInitHook                               0x08006e31   Thumb Code    28  os_cpu_c.o(i.OSInitHook)
    OSIntEnter                               0x08006e59   Thumb Code    34  os_core.o(i.OSIntEnter)
    OSIntExit                                0x08006e85   Thumb Code   188  os_core.o(i.OSIntExit)
    OSMutexCreate                            0x08006f61   Thumb Code    98  os_mutex.o(i.OSMutexCreate)
    OSMutexPend                              0x08006fcd   Thumb Code   480  os_mutex.o(i.OSMutexPend)
    OSMutexPost                              0x080071b9   Thumb Code   366  os_mutex.o(i.OSMutexPost)
    OSSched                                  0x08007335   Thumb Code   134  os_core.o(i.OSSched)
    OSSchedLock                              0x080073d9   Thumb Code    92  os_core.o(i.OSSchedLock)
    OSSchedUnlock                            0x0800743d   Thumb Code   128  os_core.o(i.OSSchedUnlock)
    OSSemCreate                              0x080074c5   Thumb Code    96  os_sem.o(i.OSSemCreate)
    OSSemPend                                0x0800752d   Thumb Code   378  os_sem.o(i.OSSemPend)
    OSSemPost                                0x080076b5   Thumb Code    54  os_sem.o(i.OSSemPost)
    OSStart                                  0x080076f1   Thumb Code    78  os_core.o(i.OSStart)
    OSStatReset                              0x08007759   Thumb Code   294  os_stat.o(i.OSStatReset)
    OSStatTaskCPUUsageInit                   0x080078a1   Thumb Code   228  os_stat.o(i.OSStatTaskCPUUsageInit)
    OSStatTaskHook                           0x080079a1   Thumb Code    16  os_cpu_c.o(i.OSStatTaskHook)
    OSTaskCreate                             0x080079b5   Thumb Code   312  os_task.o(i.OSTaskCreate)
    OSTaskCreateHook                         0x08007af9   Thumb Code    20  os_cpu_c.o(i.OSTaskCreateHook)
    OSTaskDel                                0x08007b11   Thumb Code   400  os_task.o(i.OSTaskDel)
    OSTaskDelHook                            0x08007cad   Thumb Code    20  os_cpu_c.o(i.OSTaskDelHook)
    OSTaskResume                             0x08007cc5   Thumb Code    54  os_task.o(i.OSTaskResume)
    OSTaskReturnHook                         0x08007cfd   Thumb Code    20  os_cpu_c.o(i.OSTaskReturnHook)
    OSTaskSemPend                            0x08007d15   Thumb Code   448  os_task.o(i.OSTaskSemPend)
    OSTaskSemPost                            0x08007edd   Thumb Code    36  os_task.o(i.OSTaskSemPost)
    OSTaskStkChk                             0x08007f01   Thumb Code   184  os_task.o(i.OSTaskStkChk)
    OSTaskStkInit                            0x08007fbd   Thumb Code   600  os_cpu_c.o(i.OSTaskStkInit)
    OSTaskSuspend                            0x08008281   Thumb Code    32  os_task.o(i.OSTaskSuspend)
    OSTaskSwHook                             0x080082a5   Thumb Code   160  os_cpu_c.o(i.OSTaskSwHook)
    OSTimeDly                                0x08008351   Thumb Code   168  os_time.o(i.OSTimeDly)
    OSTimeDlyHMSM                            0x08008401   Thumb Code   262  os_time.o(i.OSTimeDlyHMSM)
    OSTimeTick                               0x08008515   Thumb Code    50  os_time.o(i.OSTimeTick)
    OSTimeTickHook                           0x08008559   Thumb Code    16  os_cpu_c.o(i.OSTimeTickHook)
    OS_Dbg_Init                              0x0800856d   Thumb Code   146  os_dbg.o(i.OS_Dbg_Init)
    OS_FlagInit                              0x08008715   Thumb Code    14  os_flag.o(i.OS_FlagInit)
    OS_IdleTask                              0x0800872d   Thumb Code    66  os_core.o(i.OS_IdleTask)
    OS_IdleTaskInit                          0x08008779   Thumb Code    66  os_core.o(i.OS_IdleTaskInit)
    OS_MemInit                               0x080087e9   Thumb Code    14  os_mem.o(i.OS_MemInit)
    OS_MsgPoolInit                           0x08008801   Thumb Code    80  os_msg.o(i.OS_MsgPoolInit)
    OS_MsgQFreeAll                           0x0800885d   Thumb Code    62  os_msg.o(i.OS_MsgQFreeAll)
    OS_MsgQInit                              0x080088a1   Thumb Code    14  os_msg.o(i.OS_MsgQInit)
    OS_MutexDbgListAdd                       0x080088b1   Thumb Code    38  os_mutex.o(i.OS_MutexDbgListAdd)
    OS_MutexGrpAdd                           0x080088e1   Thumb Code     8  os_mutex.o(i.OS_MutexGrpAdd)
    OS_MutexGrpPostAll                       0x080088e9   Thumb Code    96  os_mutex.o(i.OS_MutexGrpPostAll)
    OS_MutexGrpPrioFindHighest               0x08008949   Thumb Code    44  os_mutex.o(i.OS_MutexGrpPrioFindHighest)
    OS_MutexGrpRemove                        0x08008975   Thumb Code    28  os_mutex.o(i.OS_MutexGrpRemove)
    OS_MutexInit                             0x08008991   Thumb Code    14  os_mutex.o(i.OS_MutexInit)
    OS_Pend                                  0x080089a9   Thumb Code   100  os_core.o(i.OS_Pend)
    OS_PendDataInit                          0x08008a11   Thumb Code    40  os_core.o(i.OS_PendDataInit)
    OS_PendDbgNameAdd                        0x08008a39   Thumb Code    66  os_core.o(i.OS_PendDbgNameAdd)
    OS_PendDbgNameRemove                     0x08008a95   Thumb Code    30  os_core.o(i.OS_PendDbgNameRemove)
    OS_PendListChangePrio                    0x08008ab9   Thumb Code    58  os_core.o(i.OS_PendListChangePrio)
    OS_PendListInit                          0x08008af3   Thumb Code    10  os_core.o(i.OS_PendListInit)
    OS_PendListInsertPrio                    0x08008afd   Thumb Code   102  os_core.o(i.OS_PendListInsertPrio)
    OS_PendListRemove                        0x08008b63   Thumb Code    52  os_core.o(i.OS_PendListRemove)
    OS_PendListRemove1                       0x08008b97   Thumb Code    66  os_core.o(i.OS_PendListRemove1)
    OS_Post                                  0x08008bd9   Thumb Code   214  os_core.o(i.OS_Post)
    OS_Post1                                 0x08008caf   Thumb Code    44  os_core.o(i.OS_Post1)
    OS_PrioGetHighest                        0x08008cdd   Thumb Code    36  os_prio.o(i.OS_PrioGetHighest)
    OS_PrioInit                              0x08008d05   Thumb Code    20  os_prio.o(i.OS_PrioInit)
    OS_PrioInsert                            0x08008d1d   Thumb Code    32  os_prio.o(i.OS_PrioInsert)
    OS_PrioRemove                            0x08008d41   Thumb Code    32  os_prio.o(i.OS_PrioRemove)
    OS_QInit                                 0x08008d65   Thumb Code    14  os_q.o(i.OS_QInit)
    OS_RdyListInit                           0x08008d7d   Thumb Code    32  os_core.o(i.OS_RdyListInit)
    OS_RdyListInsert                         0x08008da1   Thumb Code    40  os_core.o(i.OS_RdyListInsert)
    OS_RdyListInsertHead                     0x08008dcd   Thumb Code    58  os_core.o(i.OS_RdyListInsertHead)
    OS_RdyListInsertTail                     0x08008e0d   Thumb Code    56  os_core.o(i.OS_RdyListInsertTail)
    OS_RdyListRemove                         0x08008e49   Thumb Code    86  os_core.o(i.OS_RdyListRemove)
    OS_SemDbgListAdd                         0x08008ea5   Thumb Code    38  os_sem.o(i.OS_SemDbgListAdd)
    OS_SemInit                               0x08008ed5   Thumb Code    14  os_sem.o(i.OS_SemInit)
    OS_SemPost                               0x08008eed   Thumb Code   318  os_sem.o(i.OS_SemPost)
    OS_StatTask                              0x0800902d   Thumb Code   738  os_stat.o(i.OS_StatTask)
    OS_StatTaskInit                          0x08009351   Thumb Code   136  os_stat.o(i.OS_StatTaskInit)
    OS_TaskBlock                             0x0800941d   Thumb Code    40  os_core.o(i.OS_TaskBlock)
    OS_TaskChangePrio                        0x08009449   Thumb Code   232  os_task.o(i.OS_TaskChangePrio)
    OS_TaskDbgListAdd                        0x08009535   Thumb Code    42  os_task.o(i.OS_TaskDbgListAdd)
    OS_TaskDbgListRemove                     0x08009565   Thumb Code    64  os_task.o(i.OS_TaskDbgListRemove)
    OS_TaskInit                              0x080095a9   Thumb Code    18  os_task.o(i.OS_TaskInit)
    OS_TaskInitTCB                           0x080095c9   Thumb Code   182  os_task.o(i.OS_TaskInitTCB)
    OS_TaskResume                            0x0800968d   Thumb Code   284  os_task.o(i.OS_TaskResume)
    OS_TaskReturn                            0x080097a9   Thumb Code    20  os_task.o(i.OS_TaskReturn)
    OS_TaskSemPost                           0x080097c1   Thumb Code   492  os_task.o(i.OS_TaskSemPost)
    OS_TaskSuspend                           0x080099b1   Thumb Code   304  os_task.o(i.OS_TaskSuspend)
    OS_TickListInsert                        0x08009ae9   Thumb Code   134  os_tick.o(i.OS_TickListInsert)
    OS_TickListInsertDly                     0x08009b71   Thumb Code   180  os_tick.o(i.OS_TickListInsertDly)
    OS_TickListRemove                        0x08009c2d   Thumb Code    88  os_tick.o(i.OS_TickListRemove)
    OS_TickTask                              0x08009e41   Thumb Code    98  os_tick.o(i.OS_TickTask)
    OS_TickTaskInit                          0x08009ead   Thumb Code   140  os_tick.o(i.OS_TickTaskInit)
    OS_TmrInit                               0x08009f75   Thumb Code   200  os_tmr.o(i.OS_TmrInit)
    OS_TmrTask                               0x0800a0c1   Thumb Code   134  os_tmr.o(i.OS_TmrTask)
    OS_TmrUnlink                             0x0800a155   Thumb Code    58  os_tmr.o(i.OS_TmrUnlink)
    SDRAM_Init                               0x0800a249   Thumb Code   162  sdram.o(i.SDRAM_Init)
    SDRAM_Send_Cmd                           0x0800a2f5   Thumb Code    68  sdram.o(i.SDRAM_Send_Cmd)
    SVC_Handler                              0x0800a33d   Thumb Code     2  stm32f7xx_it.o(i.SVC_Handler)
    Stm32_Clock_Init                         0x0800a341   Thumb Code   170  sys.o(i.Stm32_Clock_Init)
    SysTick_Handler                          0x0800a3f5   Thumb Code    28  delay.o(i.SysTick_Handler)
    SystemInit                               0x0800a415   Thumb Code    82  system_stm32f7xx.o(i.SystemInit)
    UART7_IRQHandler                         0x0800a479   Thumb Code   114  usart.o(i.UART7_IRQHandler)
    UART_AdvFeatureConfig                    0x0800a501   Thumb Code   234  stm32f7xx_hal_uart.o(i.UART_AdvFeatureConfig)
    UART_CheckIdleState                      0x0800a5eb   Thumb Code   116  stm32f7xx_hal_uart.o(i.UART_CheckIdleState)
    UART_SetConfig                           0x0800a661   Thumb Code   858  stm32f7xx_hal_uart.o(i.UART_SetConfig)
    UART_WaitOnFlagUntilTimeout              0x0800a9ed   Thumb Code   108  stm32f7xx_hal_uart.o(i.UART_WaitOnFlagUntilTimeout)
    USART2_IRQHandler                        0x0800aa59   Thumb Code   178  usart.o(i.USART2_IRQHandler)
    UsageFault_Handler                       0x0800ab29   Thumb Code     4  stm32f7xx_it.o(i.UsageFault_Handler)
    _sys_exit                                0x0800ab2d   Thumb Code     4  usart.o(i._sys_exit)
    delay_init                               0x0800ab31   Thumb Code    74  delay.o(i.delay_init)
    delay_ms                                 0x0800ab8d   Thumb Code    66  delay.o(i.delay_ms)
    delay_osschedlock                        0x0800abdd   Thumb Code    10  delay.o(i.delay_osschedlock)
    delay_osschedunlock                      0x0800abe7   Thumb Code    10  delay.o(i.delay_osschedunlock)
    delay_ostimedly                          0x0800abf1   Thumb Code    16  delay.o(i.delay_ostimedly)
    delay_us                                 0x0800ac01   Thumb Code    84  delay.o(i.delay_us)
    main                                     0x0800ac59   Thumb Code   200  main.o(i.main)
    start_task                               0x0800ad69   Thumb Code   178  main.o(i.start_task)
    task2_task                               0x0800ae59   Thumb Code    54  main.o(i.task2_task)
    uart2_init                               0x0800ae99   Thumb Code    34  usart.o(i.uart2_init)
    uart7_init                               0x0800aec5   Thumb Code    34  usart.o(i.uart7_init)
    uart_init                                0x0800aef1   Thumb Code    20  usart.o(i.uart_init)
    _get_lc_ctype                            0x0800af05   Thumb Code    44  lc_ctype_c.o(locale$$code)
    _fp_init                                 0x0800af31   Thumb Code    10  fpinit.o(x$fpl$fpinit)
    __fplib_config_fpu_vfp                   0x0800af39   Thumb Code     0  fpinit.o(x$fpl$fpinit)
    __fplib_config_pureend_doubles           0x0800af39   Thumb Code     0  fpinit.o(x$fpl$fpinit)
    AHBPrescTable                            0x0800af3a   Data          16  system_stm32f7xx.o(.constdata)
    APBPrescTable                            0x0800af4a   Data           8  system_stm32f7xx.o(.constdata)
    asc2_1206                                0x0800af52   Data        1140  lcd.o(.constdata)
    asc2_1608                                0x0800b3c6   Data        1520  lcd.o(.constdata)
    asc2_2412                                0x0800b9b6   Data        3420  lcd.o(.constdata)
    asc2_3216                                0x0800c712   Data       12160  lcd.o(.constdata)
    OSCfg_IdleTaskStkBasePtr                 0x0800f694   Data           4  os_cfg_app.o(.constdata)
    OSCfg_IdleTaskStkLimit                   0x0800f698   Data           4  os_cfg_app.o(.constdata)
    OSCfg_IdleTaskStkSize                    0x0800f69c   Data           4  os_cfg_app.o(.constdata)
    OSCfg_IdleTaskStkSizeRAM                 0x0800f6a0   Data           4  os_cfg_app.o(.constdata)
    OSCfg_IntQBasePtr                        0x0800f6a4   Data           4  os_cfg_app.o(.constdata)
    OSCfg_IntQSize                           0x0800f6a8   Data           2  os_cfg_app.o(.constdata)
    OSCfg_IntQSizeRAM                        0x0800f6ac   Data           4  os_cfg_app.o(.constdata)
    OSCfg_IntQTaskStkBasePtr                 0x0800f6b0   Data           4  os_cfg_app.o(.constdata)
    OSCfg_IntQTaskStkLimit                   0x0800f6b4   Data           4  os_cfg_app.o(.constdata)
    OSCfg_IntQTaskStkSize                    0x0800f6b8   Data           4  os_cfg_app.o(.constdata)
    OSCfg_IntQTaskStkSizeRAM                 0x0800f6bc   Data           4  os_cfg_app.o(.constdata)
    OSCfg_ISRStkBasePtr                      0x0800f6c0   Data           4  os_cfg_app.o(.constdata)
    OSCfg_ISRStkSize                         0x0800f6c4   Data           4  os_cfg_app.o(.constdata)
    OSCfg_ISRStkSizeRAM                      0x0800f6c8   Data           4  os_cfg_app.o(.constdata)
    OSCfg_MsgPoolSize                        0x0800f6cc   Data           2  os_cfg_app.o(.constdata)
    OSCfg_MsgPoolSizeRAM                     0x0800f6d0   Data           4  os_cfg_app.o(.constdata)
    OSCfg_MsgPoolBasePtr                     0x0800f6d4   Data           4  os_cfg_app.o(.constdata)
    OSCfg_StatTaskPrio                       0x0800f6d8   Data           1  os_cfg_app.o(.constdata)
    OSCfg_StatTaskRate_Hz                    0x0800f6dc   Data           4  os_cfg_app.o(.constdata)
    OSCfg_StatTaskStkBasePtr                 0x0800f6e0   Data           4  os_cfg_app.o(.constdata)
    OSCfg_StatTaskStkLimit                   0x0800f6e4   Data           4  os_cfg_app.o(.constdata)
    OSCfg_StatTaskStkSize                    0x0800f6e8   Data           4  os_cfg_app.o(.constdata)
    OSCfg_StatTaskStkSizeRAM                 0x0800f6ec   Data           4  os_cfg_app.o(.constdata)
    OSCfg_StkSizeMin                         0x0800f6f0   Data           4  os_cfg_app.o(.constdata)
    OSCfg_TickRate_Hz                        0x0800f6f4   Data           4  os_cfg_app.o(.constdata)
    OSCfg_TickTaskPrio                       0x0800f6f8   Data           1  os_cfg_app.o(.constdata)
    OSCfg_TickTaskStkBasePtr                 0x0800f6fc   Data           4  os_cfg_app.o(.constdata)
    OSCfg_TickTaskStkLimit                   0x0800f700   Data           4  os_cfg_app.o(.constdata)
    OSCfg_TickTaskStkSize                    0x0800f704   Data           4  os_cfg_app.o(.constdata)
    OSCfg_TickTaskStkSizeRAM                 0x0800f708   Data           4  os_cfg_app.o(.constdata)
    OSCfg_TmrTaskPrio                        0x0800f70c   Data           1  os_cfg_app.o(.constdata)
    OSCfg_TmrTaskRate_Hz                     0x0800f710   Data           4  os_cfg_app.o(.constdata)
    OSCfg_TmrTaskStkBasePtr                  0x0800f714   Data           4  os_cfg_app.o(.constdata)
    OSCfg_TmrTaskStkLimit                    0x0800f718   Data           4  os_cfg_app.o(.constdata)
    OSCfg_TmrTaskStkSize                     0x0800f71c   Data           4  os_cfg_app.o(.constdata)
    OSCfg_TmrTaskStkSizeRAM                  0x0800f720   Data           4  os_cfg_app.o(.constdata)
    OSCfg_DataSizeRAM                        0x0800f724   Data           4  os_cfg_app.o(.constdata)
    OSDbg_DbgEn                              0x0800f728   Data           1  os_dbg.o(.constdata)
    OSDbg_ArgChkEn                           0x0800f729   Data           1  os_dbg.o(.constdata)
    OSDbg_AppHooksEn                         0x0800f72a   Data           1  os_dbg.o(.constdata)
    OSDbg_EndiannessTest                     0x0800f72c   Data           4  os_dbg.o(.constdata)
    OSDbg_CalledFromISRChkEn                 0x0800f730   Data           1  os_dbg.o(.constdata)
    OSDbg_FlagEn                             0x0800f731   Data           1  os_dbg.o(.constdata)
    OSDbg_FlagGrp                            0x0800f734   Data          40  os_dbg.o(.constdata)
    OSDbg_FlagDelEn                          0x0800f75c   Data           1  os_dbg.o(.constdata)
    OSDbg_FlagModeClrEn                      0x0800f75d   Data           1  os_dbg.o(.constdata)
    OSDbg_FlagPendAbortEn                    0x0800f75e   Data           1  os_dbg.o(.constdata)
    OSDbg_FlagGrpSize                        0x0800f760   Data           2  os_dbg.o(.constdata)
    OSDbg_FlagWidth                          0x0800f762   Data           2  os_dbg.o(.constdata)
    OSDbg_IntQ                               0x0800f764   Data           2  os_dbg.o(.constdata)
    OSDbg_ISRPostDeferredEn                  0x0800f766   Data           1  os_dbg.o(.constdata)
    OSDbg_Mem                                0x0800f768   Data          32  os_dbg.o(.constdata)
    OSDbg_MemEn                              0x0800f788   Data           1  os_dbg.o(.constdata)
    OSDbg_MemSize                            0x0800f78a   Data           2  os_dbg.o(.constdata)
    OSDbg_MsgEn                              0x0800f78c   Data           1  os_dbg.o(.constdata)
    OSDbg_MsgSize                            0x0800f78e   Data           2  os_dbg.o(.constdata)
    OSDbg_MsgPoolSize                        0x0800f790   Data           2  os_dbg.o(.constdata)
    OSDbg_MsgQSize                           0x0800f792   Data           2  os_dbg.o(.constdata)
    OSDbg_Mutex                              0x0800f794   Data          48  os_dbg.o(.constdata)
    OSDbg_MutexEn                            0x0800f7c4   Data           1  os_dbg.o(.constdata)
    OSDbg_MutexDelEn                         0x0800f7c5   Data           1  os_dbg.o(.constdata)
    OSDbg_MutexPendAbortEn                   0x0800f7c6   Data           1  os_dbg.o(.constdata)
    OSDbg_MutexSize                          0x0800f7c8   Data           2  os_dbg.o(.constdata)
    OSDbg_ObjTypeChkEn                       0x0800f7ca   Data           1  os_dbg.o(.constdata)
    OSDbg_PendMultiEn                        0x0800f7cb   Data           1  os_dbg.o(.constdata)
    OSDbg_PendDataSize                       0x0800f7cc   Data           2  os_dbg.o(.constdata)
    OSDbg_PendListSize                       0x0800f7ce   Data           2  os_dbg.o(.constdata)
    OSDbg_PendObjSize                        0x0800f7d0   Data           2  os_dbg.o(.constdata)
    OSDbg_PrioMax                            0x0800f7d2   Data           2  os_dbg.o(.constdata)
    OSDbg_PrioTblSize                        0x0800f7d4   Data           2  os_dbg.o(.constdata)
    OSDbg_PtrSize                            0x0800f7d6   Data           2  os_dbg.o(.constdata)
    OSDbg_Q                                  0x0800f7d8   Data          48  os_dbg.o(.constdata)
    OSDbg_QEn                                0x0800f808   Data           1  os_dbg.o(.constdata)
    OSDbg_QDelEn                             0x0800f809   Data           1  os_dbg.o(.constdata)
    OSDbg_QFlushEn                           0x0800f80a   Data           1  os_dbg.o(.constdata)
    OSDbg_QPendAbortEn                       0x0800f80b   Data           1  os_dbg.o(.constdata)
    OSDbg_QSize                              0x0800f80c   Data           2  os_dbg.o(.constdata)
    OSDbg_SchedRoundRobinEn                  0x0800f80e   Data           1  os_dbg.o(.constdata)
    OSDbg_Sem                                0x0800f810   Data          40  os_dbg.o(.constdata)
    OSDbg_SemEn                              0x0800f838   Data           1  os_dbg.o(.constdata)
    OSDbg_SemDelEn                           0x0800f839   Data           1  os_dbg.o(.constdata)
    OSDbg_SemPendAbortEn                     0x0800f83a   Data           1  os_dbg.o(.constdata)
    OSDbg_SemSetEn                           0x0800f83b   Data           1  os_dbg.o(.constdata)
    OSDbg_SemSize                            0x0800f83c   Data           2  os_dbg.o(.constdata)
    OSDbg_RdyList                            0x0800f83e   Data           2  os_dbg.o(.constdata)
    OSDbg_RdyListSize                        0x0800f840   Data           4  os_dbg.o(.constdata)
    OSDbg_StkWidth                           0x0800f844   Data           1  os_dbg.o(.constdata)
    OSDbg_StatTaskEn                         0x0800f845   Data           1  os_dbg.o(.constdata)
    OSDbg_StatTaskStkChkEn                   0x0800f846   Data           1  os_dbg.o(.constdata)
    OSDbg_TaskChangePrioEn                   0x0800f847   Data           1  os_dbg.o(.constdata)
    OSDbg_TaskDelEn                          0x0800f848   Data           1  os_dbg.o(.constdata)
    OSDbg_TaskQEn                            0x0800f849   Data           1  os_dbg.o(.constdata)
    OSDbg_TaskQPendAbortEn                   0x0800f84a   Data           1  os_dbg.o(.constdata)
    OSDbg_TaskProfileEn                      0x0800f84b   Data           1  os_dbg.o(.constdata)
    OSDbg_TaskRegTblSize                     0x0800f84c   Data           2  os_dbg.o(.constdata)
    OSDbg_TaskSemPendAbortEn                 0x0800f84e   Data           1  os_dbg.o(.constdata)
    OSDbg_TaskSuspendEn                      0x0800f84f   Data           1  os_dbg.o(.constdata)
    OSDbg_TCBSize                            0x0800f850   Data           2  os_dbg.o(.constdata)
    OSDbg_TickListSize                       0x0800f852   Data           2  os_dbg.o(.constdata)
    OSDbg_TimeDlyHMSMEn                      0x0800f854   Data           1  os_dbg.o(.constdata)
    OSDbg_TimeDlyResumeEn                    0x0800f855   Data           1  os_dbg.o(.constdata)
    OSDbg_TLS_TblSize                        0x0800f856   Data           2  os_dbg.o(.constdata)
    OSDbg_Tmr                                0x0800f858   Data          48  os_dbg.o(.constdata)
    OSDbg_TmrEn                              0x0800f888   Data           1  os_dbg.o(.constdata)
    OSDbg_TmrDelEn                           0x0800f889   Data           1  os_dbg.o(.constdata)
    OSDbg_TmrSize                            0x0800f88a   Data           2  os_dbg.o(.constdata)
    OSDbg_VersionNbr                         0x0800f88c   Data           2  os_dbg.o(.constdata)
    OSDbg_DataSize                           0x0800f890   Data           4  os_dbg.o(.constdata)
    Region$$Table$$Base                      0x0800f894   Number         0  anon$$obj.o(Region$$Table)
    Region$$Table$$Limit                     0x0800f8b4   Number         0  anon$$obj.o(Region$$Table)
    __ctype                                  0x0800f8c1   Data           0  lc_ctype_c.o(locale$$data)
    SystemCoreClock                          0x20020000   Data           4  system_stm32f7xx.o(.data)
    uwTick                                   0x20020004   Data           4  stm32f7xx_hal.o(.data)
    Receive_cnt                              0x20020010   Data           1  usart.o(.data)
    TxCounter4                               0x20020011   Data           1  usart.o(.data)
    RxCounter4                               0x20020012   Data           1  usart.o(.data)
    Rec_Len                                  0x20020013   Data           1  usart.o(.data)
    rec_f                                    0x20020014   Data           1  usart.o(.data)
    tx_flag                                  0x20020015   Data           1  usart.o(.data)
    flash_led                                0x20020016   Data           1  usart.o(.data)
    __stdout                                 0x20020018   Data           4  usart.o(.data)
    POINT_COLOR                              0x2002001c   Data           4  lcd.o(.data)
    BACK_COLOR                               0x20020020   Data           4  lcd.o(.data)
    ltdc_framebuf                            0x20020024   Data           8  ltdc.o(.data)
    Hour                                     0x2002002c   Data           1  gps.o(.data)
    Min                                      0x2002002d   Data           1  gps.o(.data)
    Sec                                      0x2002002e   Data           1  gps.o(.data)
    Day                                      0x2002002f   Data           1  gps.o(.data)
    Mouth                                    0x20020030   Data           1  gps.o(.data)
    Year                                     0x20020031   Data           1  gps.o(.data)
    GPS_VA                                   0x20020032   Data           1  gps.o(.data)
    weidu_dir                                0x20020033   Data           1  gps.o(.data)
    jingdu_dir                               0x20020034   Data           1  gps.o(.data)
    star_num                                 0x20020035   Data           1  gps.o(.data)
    star_num_t                               0x20020036   Data           1  gps.o(.data)
    GPS_3D                                   0x20020037   Data           1  gps.o(.data)
    jingdu                                   0x20020038   Data           4  gps.o(.data)
    weidu                                    0x2002003c   Data           4  gps.o(.data)
    GPS_ATLI                                 0x20020040   Data           2  gps.o(.data)
    CPU_TS_TmrFreq_Hz                        0x20020044   Data           4  cpu_core.o(.data)
    CPU_IntDisMeasCtr                        0x20020048   Data           2  cpu_core.o(.data)
    CPU_IntDisNestCtr                        0x2002004a   Data           2  cpu_core.o(.data)
    CPU_IntDisMeasStart_cnts                 0x2002004c   Data           4  cpu_core.o(.data)
    CPU_IntDisMeasStop_cnts                  0x20020050   Data           4  cpu_core.o(.data)
    CPU_IntDisMeasOvrhd_cnts                 0x20020054   Data           4  cpu_core.o(.data)
    CPU_IntDisMeasMaxCur_cnts                0x20020058   Data           4  cpu_core.o(.data)
    CPU_IntDisMeasMax_cnts                   0x2002005c   Data           4  cpu_core.o(.data)
    OSPrioTbl                                0x20020060   Data           8  os_prio.o(.data)
    OS_AppTaskCreateHookPtr                  0x20020068   Data           4  os_var.o(.data)
    OS_AppTaskDelHookPtr                     0x2002006c   Data           4  os_var.o(.data)
    OS_AppTaskReturnHookPtr                  0x20020070   Data           4  os_var.o(.data)
    OS_AppIdleTaskHookPtr                    0x20020074   Data           4  os_var.o(.data)
    OS_AppStatTaskHookPtr                    0x20020078   Data           4  os_var.o(.data)
    OS_AppTaskSwHookPtr                      0x2002007c   Data           4  os_var.o(.data)
    OS_AppTimeTickHookPtr                    0x20020080   Data           4  os_var.o(.data)
    OSIdleTaskCtr                            0x20020084   Data           4  os_var.o(.data)
    OSIntNestingCtr                          0x20020088   Data           1  os_var.o(.data)
    OSIntDisTimeMax                          0x2002008c   Data           4  os_var.o(.data)
    OSRunning                                0x20020090   Data           1  os_var.o(.data)
    OSFlagDbgListPtr                         0x20020094   Data           4  os_var.o(.data)
    OSFlagQty                                0x20020098   Data           2  os_var.o(.data)
    OSMemDbgListPtr                          0x2002009c   Data           4  os_var.o(.data)
    OSMemQty                                 0x200200a0   Data           2  os_var.o(.data)
    OSMutexDbgListPtr                        0x200200a4   Data           4  os_var.o(.data)
    OSMutexQty                               0x200200a8   Data           2  os_var.o(.data)
    OSPrioCur                                0x200200aa   Data           1  os_var.o(.data)
    OSPrioHighRdy                            0x200200ab   Data           1  os_var.o(.data)
    OSPrioSaved                              0x200200ac   Data           1  os_var.o(.data)
    OSQDbgListPtr                            0x200200b0   Data           4  os_var.o(.data)
    OSQQty                                   0x200200b4   Data           2  os_var.o(.data)
    OSSchedLockNestingCtr                    0x200200b6   Data           1  os_var.o(.data)
    OSSemDbgListPtr                          0x200200b8   Data           4  os_var.o(.data)
    OSSemQty                                 0x200200bc   Data           2  os_var.o(.data)
    OSStatResetFlag                          0x200200be   Data           1  os_var.o(.data)
    OSStatTaskCPUUsage                       0x200200c0   Data           2  os_var.o(.data)
    OSStatTaskCPUUsageMax                    0x200200c2   Data           2  os_var.o(.data)
    OSStatTaskCtr                            0x200200c4   Data           4  os_var.o(.data)
    OSStatTaskCtrMax                         0x200200c8   Data           4  os_var.o(.data)
    OSStatTaskCtrRun                         0x200200cc   Data           4  os_var.o(.data)
    OSStatTaskRdy                            0x200200d0   Data           1  os_var.o(.data)
    OSStatTaskTimeMax                        0x200200d4   Data           4  os_var.o(.data)
    OSTaskCtxSwCtr                           0x200200d8   Data           4  os_var.o(.data)
    OSTaskDbgListPtr                         0x200200dc   Data           4  os_var.o(.data)
    OSTaskQty                                0x200200e0   Data           2  os_var.o(.data)
    OSTaskRegNextAvailID                     0x200200e2   Data           1  os_var.o(.data)
    OSTickCtr                                0x200200e4   Data           4  os_var.o(.data)
    OSTickTaskTimeMax                        0x200200e8   Data           4  os_var.o(.data)
    OSTickListDly                            0x200200ec   Data           8  os_var.o(.data)
    OSTickListTimeout                        0x200200f4   Data           8  os_var.o(.data)
    OSTmrDbgListPtr                          0x200200fc   Data           4  os_var.o(.data)
    OSTmrListEntries                         0x20020100   Data           2  os_var.o(.data)
    OSTmrListPtr                             0x20020104   Data           4  os_var.o(.data)
    OSTmrQty                                 0x20020108   Data           2  os_var.o(.data)
    OSTmrTaskTimeMax                         0x2002010c   Data           4  os_var.o(.data)
    OSTmrTickCtr                             0x20020110   Data           4  os_var.o(.data)
    OSTmrUpdateCnt                           0x20020114   Data           4  os_var.o(.data)
    OSTmrUpdateCtr                           0x20020118   Data           4  os_var.o(.data)
    OSTCBCurPtr                              0x2002011c   Data           4  os_var.o(.data)
    OSTCBHighRdyPtr                          0x20020120   Data           4  os_var.o(.data)
    OS_CPU_ExceptStkBase                     0x20020124   Data           4  os_cpu_c.o(.data)
    StartTaskTCB                             0x20020128   Data         192  main.o(.bss)
    START_TASK_STK                           0x200201e8   Data         512  main.o(.bss)
    GPS_TaskTCB                              0x200203e8   Data         192  main.o(.bss)
    GPS_TASK_STK                             0x200204a8   Data         512  main.o(.bss)
    Task2_TaskTCB                            0x200206a8   Data         192  main.o(.bss)
    TASK2_TASK_STK                           0x20020768   Data         512  main.o(.bss)
    GPS_SEM                                  0x20020968   Data          40  main.o(.bss)
    Receive_data                             0x20020990   Data          10  usart.o(.bss)
    TxBuffer3                                0x2002099a   Data         400  usart.o(.bss)
    RxBuffer4                                0x20020b2a   Data         400  usart.o(.bss)
    TxBuffer1                                0x20020cba   Data         400  usart.o(.bss)
    UART2_Handler                            0x20020e4c   Data         112  usart.o(.bss)
    UART3_Handler                            0x20020ebc   Data         112  usart.o(.bss)
    UART7_Handler                            0x20020f2c   Data         112  usart.o(.bss)
    UART5_Handler                            0x20020f9c   Data         112  usart.o(.bss)
    SRAM_Handler                             0x2002100c   Data          76  lcd.o(.bss)
    lcddev                                   0x20021058   Data          14  lcd.o(.bss)
    LTDC_Handler                             0x20021068   Data         168  ltdc.o(.bss)
    DMA2D_Handler                            0x20021110   Data          88  ltdc.o(.bss)
    lcdltdc                                  0x20021168   Data          32  ltdc.o(.bss)
    SDRAM_Handler                            0x20021188   Data          52  sdram.o(.bss)
    star_run                                 0x200211bc   Data          12  gps.o(.bss)
    star_info                                0x200211c8   Data          96  gps.o(.bss)
    star_info_t                              0x20021228   Data          96  gps.o(.bss)
    CPU_Name                                 0x20021288   Data          16  cpu_core.o(.bss)
    OSCfg_IdleTaskStk                        0x20021298   Data         512  os_cfg_app.o(.bss)
    OSCfg_ISRStk                             0x20021498   Data         400  os_cfg_app.o(.bss)
    OSCfg_MsgPool                            0x20021628   Data        1600  os_cfg_app.o(.bss)
    OSCfg_StatTaskStk                        0x20021c68   Data         400  os_cfg_app.o(.bss)
    OSCfg_TickTaskStk                        0x20021df8   Data         512  os_cfg_app.o(.bss)
    OSCfg_TmrTaskStk                         0x20021ff8   Data         512  os_cfg_app.o(.bss)
    OSIdleTaskTCB                            0x200221f8   Data         192  os_var.o(.bss)
    OSMsgPool                                0x200222b8   Data          12  os_var.o(.bss)
    OSRdyList                                0x200222c4   Data         768  os_var.o(.bss)
    OSStatTaskTCB                            0x200225c4   Data         192  os_var.o(.bss)
    OSTickTaskTCB                            0x20022684   Data         192  os_var.o(.bss)
    OSTmrMutex                               0x20022744   Data          48  os_var.o(.bss)
    OSTmrTaskTCB                             0x20022774   Data         192  os_var.o(.bss)
    __libspace_start                         0x20022834   Data          96  libspace.o(.bss)
    __temporary_stack_top$libspace           0x20022894   Data           0  libspace.o(.bss)
    ltdc_lcd_framebuf                        0xc0000000   Data       2048000  ltdc.o(.ARM.__AT_0xC0000000)



==============================================================================

Memory Map of the image

  Image Entry point : 0x080001f9

  Load Region LR_IROM1 (Base: 0x08000000, Size: 0x0000faec, Max: 0x00100000, ABSOLUTE)

    Execution Region ER_IROM1 (Exec base: 0x08000000, Load base: 0x08000000, Size: 0x0000f9c4, Max: 0x00100000, ABSOLUTE)

    Exec Addr    Load Addr    Size         Type   Attr      Idx    E Section Name        Object

    0x08000000   0x08000000   0x000001f8   Data   RO          603    RESET               startup_stm32f767xx.o
    0x080001f8   0x080001f8   0x00000008   Code   RO         5550  * !!!main             c_w.l(__main.o)
    0x08000200   0x08000200   0x00000034   Code   RO         5738    !!!scatter          c_w.l(__scatter.o)
    0x08000234   0x08000234   0x0000001a   Code   RO         5740    !!handler_copy      c_w.l(__scatter_copy.o)
    0x0800024e   0x0800024e   0x00000002   PAD
    0x08000250   0x08000250   0x0000001c   Code   RO         5742    !!handler_zi        c_w.l(__scatter_zi.o)
    0x0800026c   0x0800026c   0x00000002   Code   RO         5613    .ARM.Collect$$libinit$$00000000  c_w.l(libinit.o)
    0x0800026e   0x0800026e   0x00000004   Code   RO         5624    .ARM.Collect$$libinit$$00000001  c_w.l(libinit2.o)
    0x08000272   0x08000272   0x00000000   Code   RO         5627    .ARM.Collect$$libinit$$00000004  c_w.l(libinit2.o)
    0x08000272   0x08000272   0x00000000   Code   RO         5630    .ARM.Collect$$libinit$$0000000A  c_w.l(libinit2.o)
    0x08000272   0x08000272   0x00000000   Code   RO         5632    .ARM.Collect$$libinit$$0000000C  c_w.l(libinit2.o)
    0x08000272   0x08000272   0x00000000   Code   RO         5634    .ARM.Collect$$libinit$$0000000E  c_w.l(libinit2.o)
    0x08000272   0x08000272   0x00000006   Code   RO         5635    .ARM.Collect$$libinit$$0000000F  c_w.l(libinit2.o)
    0x08000278   0x08000278   0x00000000   Code   RO         5637    .ARM.Collect$$libinit$$00000011  c_w.l(libinit2.o)
    0x08000278   0x08000278   0x0000000c   Code   RO         5638    .ARM.Collect$$libinit$$00000012  c_w.l(libinit2.o)
    0x08000284   0x08000284   0x00000000   Code   RO         5639    .ARM.Collect$$libinit$$00000013  c_w.l(libinit2.o)
    0x08000284   0x08000284   0x00000000   Code   RO         5641    .ARM.Collect$$libinit$$00000015  c_w.l(libinit2.o)
    0x08000284   0x08000284   0x00000000   Code   RO         5643    .ARM.Collect$$libinit$$00000017  c_w.l(libinit2.o)
    0x08000284   0x08000284   0x00000000   Code   RO         5645    .ARM.Collect$$libinit$$00000019  c_w.l(libinit2.o)
    0x08000284   0x08000284   0x00000000   Code   RO         5647    .ARM.Collect$$libinit$$0000001B  c_w.l(libinit2.o)
    0x08000284   0x08000284   0x00000000   Code   RO         5649    .ARM.Collect$$libinit$$0000001D  c_w.l(libinit2.o)
    0x08000284   0x08000284   0x00000000   Code   RO         5651    .ARM.Collect$$libinit$$0000001F  c_w.l(libinit2.o)
    0x08000284   0x08000284   0x00000000   Code   RO         5653    .ARM.Collect$$libinit$$00000021  c_w.l(libinit2.o)
    0x08000284   0x08000284   0x00000000   Code   RO         5655    .ARM.Collect$$libinit$$00000023  c_w.l(libinit2.o)
    0x08000284   0x08000284   0x00000000   Code   RO         5657    .ARM.Collect$$libinit$$00000025  c_w.l(libinit2.o)
    0x08000284   0x08000284   0x00000000   Code   RO         5661    .ARM.Collect$$libinit$$0000002C  c_w.l(libinit2.o)
    0x08000284   0x08000284   0x00000000   Code   RO         5663    .ARM.Collect$$libinit$$0000002E  c_w.l(libinit2.o)
    0x08000284   0x08000284   0x00000000   Code   RO         5665    .ARM.Collect$$libinit$$00000030  c_w.l(libinit2.o)
    0x08000284   0x08000284   0x00000000   Code   RO         5667    .ARM.Collect$$libinit$$00000032  c_w.l(libinit2.o)
    0x08000284   0x08000284   0x00000002   Code   RO         5668    .ARM.Collect$$libinit$$00000033  c_w.l(libinit2.o)
    0x08000286   0x08000286   0x00000002   Code   RO         5694    .ARM.Collect$$libshutdown$$00000000  c_w.l(libshutdown.o)
    0x08000288   0x08000288   0x00000000   Code   RO         5721    .ARM.Collect$$libshutdown$$00000002  c_w.l(libshutdown2.o)
    0x08000288   0x08000288   0x00000000   Code   RO         5723    .ARM.Collect$$libshutdown$$00000004  c_w.l(libshutdown2.o)
    0x08000288   0x08000288   0x00000000   Code   RO         5726    .ARM.Collect$$libshutdown$$00000007  c_w.l(libshutdown2.o)
    0x08000288   0x08000288   0x00000000   Code   RO         5729    .ARM.Collect$$libshutdown$$0000000A  c_w.l(libshutdown2.o)
    0x08000288   0x08000288   0x00000000   Code   RO         5731    .ARM.Collect$$libshutdown$$0000000C  c_w.l(libshutdown2.o)
    0x08000288   0x08000288   0x00000000   Code   RO         5734    .ARM.Collect$$libshutdown$$0000000F  c_w.l(libshutdown2.o)
    0x08000288   0x08000288   0x00000002   Code   RO         5735    .ARM.Collect$$libshutdown$$00000010  c_w.l(libshutdown2.o)
    0x0800028a   0x0800028a   0x00000000   Code   RO         5554    .ARM.Collect$$rtentry$$00000000  c_w.l(__rtentry.o)
    0x0800028a   0x0800028a   0x00000000   Code   RO         5570    .ARM.Collect$$rtentry$$00000002  c_w.l(__rtentry2.o)
    0x0800028a   0x0800028a   0x00000006   Code   RO         5582    .ARM.Collect$$rtentry$$00000004  c_w.l(__rtentry4.o)
    0x08000290   0x08000290   0x00000000   Code   RO         5572    .ARM.Collect$$rtentry$$00000009  c_w.l(__rtentry2.o)
    0x08000290   0x08000290   0x00000004   Code   RO         5573    .ARM.Collect$$rtentry$$0000000A  c_w.l(__rtentry2.o)
    0x08000294   0x08000294   0x00000000   Code   RO         5575    .ARM.Collect$$rtentry$$0000000C  c_w.l(__rtentry2.o)
    0x08000294   0x08000294   0x00000008   Code   RO         5576    .ARM.Collect$$rtentry$$0000000D  c_w.l(__rtentry2.o)
    0x0800029c   0x0800029c   0x00000002   Code   RO         5614    .ARM.Collect$$rtexit$$00000000  c_w.l(rtexit.o)
    0x0800029e   0x0800029e   0x00000000   Code   RO         5670    .ARM.Collect$$rtexit$$00000002  c_w.l(rtexit2.o)
    0x0800029e   0x0800029e   0x00000004   Code   RO         5671    .ARM.Collect$$rtexit$$00000003  c_w.l(rtexit2.o)
    0x080002a2   0x080002a2   0x00000006   Code   RO         5672    .ARM.Collect$$rtexit$$00000004  c_w.l(rtexit2.o)
    0x080002a8   0x080002a8   0x00000068   Code   RO          604    .text               startup_stm32f767xx.o
    0x08000310   0x08000310   0x00000034   Code   RO         3833    .text               cpu_a.o
    0x08000344   0x08000344   0x00000002   Code   RO         5540    .text               c_w.l(use_no_semi_2.o)
    0x08000346   0x08000346   0x0000001a   Code   RO         5544    .text               c_w.l(atoi.o)
    0x08000360   0x08000360   0x00000064   Code   RO         5546    .text               c_w.l(rt_memcpy_w.o)
    0x080003c4   0x080003c4   0x00000006   Code   RO         5548    .text               c_w.l(heapauxi.o)
    0x080003ca   0x080003ca   0x00000002   Code   RO         5552    .text               c_w.l(use_no_semi.o)
    0x080003cc   0x080003cc   0x00000008   Code   RO         5562    .text               c_w.l(rt_errno_addr_intlibspace.o)
    0x080003d4   0x080003d4   0x00000070   Code   RO         5564    .text               c_w.l(strtol.o)
    0x08000444   0x08000444   0x00000008   Code   RO         5566    .text               c_w.l(libspace.o)
    0x0800044c   0x0800044c   0x00000010   Code   RO         5584    .text               c_w.l(rt_ctype_table.o)
    0x0800045c   0x0800045c   0x0000009e   Code   RO         5588    .text               c_w.l(_strtoul.o)
    0x080004fa   0x080004fa   0x0000004a   Code   RO         5590    .text               c_w.l(sys_stackheap_outer.o)
    0x08000544   0x08000544   0x00000008   Code   RO         5595    .text               c_w.l(rt_locale_intlibspace.o)
    0x0800054c   0x0800054c   0x0000001c   Code   RO         5597    .text               c_w.l(_chval.o)
    0x08000568   0x08000568   0x00000012   Code   RO         5602    .text               c_w.l(exit.o)
    0x0800057a   0x0800057a   0x00000002   PAD
    0x0800057c   0x0800057c   0x00000068   Code   RO         5622    .text               c_w.l(strcmpv7m_pel.o)
    0x080005e4   0x080005e4   0x00000118   Code   RO         5454    CODE                os_cpu_a.o
    0x080006fc   0x080006fc   0x0000000c   Code   RO         3561    i.BSP_CPU_ClkFreq   bsp.o
    0x08000708   0x08000708   0x00000004   Code   RO          382    i.BusFault_Handler  stm32f7xx_it.o
    0x0800070c   0x0800070c   0x00000010   Code   RO         3669    i.CPU_Init          cpu_core.o
    0x0800071c   0x0800071c   0x00000084   Code   RO         3670    i.CPU_IntDisMeasInit  cpu_core.o
    0x080007a0   0x080007a0   0x0000001c   Code   RO         3671    i.CPU_IntDisMeasMaxCalc  cpu_core.o
    0x080007bc   0x080007bc   0x0000002c   Code   RO         3672    i.CPU_IntDisMeasMaxCurGet  cpu_core.o
    0x080007e8   0x080007e8   0x0000002c   Code   RO         3673    i.CPU_IntDisMeasMaxCurReset  cpu_core.o
    0x08000814   0x08000814   0x0000002c   Code   RO         3674    i.CPU_IntDisMeasMaxGet  cpu_core.o
    0x08000840   0x08000840   0x00000034   Code   RO         3675    i.CPU_IntDisMeasStart  cpu_core.o
    0x08000874   0x08000874   0x00000054   Code   RO         3676    i.CPU_IntDisMeasStop  cpu_core.o
    0x080008c8   0x080008c8   0x00000038   Code   RO         3677    i.CPU_NameClr       cpu_core.o
    0x08000900   0x08000900   0x00000008   Code   RO         3679    i.CPU_NameInit      cpu_core.o
    0x08000908   0x08000908   0x00000014   Code   RO         3684    i.CPU_TS_Init       cpu_core.o
    0x0800091c   0x0800091c   0x0000000c   Code   RO         3686    i.CPU_TS_TmrFreqSet  cpu_core.o
    0x08000928   0x08000928   0x00000034   Code   RO         3563    i.CPU_TS_TmrInit    bsp.o
    0x0800095c   0x0800095c   0x0000000c   Code   RO         3564    i.CPU_TS_TmrRd      bsp.o
    0x08000968   0x08000968   0x00000068   Code   RO         2779    i.Cache_Enable      sys.o
    0x080009d0   0x080009d0   0x00000002   Code   RO          383    i.DebugMon_Handler  stm32f7xx_it.o
    0x080009d2   0x080009d2   0x00000002   PAD
    0x080009d4   0x080009d4   0x00000048   Code   RO         2418    i.FMC_NORSRAM_Extended_Timing_Init  stm32f7xx_ll_fmc.o
    0x08000a1c   0x08000a1c   0x00000080   Code   RO         2419    i.FMC_NORSRAM_Init  stm32f7xx_ll_fmc.o
    0x08000a9c   0x08000a9c   0x0000005e   Code   RO         2420    i.FMC_NORSRAM_Timing_Init  stm32f7xx_ll_fmc.o
    0x08000afa   0x08000afa   0x00000074   Code   RO         2425    i.FMC_SDRAM_Init    stm32f7xx_ll_fmc.o
    0x08000b6e   0x08000b6e   0x0000000e   Code   RO         2426    i.FMC_SDRAM_ProgramRefreshRate  stm32f7xx_ll_fmc.o
    0x08000b7c   0x08000b7c   0x00000052   Code   RO         2427    i.FMC_SDRAM_SendCommand  stm32f7xx_ll_fmc.o
    0x08000bce   0x08000bce   0x00000002   PAD
    0x08000bd0   0x08000bd0   0x0000009c   Code   RO         2429    i.FMC_SDRAM_Timing_Init  stm32f7xx_ll_fmc.o
    0x08000c6c   0x08000c6c   0x00000064   Code   RO         3510    i.GPGGA_DAT         gps.o
    0x08000cd0   0x08000cd0   0x000000c8   Code   RO         3511    i.GPGSA_DAT         gps.o
    0x08000d98   0x08000d98   0x00000224   Code   RO         3512    i.GPGSV_DAT         gps.o
    0x08000fbc   0x08000fbc   0x000003e0   Code   RO         3513    i.GPRMC_DAT         gps.o
    0x0800139c   0x0800139c   0x00000158   Code   RO            4    i.GPS_task          main.o
    0x080014f4   0x080014f4   0x00000218   Code   RO         1060    i.HAL_GPIO_Init     stm32f7xx_hal_gpio.o
    0x0800170c   0x0800170c   0x00000010   Code   RO         1062    i.HAL_GPIO_ReadPin  stm32f7xx_hal_gpio.o
    0x0800171c   0x0800171c   0x00000008   Code   RO         1063    i.HAL_GPIO_TogglePin  stm32f7xx_hal_gpio.o
    0x08001724   0x08001724   0x0000000c   Code   RO         1064    i.HAL_GPIO_WritePin  stm32f7xx_hal_gpio.o
    0x08001730   0x08001730   0x0000000c   Code   RO          628    i.HAL_GetTick       stm32f7xx_hal.o
    0x0800173c   0x0800173c   0x00000010   Code   RO          629    i.HAL_IncTick       stm32f7xx_hal.o
    0x0800174c   0x0800174c   0x00000028   Code   RO          630    i.HAL_Init          stm32f7xx_hal.o
    0x08001774   0x08001774   0x00000028   Code   RO          631    i.HAL_InitTick      stm32f7xx_hal.o
    0x0800179c   0x0800179c   0x0000005e   Code   RO         2018    i.HAL_LTDC_ConfigLayer  stm32f7xx_hal_ltdc.o
    0x080017fa   0x080017fa   0x00000002   PAD
    0x080017fc   0x080017fc   0x00000128   Code   RO         2035    i.HAL_LTDC_Init     stm32f7xx_hal_ltdc.o
    0x08001924   0x08001924   0x00000140   Code   RO         3219    i.HAL_LTDC_MspInit  ltdc.o
    0x08001a64   0x08001a64   0x0000006c   Code   RO         2050    i.HAL_LTDC_SetWindowPosition  stm32f7xx_hal_ltdc.o
    0x08001ad0   0x08001ad0   0x00000074   Code   RO         2052    i.HAL_LTDC_SetWindowSize  stm32f7xx_hal_ltdc.o
    0x08001b44   0x08001b44   0x0000005c   Code   RO          782    i.HAL_MPU_ConfigRegion  stm32f7xx_hal_cortex.o
    0x08001ba0   0x08001ba0   0x00000002   Code   RO          633    i.HAL_MspInit       stm32f7xx_hal.o
    0x08001ba2   0x08001ba2   0x0000001a   Code   RO          785    i.HAL_NVIC_EnableIRQ  stm32f7xx_hal_cortex.o
    0x08001bbc   0x08001bbc   0x0000007c   Code   RO          791    i.HAL_NVIC_SetPriority  stm32f7xx_hal_cortex.o
    0x08001c38   0x08001c38   0x00000028   Code   RO          792    i.HAL_NVIC_SetPriorityGrouping  stm32f7xx_hal_cortex.o
    0x08001c60   0x08001c60   0x00000090   Code   RO         1253    i.HAL_PWREx_EnableOverDrive  stm32f7xx_hal_pwr_ex.o
    0x08001cf0   0x08001cf0   0x00000980   Code   RO         1443    i.HAL_RCCEx_PeriphCLKConfig  stm32f7xx_hal_rcc_ex.o
    0x08002670   0x08002670   0x000001b4   Code   RO         1340    i.HAL_RCC_ClockConfig  stm32f7xx_hal_rcc.o
    0x08002824   0x08002824   0x0000000c   Code   RO         1345    i.HAL_RCC_GetHCLKFreq  stm32f7xx_hal_rcc.o
    0x08002830   0x08002830   0x0000002c   Code   RO         1347    i.HAL_RCC_GetPCLK1Freq  stm32f7xx_hal_rcc.o
    0x0800285c   0x0800285c   0x0000002c   Code   RO         1348    i.HAL_RCC_GetPCLK2Freq  stm32f7xx_hal_rcc.o
    0x08002888   0x08002888   0x000000b4   Code   RO         1349    i.HAL_RCC_GetSysClockFreq  stm32f7xx_hal_rcc.o
    0x0800293c   0x0800293c   0x000004d0   Code   RO         1444    i.HAL_RCC_OscConfig  stm32f7xx_hal_rcc_ex.o
    0x08002e0c   0x08002e0c   0x00000040   Code   RO         2566    i.HAL_SDRAM_Init    stm32f7xx_hal_sdram.o
    0x08002e4c   0x08002e4c   0x0000011c   Code   RO         3337    i.HAL_SDRAM_MspInit  sdram.o
    0x08002f68   0x08002f68   0x00000028   Code   RO         2569    i.HAL_SDRAM_ProgramRefreshRate  stm32f7xx_hal_sdram.o
    0x08002f90   0x08002f90   0x0000003a   Code   RO         2575    i.HAL_SDRAM_SendCommand  stm32f7xx_hal_sdram.o
    0x08002fca   0x08002fca   0x00000058   Code   RO         2294    i.HAL_SRAM_Init     stm32f7xx_hal_sram.o
    0x08003022   0x08003022   0x00000002   PAD
    0x08003024   0x08003024   0x00000098   Code   RO         2985    i.HAL_SRAM_MspInit  lcd.o
    0x080030bc   0x080030bc   0x00000028   Code   RO          794    i.HAL_SYSTICK_CLKSourceConfig  stm32f7xx_hal_cortex.o
    0x080030e4   0x080030e4   0x00000034   Code   RO          796    i.HAL_SYSTICK_Config  stm32f7xx_hal_cortex.o
    0x08003118   0x08003118   0x00000078   Code   RO         1502    i.HAL_UART_Init     stm32f7xx_hal_uart.o
    0x08003190   0x08003190   0x0000013c   Code   RO         2834    i.HAL_UART_MspInit  usart.o
    0x080032cc   0x080032cc   0x00000112   Code   RO         1505    i.HAL_UART_Receive  stm32f7xx_hal_uart.o
    0x080033de   0x080033de   0x000000c6   Code   RO         1510    i.HAL_UART_Transmit  stm32f7xx_hal_uart.o
    0x080034a4   0x080034a4   0x00000004   Code   RO          384    i.HardFault_Handler  stm32f7xx_it.o
    0x080034a8   0x080034a8   0x00000048   Code   RO         2987    i.LCD_Clear         lcd.o
    0x080034f0   0x080034f0   0x00000180   Code   RO         2991    i.LCD_Display_Dir   lcd.o
    0x08003670   0x08003670   0x00000124   Code   RO         2996    i.LCD_Fast_DrawPoint  lcd.o
    0x08003794   0x08003794   0x00002474   Code   RO         2998    i.LCD_Init          lcd.o
    0x08005c08   0x08005c08   0x00000084   Code   RO         2999    i.LCD_MPU_Config    lcd.o
    0x08005c8c   0x08005c8c   0x00000016   Code   RO         3000    i.LCD_Pow           lcd.o
    0x08005ca2   0x08005ca2   0x00000002   PAD
    0x08005ca4   0x08005ca4   0x00000014   Code   RO         3001    i.LCD_RD_DATA       lcd.o
    0x08005cb8   0x08005cb8   0x00000050   Code   RO         3004    i.LCD_SSD_BackLightSet  lcd.o
    0x08005d08   0x08005d08   0x00000274   Code   RO         3005    i.LCD_Scan_Dir      lcd.o
    0x08005f7c   0x08005f7c   0x00000138   Code   RO         3006    i.LCD_SetCursor     lcd.o
    0x080060b4   0x080060b4   0x0000013c   Code   RO         3008    i.LCD_ShowChar      lcd.o
    0x080061f0   0x080061f0   0x00000094   Code   RO         3009    i.LCD_ShowNum       lcd.o
    0x08006284   0x08006284   0x00000066   Code   RO         3010    i.LCD_ShowString    lcd.o
    0x080062ea   0x080062ea   0x000000be   Code   RO         3011    i.LCD_ShowxNum      lcd.o
    0x080063a8   0x080063a8   0x00000018   Code   RO         3012    i.LCD_WR_DATA       lcd.o
    0x080063c0   0x080063c0   0x00000018   Code   RO         3013    i.LCD_WR_REG        lcd.o
    0x080063d8   0x080063d8   0x00000014   Code   RO         3015    i.LCD_WriteRAM_Prepare  lcd.o
    0x080063ec   0x080063ec   0x00000010   Code   RO         3016    i.LCD_WriteReg      lcd.o
    0x080063fc   0x080063fc   0x00000058   Code   RO         2927    i.LED_Init          led.o
    0x08006454   0x08006454   0x00000024   Code   RO         3220    i.LTDC_Clear        ltdc.o
    0x08006478   0x08006478   0x00000026   Code   RO         3221    i.LTDC_Clk_Set      ltdc.o
    0x0800649e   0x0800649e   0x00000002   PAD
    0x080064a0   0x080064a0   0x0000002c   Code   RO         3223    i.LTDC_Display_Dir  ltdc.o
    0x080064cc   0x080064cc   0x00000050   Code   RO         3224    i.LTDC_Draw_Point   ltdc.o
    0x0800651c   0x0800651c   0x00000148   Code   RO         3225    i.LTDC_Fill         ltdc.o
    0x08006664   0x08006664   0x00000234   Code   RO         3226    i.LTDC_Init         ltdc.o
    0x08006898   0x08006898   0x0000007c   Code   RO         3227    i.LTDC_Layer_Parameter_Config  ltdc.o
    0x08006914   0x08006914   0x00000030   Code   RO         3229    i.LTDC_Layer_Window_Config  ltdc.o
    0x08006944   0x08006944   0x000000c8   Code   RO         3230    i.LTDC_PanelID_Read  ltdc.o
    0x08006a0c   0x08006a0c   0x0000000c   Code   RO         3232    i.LTDC_Select_Layer  ltdc.o
    0x08006a18   0x08006a18   0x00000212   Code   RO         2054    i.LTDC_SetConfig    stm32f7xx_hal_ltdc.o
    0x08006c2a   0x08006c2a   0x00000012   Code   RO         4130    i.Mem_Clr           lib_mem.o
    0x08006c3c   0x08006c3c   0x00000054   Code   RO         4157    i.Mem_Set           lib_mem.o
    0x08006c90   0x08006c90   0x00000002   Code   RO          385    i.NMI_Handler       stm32f7xx_it.o
    0x08006c92   0x08006c92   0x00000002   PAD
    0x08006c94   0x08006c94   0x00000010   Code   RO          798    i.NVIC_GetPriorityGrouping  stm32f7xx_hal_cortex.o
    0x08006ca4   0x08006ca4   0x00000028   Code   RO          799    i.NVIC_SetPriority  stm32f7xx_hal_cortex.o
    0x08006ccc   0x08006ccc   0x00000002   Code   RO         4312    i.OSCfg_Init        os_cfg_app.o
    0x08006cce   0x08006cce   0x00000002   PAD
    0x08006cd0   0x08006cd0   0x00000014   Code   RO         5369    i.OSIdleTaskHook    os_cpu_c.o
    0x08006ce4   0x08006ce4   0x0000014c   Code   RO         4335    i.OSInit            os_core.o
    0x08006e30   0x08006e30   0x00000028   Code   RO         5370    i.OSInitHook        os_cpu_c.o
    0x08006e58   0x08006e58   0x0000002c   Code   RO         4336    i.OSIntEnter        os_core.o
    0x08006e84   0x08006e84   0x000000dc   Code   RO         4337    i.OSIntExit         os_core.o
    0x08006f60   0x08006f60   0x0000006c   Code   RO         4704    i.OSMutexCreate     os_mutex.o
    0x08006fcc   0x08006fcc   0x000001ec   Code   RO         4705    i.OSMutexPend       os_mutex.o
    0x080071b8   0x080071b8   0x0000017c   Code   RO         4706    i.OSMutexPost       os_mutex.o
    0x08007334   0x08007334   0x000000a4   Code   RO         4338    i.OSSched           os_core.o
    0x080073d8   0x080073d8   0x00000064   Code   RO         4339    i.OSSchedLock       os_core.o
    0x0800743c   0x0800743c   0x00000088   Code   RO         4340    i.OSSchedUnlock     os_core.o
    0x080074c4   0x080074c4   0x00000068   Code   RO         4915    i.OSSemCreate       os_sem.o
    0x0800752c   0x0800752c   0x00000188   Code   RO         4917    i.OSSemPend         os_sem.o
    0x080076b4   0x080076b4   0x0000003c   Code   RO         4919    i.OSSemPost         os_sem.o
    0x080076f0   0x080076f0   0x00000068   Code   RO         4341    i.OSStart           os_core.o
    0x08007758   0x08007758   0x00000148   Code   RO         4987    i.OSStatReset       os_stat.o
    0x080078a0   0x080078a0   0x00000100   Code   RO         4988    i.OSStatTaskCPUUsageInit  os_stat.o
    0x080079a0   0x080079a0   0x00000014   Code   RO         5371    i.OSStatTaskHook    os_cpu_c.o
    0x080079b4   0x080079b4   0x00000144   Code   RO         5018    i.OSTaskCreate      os_task.o
    0x08007af8   0x08007af8   0x00000018   Code   RO         5372    i.OSTaskCreateHook  os_cpu_c.o
    0x08007b10   0x08007b10   0x0000019c   Code   RO         5019    i.OSTaskDel         os_task.o
    0x08007cac   0x08007cac   0x00000018   Code   RO         5373    i.OSTaskDelHook     os_cpu_c.o
    0x08007cc4   0x08007cc4   0x00000036   Code   RO         5027    i.OSTaskResume      os_task.o
    0x08007cfa   0x08007cfa   0x00000002   PAD
    0x08007cfc   0x08007cfc   0x00000018   Code   RO         5374    i.OSTaskReturnHook  os_cpu_c.o
    0x08007d14   0x08007d14   0x000001c8   Code   RO         5028    i.OSTaskSemPend     os_task.o
    0x08007edc   0x08007edc   0x00000024   Code   RO         5030    i.OSTaskSemPost     os_task.o
    0x08007f00   0x08007f00   0x000000bc   Code   RO         5032    i.OSTaskStkChk      os_task.o
    0x08007fbc   0x08007fbc   0x000002c4   Code   RO         5375    i.OSTaskStkInit     os_cpu_c.o
    0x08008280   0x08008280   0x00000024   Code   RO         5033    i.OSTaskSuspend     os_task.o
    0x080082a4   0x080082a4   0x000000ac   Code   RO         5376    i.OSTaskSwHook      os_cpu_c.o
    0x08008350   0x08008350   0x000000b0   Code   RO         5231    i.OSTimeDly         os_time.o
    0x08008400   0x08008400   0x00000114   Code   RO         5232    i.OSTimeDlyHMSM     os_time.o
    0x08008514   0x08008514   0x00000044   Code   RO         5235    i.OSTimeTick        os_time.o
    0x08008558   0x08008558   0x00000014   Code   RO         5377    i.OSTimeTickHook    os_cpu_c.o
    0x0800856c   0x0800856c   0x000001a8   Code   RO         4539    i.OS_Dbg_Init       os_dbg.o
    0x08008714   0x08008714   0x00000018   Code   RO         4562    i.OS_FlagInit       os_flag.o
    0x0800872c   0x0800872c   0x0000004c   Code   RO         4343    i.OS_IdleTask       os_core.o
    0x08008778   0x08008778   0x00000070   Code   RO         4344    i.OS_IdleTaskInit   os_core.o
    0x080087e8   0x080087e8   0x00000018   Code   RO         4636    i.OS_MemInit        os_mem.o
    0x08008800   0x08008800   0x0000005c   Code   RO         4668    i.OS_MsgPoolInit    os_msg.o
    0x0800885c   0x0800885c   0x00000044   Code   RO         4669    i.OS_MsgQFreeAll    os_msg.o
    0x080088a0   0x080088a0   0x0000000e   Code   RO         4671    i.OS_MsgQInit       os_msg.o
    0x080088ae   0x080088ae   0x00000002   PAD
    0x080088b0   0x080088b0   0x00000030   Code   RO         4708    i.OS_MutexDbgListAdd  os_mutex.o
    0x080088e0   0x080088e0   0x00000008   Code   RO         4710    i.OS_MutexGrpAdd    os_mutex.o
    0x080088e8   0x080088e8   0x00000060   Code   RO         4711    i.OS_MutexGrpPostAll  os_mutex.o
    0x08008948   0x08008948   0x0000002c   Code   RO         4712    i.OS_MutexGrpPrioFindHighest  os_mutex.o
    0x08008974   0x08008974   0x0000001c   Code   RO         4713    i.OS_MutexGrpRemove  os_mutex.o
    0x08008990   0x08008990   0x00000018   Code   RO         4714    i.OS_MutexInit      os_mutex.o
    0x080089a8   0x080089a8   0x00000068   Code   RO         4345    i.OS_Pend           os_core.o
    0x08008a10   0x08008a10   0x00000028   Code   RO         4348    i.OS_PendDataInit   os_core.o
    0x08008a38   0x08008a38   0x0000005c   Code   RO         4349    i.OS_PendDbgNameAdd  os_core.o
    0x08008a94   0x08008a94   0x00000024   Code   RO         4350    i.OS_PendDbgNameRemove  os_core.o
    0x08008ab8   0x08008ab8   0x0000003a   Code   RO         4351    i.OS_PendListChangePrio  os_core.o
    0x08008af2   0x08008af2   0x0000000a   Code   RO         4352    i.OS_PendListInit   os_core.o
    0x08008afc   0x08008afc   0x00000066   Code   RO         4354    i.OS_PendListInsertPrio  os_core.o
    0x08008b62   0x08008b62   0x00000034   Code   RO         4355    i.OS_PendListRemove  os_core.o
    0x08008b96   0x08008b96   0x00000042   Code   RO         4356    i.OS_PendListRemove1  os_core.o
    0x08008bd8   0x08008bd8   0x000000d6   Code   RO         4359    i.OS_Post           os_core.o
    0x08008cae   0x08008cae   0x0000002c   Code   RO         4360    i.OS_Post1          os_core.o
    0x08008cda   0x08008cda   0x00000002   PAD
    0x08008cdc   0x08008cdc   0x00000028   Code   RO         4806    i.OS_PrioGetHighest  os_prio.o
    0x08008d04   0x08008d04   0x00000018   Code   RO         4807    i.OS_PrioInit       os_prio.o
    0x08008d1c   0x08008d1c   0x00000024   Code   RO         4808    i.OS_PrioInsert     os_prio.o
    0x08008d40   0x08008d40   0x00000024   Code   RO         4809    i.OS_PrioRemove     os_prio.o
    0x08008d64   0x08008d64   0x00000018   Code   RO         4852    i.OS_QInit          os_q.o
    0x08008d7c   0x08008d7c   0x00000024   Code   RO         4361    i.OS_RdyListInit    os_core.o
    0x08008da0   0x08008da0   0x0000002c   Code   RO         4362    i.OS_RdyListInsert  os_core.o
    0x08008dcc   0x08008dcc   0x00000040   Code   RO         4363    i.OS_RdyListInsertHead  os_core.o
    0x08008e0c   0x08008e0c   0x0000003c   Code   RO         4364    i.OS_RdyListInsertTail  os_core.o
    0x08008e48   0x08008e48   0x0000005c   Code   RO         4366    i.OS_RdyListRemove  os_core.o
    0x08008ea4   0x08008ea4   0x00000030   Code   RO         4922    i.OS_SemDbgListAdd  os_sem.o
    0x08008ed4   0x08008ed4   0x00000018   Code   RO         4924    i.OS_SemInit        os_sem.o
    0x08008eec   0x08008eec   0x0000013e   Code   RO         4925    i.OS_SemPost        os_sem.o
    0x0800902a   0x0800902a   0x00000002   PAD
    0x0800902c   0x0800902c   0x00000324   Code   RO         4989    i.OS_StatTask       os_stat.o
    0x08009350   0x08009350   0x000000cc   Code   RO         4990    i.OS_StatTaskInit   os_stat.o
    0x0800941c   0x0800941c   0x0000002c   Code   RO         4367    i.OS_TaskBlock      os_core.o
    0x08009448   0x08009448   0x000000ec   Code   RO         5034    i.OS_TaskChangePrio  os_task.o
    0x08009534   0x08009534   0x00000030   Code   RO         5035    i.OS_TaskDbgListAdd  os_task.o
    0x08009564   0x08009564   0x00000044   Code   RO         5036    i.OS_TaskDbgListRemove  os_task.o
    0x080095a8   0x080095a8   0x00000020   Code   RO         5037    i.OS_TaskInit       os_task.o
    0x080095c8   0x080095c8   0x000000c4   Code   RO         5038    i.OS_TaskInitTCB    os_task.o
    0x0800968c   0x0800968c   0x0000011c   Code   RO         5040    i.OS_TaskResume     os_task.o
    0x080097a8   0x080097a8   0x00000018   Code   RO         5041    i.OS_TaskReturn     os_task.o
    0x080097c0   0x080097c0   0x000001f0   Code   RO         5042    i.OS_TaskSemPost    os_task.o
    0x080099b0   0x080099b0   0x00000138   Code   RO         5043    i.OS_TaskSuspend    os_task.o
    0x08009ae8   0x08009ae8   0x00000086   Code   RO         5185    i.OS_TickListInsert  os_tick.o
    0x08009b6e   0x08009b6e   0x00000002   PAD
    0x08009b70   0x08009b70   0x000000bc   Code   RO         5186    i.OS_TickListInsertDly  os_tick.o
    0x08009c2c   0x08009c2c   0x00000058   Code   RO         5187    i.OS_TickListRemove  os_tick.o
    0x08009c84   0x08009c84   0x000000a0   Code   RO         5188    i.OS_TickListUpdateDly  os_tick.o
    0x08009d24   0x08009d24   0x0000011c   Code   RO         5189    i.OS_TickListUpdateTimeout  os_tick.o
    0x08009e40   0x08009e40   0x0000006c   Code   RO         5190    i.OS_TickTask       os_tick.o
    0x08009eac   0x08009eac   0x000000c8   Code   RO         5191    i.OS_TickTaskInit   os_tick.o
    0x08009f74   0x08009f74   0x00000134   Code   RO         5276    i.OS_TmrInit        os_tmr.o
    0x0800a0a8   0x0800a0a8   0x00000018   Code   RO         5277    i.OS_TmrLock        os_tmr.o
    0x0800a0c0   0x0800a0c0   0x00000094   Code   RO         5278    i.OS_TmrTask        os_tmr.o
    0x0800a154   0x0800a154   0x00000044   Code   RO         5279    i.OS_TmrUnlink      os_tmr.o
    0x0800a198   0x0800a198   0x00000014   Code   RO         5280    i.OS_TmrUnlock      os_tmr.o
    0x0800a1ac   0x0800a1ac   0x0000009c   Code   RO         2782    i.SCB_EnableDCache  sys.o
    0x0800a248   0x0800a248   0x000000ac   Code   RO         3338    i.SDRAM_Init        sdram.o
    0x0800a2f4   0x0800a2f4   0x00000048   Code   RO         3339    i.SDRAM_Send_Cmd    sdram.o
    0x0800a33c   0x0800a33c   0x00000002   Code   RO          386    i.SVC_Handler       stm32f7xx_it.o
    0x0800a33e   0x0800a33e   0x00000002   PAD
    0x0800a340   0x0800a340   0x000000b4   Code   RO         2783    i.Stm32_Clock_Init  sys.o
    0x0800a3f4   0x0800a3f4   0x00000020   Code   RO         2716    i.SysTick_Handler   delay.o
    0x0800a414   0x0800a414   0x00000064   Code   RO          447    i.SystemInit        system_stm32f7xx.o
    0x0800a478   0x0800a478   0x00000088   Code   RO         2835    i.UART7_IRQHandler  usart.o
    0x0800a500   0x0800a500   0x000000ea   Code   RO         1515    i.UART_AdvFeatureConfig  stm32f7xx_hal_uart.o
    0x0800a5ea   0x0800a5ea   0x00000074   Code   RO         1516    i.UART_CheckIdleState  stm32f7xx_hal_uart.o
    0x0800a65e   0x0800a65e   0x00000002   PAD
    0x0800a660   0x0800a660   0x0000038c   Code   RO         1527    i.UART_SetConfig    stm32f7xx_hal_uart.o
    0x0800a9ec   0x0800a9ec   0x0000006c   Code   RO         1529    i.UART_WaitOnFlagUntilTimeout  stm32f7xx_hal_uart.o
    0x0800aa58   0x0800aa58   0x000000d0   Code   RO         2836    i.USART2_IRQHandler  usart.o
    0x0800ab28   0x0800ab28   0x00000004   Code   RO          387    i.UsageFault_Handler  stm32f7xx_it.o
    0x0800ab2c   0x0800ab2c   0x00000004   Code   RO         2837    i._sys_exit         usart.o
    0x0800ab30   0x0800ab30   0x0000005c   Code   RO         2717    i.delay_init        delay.o
    0x0800ab8c   0x0800ab8c   0x00000050   Code   RO         2718    i.delay_ms          delay.o
    0x0800abdc   0x0800abdc   0x0000000a   Code   RO         2719    i.delay_osschedlock  delay.o
    0x0800abe6   0x0800abe6   0x0000000a   Code   RO         2720    i.delay_osschedunlock  delay.o
    0x0800abf0   0x0800abf0   0x00000010   Code   RO         2721    i.delay_ostimedly   delay.o
    0x0800ac00   0x0800ac00   0x00000058   Code   RO         2722    i.delay_us          delay.o
    0x0800ac58   0x0800ac58   0x00000110   Code   RO            5    i.main              main.o
    0x0800ad68   0x0800ad68   0x000000f0   Code   RO            6    i.start_task        main.o
    0x0800ae58   0x0800ae58   0x00000040   Code   RO            7    i.task2_task        main.o
    0x0800ae98   0x0800ae98   0x0000002c   Code   RO         2839    i.uart2_init        usart.o
    0x0800aec4   0x0800aec4   0x0000002c   Code   RO         2841    i.uart7_init        usart.o
    0x0800aef0   0x0800aef0   0x00000014   Code   RO         2842    i.uart_init         usart.o
    0x0800af04   0x0800af04   0x0000002c   Code   RO         5600    locale$$code        c_w.l(lc_ctype_c.o)
    0x0800af30   0x0800af30   0x0000000a   Code   RO         5682    x$fpl$fpinit        fz_wv.l(fpinit.o)
    0x0800af3a   0x0800af3a   0x00000018   Data   RO          448    .constdata          system_stm32f7xx.o
    0x0800af52   0x0800af52   0x00004740   Data   RO         3019    .constdata          lcd.o
    0x0800f692   0x0800f692   0x00000002   PAD
    0x0800f694   0x0800f694   0x00000094   Data   RO         4314    .constdata          os_cfg_app.o
    0x0800f728   0x0800f728   0x0000016c   Data   RO         4540    .constdata          os_dbg.o
    0x0800f894   0x0800f894   0x00000020   Data   RO         5736    Region$$Table       anon$$obj.o
    0x0800f8b4   0x0800f8b4   0x00000110   Data   RO         5599    locale$$data        c_w.l(lc_ctype_c.o)


    Execution Region RW_IRAM1 (Exec base: 0x20020000, Load base: 0x0800f9c4, Size: 0x00002e98, Max: 0x00060000, ABSOLUTE)

    Exec Addr    Load Addr    Size         Type   Attr      Idx    E Section Name        Object

    0x20020000   0x0800f9c4   0x00000004   Data   RW          449    .data               system_stm32f7xx.o
    0x20020004   0x0800f9c8   0x00000004   Data   RW          636    .data               stm32f7xx_hal.o
    0x20020008   0x0800f9cc   0x00000006   Data   RW         2723    .data               delay.o
    0x2002000e   0x0800f9d2   0x00000002   PAD
    0x20020010   0x0800f9d4   0x0000000c   Data   RW         2844    .data               usart.o
    0x2002001c   0x0800f9e0   0x00000008   Data   RW         3020    .data               lcd.o
    0x20020024   0x0800f9e8   0x00000008   Data   RW         3236    .data               ltdc.o
    0x2002002c   0x0800f9f0   0x00000016   Data   RW         3515    .data               gps.o
    0x20020042   0x0800fa06   0x00000002   PAD
    0x20020044   0x0800fa08   0x0000001c   Data   RW         3690    .data               cpu_core.o
    0x20020060   0x0800fa24   0x00000008   Data   RW         4810    .data               os_prio.o
    0x20020068   0x0800fa2c   0x000000bc   Data   RW         5356    .data               os_var.o
    0x20020124   0x0800fae8   0x00000004   Data   RW         5380    .data               os_cpu_c.o
    0x20020128        -       0x00000868   Zero   RW            8    .bss                main.o
    0x20020990        -       0x0000067c   Zero   RW         2843    .bss                usart.o
    0x2002100c        -       0x0000005a   Zero   RW         3018    .bss                lcd.o
    0x20021066   0x0800faec   0x00000002   PAD
    0x20021068        -       0x00000120   Zero   RW         3235    .bss                ltdc.o
    0x20021188        -       0x00000034   Zero   RW         3340    .bss                sdram.o
    0x200211bc        -       0x000000cc   Zero   RW         3514    .bss                gps.o
    0x20021288        -       0x00000010   Zero   RW         3688    .bss                cpu_core.o
    0x20021298        -       0x00000f60   Zero   RW         4313    .bss                os_cfg_app.o
    0x200221f8        -       0x0000063c   Zero   RW         5355    .bss                os_var.o
    0x20022834        -       0x00000060   Zero   RW         5567    .bss                c_w.l(libspace.o)
    0x20022894   0x0800faec   0x00000004   PAD
    0x20022898        -       0x00000200   Zero   RW          602    HEAP                startup_stm32f767xx.o
    0x20022a98        -       0x00000400   Zero   RW          601    STACK               startup_stm32f767xx.o



  Load Region LR$$.ARM.__AT_0xC0000000 (Base: 0xc0000000, Size: 0x00000000, Max: 0x001f4000, ABSOLUTE)

    Execution Region ER$$.ARM.__AT_0xC0000000 (Exec base: 0xc0000000, Load base: 0xc0000000, Size: 0x001f4000, Max: 0x001f4000, ABSOLUTE, UNINIT)

    Exec Addr    Load Addr    Size         Type   Attr      Idx    E Section Name        Object

    0xc0000000        -       0x001f4000   Zero   RW         3234    .ARM.__AT_0xC0000000  ltdc.o


==============================================================================

Image component sizes


      Code (inc. data)   RO Data    RW Data    ZI Data      Debug   Object Name

        76         14          0          0          0      11258   bsp.o
        52          0          0          0          0        348   cpu_a.o
       540         98          0         28         16       9564   cpu_core.o
       328         40          0          6          0       4297   delay.o
      1840        136          0         22        204       4470   gps.o
     12266        190      18240          8         90      28399   lcd.o
        88         10          0          0          0        903   led.o
       102          0          0          0          0      12916   lib_mem.o
      1794        124          0          8    2048288      10174   ltdc.o
       920        190          0          0       2152     469869   main.o
         2          0        148          0       3936      19225   os_cfg_app.o
      2446        316          0          0          0      18807   os_core.o
       280         14          0          0          0        440   os_cpu_a.o
      1052        156          0          4          0      25772   os_cpu_c.o
       424        278        364          0          0       4805   os_dbg.o
        24         10          0          0          0        922   os_flag.o
        24         10          0          0          0        921   os_mem.o
       174         18          0          0          0       2352   os_msg.o
      1228         56          0          0          0       7423   os_mutex.o
       136         16          0          8          0       3026   os_prio.o
        24         10          0          0          0        919   os_q.o
       946         48          0          0          0       5719   os_sem.o
      1592        196          0          0          0       4179   os_stat.o
      3202        154          0          0          0      14281   os_task.o
      1162         88          0          0          0       6131   os_tick.o
       520         40          0          0          0       2869   os_time.o
       568        142          0          0          0       3725   os_tmr.o
         0          0          0        188       1596      17794   os_var.o
       528         40          0          0         52       3074   sdram.o
       104         34        504          0       1536        860   startup_stm32f767xx.o
       110         20          0          4          0       3877   stm32f7xx_hal.o
       430         26          0          0          0      37640   stm32f7xx_hal_cortex.o
       572         52          0          0          0       3840   stm32f7xx_hal_gpio.o
      1144          6          0          0          0       4821   stm32f7xx_hal_ltdc.o
       144          8          0          0          0       1320   stm32f7xx_hal_pwr_ex.o
       716         50          0          0          0       4176   stm32f7xx_hal_rcc.o
      3664         32          0          0          0       3776   stm32f7xx_hal_rcc_ex.o
       162          0          0          0          0       2828   stm32f7xx_hal_sdram.o
        88          0          0          0          0       1252   stm32f7xx_hal_sram.o
      1958         50          0          0          0       6856   stm32f7xx_hal_uart.o
        18          0          0          0          0       2811   stm32f7xx_it.o
       662         14          0          0          0       6068   stm32f7xx_ll_fmc.o
       440         26          0          0          0      34073   sys.o
       100         18         24          4          0       1155   system_stm32f7xx.o
       772         94          0         12       1660       6843   usart.o

    ----------------------------------------------------------------------
     43452       2824      19314        296    2059532     816778   Object Totals
         0          0         32          0          0          0   (incl. Generated)
        30          0          2          4          2          0   (incl. Padding)

    ----------------------------------------------------------------------

      Code (inc. data)   RO Data    RW Data    ZI Data      Debug   Library Member Name

         8          0          0          0          0         68   __main.o
         0          0          0          0          0          0   __rtentry.o
        12          0          0          0          0          0   __rtentry2.o
         6          0          0          0          0          0   __rtentry4.o
        52          8          0          0          0          0   __scatter.o
        26          0          0          0          0          0   __scatter_copy.o
        28          0          0          0          0          0   __scatter_zi.o
        28          0          0          0          0         68   _chval.o
       158          0          0          0          0         92   _strtoul.o
        26          0          0          0          0         80   atoi.o
        18          0          0          0          0         80   exit.o
         6          0          0          0          0        152   heapauxi.o
        44         10        272          0          0         76   lc_ctype_c.o
         2          0          0          0          0          0   libinit.o
        24          0          0          0          0          0   libinit2.o
         2          0          0          0          0          0   libshutdown.o
         2          0          0          0          0          0   libshutdown2.o
         8          4          0          0         96         68   libspace.o
        16          4          0          0          0         76   rt_ctype_table.o
         8          4          0          0          0         68   rt_errno_addr_intlibspace.o
         8          4          0          0          0         68   rt_locale_intlibspace.o
       100          0          0          0          0         80   rt_memcpy_w.o
         2          0          0          0          0          0   rtexit.o
        10          0          0          0          0          0   rtexit2.o
       104          0          0          0          0         68   strcmpv7m_pel.o
       112          0          0          0          0         88   strtol.o
        74          0          0          0          0         80   sys_stackheap_outer.o
         2          0          0          0          0         68   use_no_semi.o
         2          0          0          0          0         68   use_no_semi_2.o
        10          0          0          0          0        116   fpinit.o

    ----------------------------------------------------------------------
       902         34        272          0        100       1464   Library Totals
         4          0          0          0          4          0   (incl. Padding)

    ----------------------------------------------------------------------

      Code (inc. data)   RO Data    RW Data    ZI Data      Debug   Library Name

       888         34        272          0         96       1348   c_w.l
        10          0          0          0          0        116   fz_wv.l

    ----------------------------------------------------------------------
       902         34        272          0        100       1464   Library Totals

    ----------------------------------------------------------------------

==============================================================================


      Code (inc. data)   RO Data    RW Data    ZI Data      Debug   

     44354       2858      19586        296    2059632     795766   Grand Totals
     44354       2858      19586        296    2059632     795766   ELF Image Totals
     44354       2858      19586        296          0          0   ROM Totals

==============================================================================

    Total RO  Size (Code + RO Data)                63940 (  62.44kB)
    Total RW  Size (RW Data + ZI Data)           2059928 (2011.65kB)
    Total ROM Size (Code + RO Data + RW Data)      64236 (  62.73kB)

==============================================================================

