Component: ARM Compiler 5.06 update 5 (build 528) Tool: armlink [4d35e2]

==============================================================================

Section Cross References

    main.o(.text) refers to stm32f10x_rcc.o(.text) for RCC_APB2PeriphClockCmd
    main.o(.text) refers to stm32f10x_gpio.o(.text) for GPIO_Init
    main.o(.text) refers to nvic_exit.o(.text) for GpioInit
    main.o(.text) refers to rt_memcpy_w.o(.text) for __aeabi_memcpy4
    main.o(.text) refers to fatfs_008.o(.text) for f_opendir
    main.o(.text) refers to usart.o(.text) for USART1_Transmit
    main.o(.text) refers to delay.o(.text) for Delay_Init
    main.o(.text) refers to dcmi_ov2640.o(.text) for OV2640_HW_Init
    main.o(.text) refers to main.o(.constdata) for .constdata
    main.o(.text) refers to main.o(.bss) for lfn
    main.o(.text) refers to main.o(.data) for PhotoName
    main.o(.text) refers to stm32f10x_it.o(.data) for JpegDataCnt
    main.o(.text) refers to stm32f10x_it.o(.bss) for JpegBuffer
    stm32f10x_it.o(.text) refers to usart.o(.text) for USART1_RxIntHandler
    stm32f10x_it.o(.text) refers to stm32f10x_exti.o(.text) for EXTI_ClearITPendingBit
    stm32f10x_it.o(.text) refers to stm32f10x_it.o(.data) for VsyncActive
    stm32f10x_it.o(.text) refers to stm32f10x_it.o(.bss) for JpegBuffer
    sd_driver.o(.text) refers to spi.o(.text) for SPI_GpioInit
    sd_driver.o(.text) refers to sd_driver.o(.data) for Timer2
    usart.o(.text) refers (Special) to use_no_semi_2.o(.text) for __use_no_semihosting
    usart.o(.text) refers to stm32f10x_usart.o(.text) for USART_GetFlagStatus
    usart.o(.text) refers to misc.o(.text) for NVIC_Init
    usart.o(.text) refers to stm32f10x_rcc.o(.text) for RCC_APB2PeriphClockCmd
    usart.o(.text) refers to stm32f10x_gpio.o(.text) for GPIO_Init
    usart.o(.text) refers to usart.o(.constdata) for COM_Priority
    usart.o(.text) refers to usart.o(.data) for COM_TX_PORT
    usart.o(.text) refers to usart.o(.bss) for COM1_RxBuff
    usart.o(.bss) refers (Special) to use_no_semi_2.o(.text) for __use_no_semihosting
    usart.o(.constdata) refers (Special) to use_no_semi_2.o(.text) for __use_no_semihosting
    usart.o(.data) refers (Special) to use_no_semi_2.o(.text) for __use_no_semihosting
    led_key.o(.text) refers to stm32f10x_rcc.o(.text) for RCC_APB2PeriphClockCmd
    led_key.o(.text) refers to stm32f10x_gpio.o(.text) for GPIO_Init
    led_key.o(.text) refers to stm32f10x_exti.o(.text) for EXTI_Init
    led_key.o(.text) refers to misc.o(.text) for NVIC_Init
    led_key.o(.text) refers to led_key.o(.constdata) for GPIO_CLK
    led_key.o(.text) refers to led_key.o(.data) for GPIO_PORT
    delay.o(.text) refers to delay.o(.data) for fac_us
    stm32f10x_usart.o(.text) refers to stm32f10x_rcc.o(.text) for RCC_APB2PeriphResetCmd
    stm32f10x_gpio.o(.text) refers to stm32f10x_rcc.o(.text) for RCC_APB2PeriphResetCmd
    stm32f10x_i2c.o(.text) refers to stm32f10x_rcc.o(.text) for RCC_APB1PeriphResetCmd
    stm32f10x_spi.o(.text) refers to stm32f10x_rcc.o(.text) for RCC_APB2PeriphResetCmd
    stm32f10x_rcc.o(.text) refers to stm32f10x_rcc.o(.data) for APBAHBPrescTable
    stm32f10x_pwr.o(.text) refers to stm32f10x_rcc.o(.text) for RCC_APB1PeriphResetCmd
    diskio.o(.text) refers to sd_driver.o(.text) for SD_Init
    fatfs_008.o(.text) refers to diskio.o(.text) for disk_write
    fatfs_008.o(.text) refers to ccsbcs.o(.text) for ff_wtoupper
    fatfs_008.o(.text) refers to fatfs_008.o(.constdata) for LfnOfs
    fatfs_008.o(.text) refers to fatfs_008.o(.data) for FatFs
    fatfs_008.o(.text) refers to fatfs_008.o(.bss) for LfnBuf
    ccsbcs.o(.text) refers to ccsbcs.o(.constdata) for Tbl
    system_stm32f10x.o(.text) refers to system_stm32f10x.o(.data) for SystemCoreClock
    startup_stm32f10x_hd.o(STACK) refers (Special) to heapauxi.o(.text) for __use_two_region_memory
    startup_stm32f10x_hd.o(HEAP) refers (Special) to heapauxi.o(.text) for __use_two_region_memory
    startup_stm32f10x_hd.o(RESET) refers (Special) to heapauxi.o(.text) for __use_two_region_memory
    startup_stm32f10x_hd.o(RESET) refers to startup_stm32f10x_hd.o(STACK) for __initial_sp
    startup_stm32f10x_hd.o(RESET) refers to startup_stm32f10x_hd.o(.text) for Reset_Handler
    startup_stm32f10x_hd.o(RESET) refers to stm32f10x_it.o(.text) for NMI_Handler
    startup_stm32f10x_hd.o(.text) refers (Special) to heapauxi.o(.text) for __use_two_region_memory
    startup_stm32f10x_hd.o(.text) refers to system_stm32f10x.o(.text) for SystemInit
    startup_stm32f10x_hd.o(.text) refers to __main.o(!!!main) for __main
    startup_stm32f10x_hd.o(.text) refers to startup_stm32f10x_hd.o(HEAP) for Heap_Mem
    startup_stm32f10x_hd.o(.text) refers to startup_stm32f10x_hd.o(STACK) for Stack_Mem
    spi.o(.text) refers to stm32f10x_rcc.o(.text) for RCC_APB2PeriphClockCmd
    spi.o(.text) refers to stm32f10x_gpio.o(.text) for GPIO_Init
[...]
    ../clib/angel/kernel.s                   0x00000000   Number         0  rtexit.o ABSOLUTE
    ../clib/angel/kernel.s                   0x00000000   Number         0  __rtentry2.o ABSOLUTE
    ../clib/angel/kernel.s                   0x00000000   Number         0  rtexit2.o ABSOLUTE
    ../clib/angel/kernel.s                   0x00000000   Number         0  __rtentry.o ABSOLUTE
    ../clib/angel/kernel.s                   0x00000000   Number         0  __rtentry4.o ABSOLUTE
    ../clib/angel/rt.s                       0x00000000   Number         0  rt_raise.o ABSOLUTE
    ../clib/angel/scatter.s                  0x00000000   Number         0  __scatter.o ABSOLUTE
    ../clib/angel/startup.s                  0x00000000   Number         0  __main.o ABSOLUTE
    ../clib/angel/sys.s                      0x00000000   Number         0  libspace.o ABSOLUTE
    ../clib/angel/sys.s                      0x00000000   Number         0  sys_stackheap_outer.o ABSOLUTE
    ../clib/angel/sys.s                      0x00000000   Number         0  indicate_semi.o ABSOLUTE
    ../clib/angel/sys.s                      0x00000000   Number         0  use_no_semi.o ABSOLUTE
    ../clib/angel/sys.s                      0x00000000   Number         0  use_no_semi_2.o ABSOLUTE
    ../clib/angel/sysapp.c                   0x00000000   Number         0  sys_command.o ABSOLUTE
    ../clib/angel/sysapp.c                   0x00000000   Number         0  sys_wrch.o ABSOLUTE
    ../clib/armsys.c                         0x00000000   Number         0  no_argv.o ABSOLUTE
    ../clib/armsys.c                         0x00000000   Number         0  _get_argv_nomalloc.o ABSOLUTE
    ../clib/armsys.c                         0x00000000   Number         0  argv_veneer.o ABSOLUTE
    ../clib/armsys.c                         0x00000000   Number         0  argv_veneer.o ABSOLUTE
    ../clib/heapalloc.c                      0x00000000   Number         0  hrguard.o ABSOLUTE
    ../clib/heapaux.c                        0x00000000   Number         0  heapauxi.o ABSOLUTE
    ../clib/libinit.s                        0x00000000   Number         0  libinit.o ABSOLUTE
    ../clib/libinit.s                        0x00000000   Number         0  libshutdown.o ABSOLUTE
    ../clib/libinit.s                        0x00000000   Number         0  libinit2.o ABSOLUTE
    ../clib/libinit.s                        0x00000000   Number         0  libshutdown2.o ABSOLUTE
    ../clib/memcpset.s                       0x00000000   Number         0  rt_memcpy_w.o ABSOLUTE
    ../clib/memcpset.s                       0x00000000   Number         0  rt_memcpy_v6.o ABSOLUTE
    ../clib/printf.c                         0x00000000   Number         0  __printf_flags_wp.o ABSOLUTE
    ../clib/printf.c                         0x00000000   Number         0  __printf_wp.o ABSOLUTE
    ../clib/printf.c                         0x00000000   Number         0  __printf_flags_ss.o ABSOLUTE
    ../clib/printf.c                         0x00000000   Number         0  __printf_ss.o ABSOLUTE
    ../clib/printf.c                         0x00000000   Number         0  __printf_flags.o ABSOLUTE
    ../clib/printf.c                         0x00000000   Number         0  _printf_hex_int_ll_ptr.o ABSOLUTE
    ../clib/printf.c                         0x00000000   Number         0  _printf_hex_ll_ptr.o ABSOLUTE
    ../clib/printf.c                         0x00000000   Number         0  _printf_hex_int_ptr.o ABSOLUTE
    ../clib/printf.c                         0x00000000   Number         0  _printf_hex_ptr.o ABSOLUTE
    ../clib/printf.c                         0x00000000   Number         0  _printf_hex_int_ll.o ABSOLUTE
    ../clib/printf.c                         0x00000000   Number         0  _printf_hex_int.o ABSOLUTE
    ../clib/printf.c                         0x00000000   Number         0  _printf_hex_ll.o ABSOLUTE
    ../clib/printf.c                         0x00000000   Number         0  _printf_dec.o ABSOLUTE
    ../clib/printf.c                         0x00000000   Number         0  __printf.o ABSOLUTE
    ../clib/printf.c                         0x00000000   Number         0  _printf_char_common.o ABSOLUTE
    ../clib/printf.c                         0x00000000   Number         0  __2printf.o ABSOLUTE
    ../clib/printf.c                         0x00000000   Number         0  noretval__2printf.o ABSOLUTE
    ../clib/printf.c                         0x00000000   Number         0  __printf_nopercent.o ABSOLUTE
    ../clib/printf.c                         0x00000000   Number         0  _printf_char_file.o ABSOLUTE
    ../clib/printf.c                         0x00000000   Number         0  _printf_intcommon.o ABSOLUTE
    ../clib/printf.c                         0x00000000   Number         0  __printf_flags_ss_wp.o ABSOLUTE
    ../clib/printf.c                         0x00000000   Number         0  __printf_ss_wp.o ABSOLUTE
    ../clib/printf_percent.s                 0x00000000   Number         0  _printf_x.o ABSOLUTE
    ../clib/printf_percent.s                 0x00000000   Number         0  _printf_percent_end.o ABSOLUTE
    ../clib/printf_percent.s                 0x00000000   Number         0  _printf_d.o ABSOLUTE
    ../clib/printf_percent.s                 0x00000000   Number         0  _printf_percent.o ABSOLUTE
    ../clib/signal.c                         0x00000000   Number         0  defsig_rtred_inner.o ABSOLUTE
    ../clib/signal.c                         0x00000000   Number         0  defsig_abrt_inner.o ABSOLUTE
    ../clib/signal.c                         0x00000000   Number         0  defsig_rtmem_formal.o ABSOLUTE
    ../clib/signal.c                         0x00000000   Number         0  defsig_general.o ABSOLUTE
    ../clib/signal.c                         0x00000000   Number         0  __raise.o ABSOLUTE
    ../clib/signal.c                         0x00000000   Number         0  defsig_rtmem_inner.o ABSOLUTE
    ../clib/signal.c                         0x00000000   Number         0  defsig_exit.o ABSOLUTE
    ../clib/signal.c                         0x00000000   Number         0  defsig_other.o ABSOLUTE
    ../clib/signal.c                         0x00000000   Number         0  defsig_fpe_inner.o ABSOLUTE
    ../clib/signal.c                         0x00000000   Number         0  defsig_segv_inner.o ABSOLUTE
    ../clib/signal.c                         0x00000000   Number         0  defsig_cppl_inner.o ABSOLUTE
    ../clib/signal.c                         0x00000000   Number         0  defsig_pvfn_inner.o ABSOLUTE
    ../clib/signal.c                         0x00000000   Number         0  defsig_stak_inner.o ABSOLUTE
    ../clib/signal.c                         0x00000000   Number         0  defsig_rtmem_outer.o ABSOLUTE
    ../clib/signal.s                         0x00000000   Number         0  defsig.o ABSOLUTE
    ../clib/stdio.c                          0x00000000   Number         0  ferror.o ABSOLUTE
    ../clib/stdio.c                          0x00000000   Number         0  ferror_locked.o ABSOLUTE
    ../clib/stdlib.c                         0x00000000   Number         0  exit.o ABSOLUTE
    ../fplib/fpinit.s                        0x00000000   Number         0  fpinit.o ABSOLUTE
    ..\Libraries\CMSIS\CM3\CoreSupport\core_cm3.c 0x00000000   Number         0  core_cm3.o ABSOLUTE
    ..\Libraries\CMSIS\CM3\DeviceSupport\ST\STM32F10x\startup\arm\startup_stm32f10x_hd.s 0x00000000   Number         0  startup_stm32f10x_hd.o ABSOLUTE
    ..\Libraries\CMSIS\CM3\DeviceSupport\ST\STM32F10x\system_stm32f10x.c 0x00000000   Number         0  system_stm32f10x.o ABSOLUTE
    ..\Libraries\STM32F10x_StdPeriph_Driver\src\misc.c 0x00000000   Number         0  misc.o ABSOLUTE
    ..\Libraries\STM32F10x_StdPeriph_Driver\src\stm32f10x_dma.c 0x00000000   Number         0  stm32f10x_dma.o ABSOLUTE
    ..\Libraries\STM32F10x_StdPeriph_Driver\src\stm32f10x_exti.c 0x00000000   Number         0  stm32f10x_exti.o ABSOLUTE
    ..\Libraries\STM32F10x_StdPeriph_Driver\src\stm32f10x_flash.c 0x00000000   Number         0  stm32f10x_flash.o ABSOLUTE
    ..\Libraries\STM32F10x_StdPeriph_Driver\src\stm32f10x_fsmc.c 0x00000000   Number         0  stm32f10x_fsmc.o ABSOLUTE
    ..\Libraries\STM32F10x_StdPeriph_Driver\src\stm32f10x_gpio.c 0x00000000   Number         0  stm32f10x_gpio.o ABSOLUTE
    ..\Libraries\STM32F10x_StdPeriph_Driver\src\stm32f10x_i2c.c 0x00000000   Number         0  stm32f10x_i2c.o ABSOLUTE
    ..\Libraries\STM32F10x_StdPeriph_Driver\src\stm32f10x_pwr.c 0x00000000   Number         0  stm32f10x_pwr.o ABSOLUTE
    ..\Libraries\STM32F10x_StdPeriph_Driver\src\stm32f10x_rcc.c 0x00000000   Number         0  stm32f10x_rcc.o ABSOLUTE
    ..\Libraries\STM32F10x_StdPeriph_Driver\src\stm32f10x_sdio.c 0x00000000   Number         0  stm32f10x_sdio.o ABSOLUTE
    ..\Libraries\STM32F10x_StdPeriph_Driver\src\stm32f10x_spi.c 0x00000000   Number         0  stm32f10x_spi.o ABSOLUTE
    ..\Libraries\STM32F10x_StdPeriph_Driver\src\stm32f10x_usart.c 0x00000000   Number         0  stm32f10x_usart.o ABSOLUTE
    ..\MyBSP\Delay\Delay.c                   0x00000000   Number         0  delay.o ABSOLUTE
    ..\MyBSP\LCD_Driver\LCD_Driver.c         0x00000000   Number         0  lcd_driver.o ABSOLUTE
    ..\MyBSP\LCD_Driver\LCD_GUI.c            0x00000000   Number         0  lcd_gui.o ABSOLUTE
    ..\MyBSP\LED_Key\LED_Key.c               0x00000000   Number         0  led_key.o ABSOLUTE
    ..\MyBSP\OV2640\dcmi_ov2640.c            0x00000000   Number         0  dcmi_ov2640.o ABSOLUTE
    ..\MyBSP\OV7670_Driver\FIFO.c            0x00000000   Number         0  fifo.o ABSOLUTE
    ..\MyBSP\OV7670_Driver\SCCB.c            0x00000000   Number         0  sccb.o ABSOLUTE
    ..\MyBSP\OV7670_Driver\ov7670.c          0x00000000   Number         0  ov7670.o ABSOLUTE
    ..\MyBSP\SD_Driver\sd_driver.c           0x00000000   Number         0  sd_driver.o ABSOLUTE
    ..\MyBSP\USART\USART.c                   0x00000000   Number         0  usart.o ABSOLUTE
    ..\MyBSP\Wifi\Wifi_Spi.c                 0x00000000   Number         0  wifi_spi.o ABSOLUTE
    ..\OnChip_Drivers\NVIC_EXIT\Nvic_Exit.c  0x00000000   Number         0  nvic_exit.o ABSOLUTE
    ..\OnChip_Drivers\SPI\SPI.c              0x00000000   Number         0  spi.o ABSOLUTE
    ..\Usrer\STM32_it\stm32f10x_it.c         0x00000000   Number         0  stm32f10x_it.o ABSOLUTE
    ..\Usrer\fatfs\FATFS_008.c               0x00000000   Number         0  fatfs_008.o ABSOLUTE
    ..\Usrer\fatfs\diskio.c                  0x00000000   Number         0  diskio.o ABSOLUTE
    ..\Usrer\fatfs\option\ccsbcs.c           0x00000000   Number         0  ccsbcs.o ABSOLUTE
    ..\Usrer\main\main.c                     0x00000000   Number         0  main.o ABSOLUTE
    ..\\Libraries\\CMSIS\\CM3\\CoreSupport\\core_cm3.c 0x00000000   Number         0  core_cm3.o ABSOLUTE
    dc.s                                     0x00000000   Number         0  dc.o ABSOLUTE
    RESET                                    0x08000000   Section      304  startup_stm32f10x_hd.o(RESET)
    !!!main                                  0x08000130   Section        8  __main.o(!!!main)
    !!!scatter                               0x08000138   Section       52  __scatter.o(!!!scatter)
    !!handler_copy                           0x0800016c   Section       26  __scatter_copy.o(!!handler_copy)
    !!handler_zi                             0x08000188   Section       28  __scatter_zi.o(!!handler_zi)
    .ARM.Collect$$libinit$$00000000          0x080001a4   Section        2  libinit.o(.ARM.Collect$$libinit$$00000000)
    .ARM.Collect$$libinit$$00000002          0x080001a6   Section        0  libinit2.o(.ARM.Collect$$libinit$$00000002)
    .ARM.Collect$$libinit$$00000004          0x080001a6   Section        0  libinit2.o(.ARM.Collect$$libinit$$00000004)
    .ARM.Collect$$libinit$$0000000A          0x080001a6   Section        0  libinit2.o(.ARM.Collect$$libinit$$0000000A)
    .ARM.Collect$$libinit$$0000000C          0x080001a6   Section        0  libinit2.o(.ARM.Collect$$libinit$$0000000C)
    .ARM.Collect$$libinit$$0000000E          0x080001a6   Section        0  libinit2.o(.ARM.Collect$$libinit$$0000000E)
    .ARM.Collect$$libinit$$00000011          0x080001a6   Section        0  libinit2.o(.ARM.Collect$$libinit$$00000011)
    .ARM.Collect$$libinit$$00000013          0x080001a6   Section        0  libinit2.o(.ARM.Collect$$libinit$$00000013)
    .ARM.Collect$$libinit$$00000015          0x080001a6   Section        0  libinit2.o(.ARM.Collect$$libinit$$00000015)
    .ARM.Collect$$libinit$$00000017          0x080001a6   Section        0  libinit2.o(.ARM.Collect$$libinit$$00000017)
    .ARM.Collect$$libinit$$00000019          0x080001a6   Section        0  libinit2.o(.ARM.Collect$$libinit$$00000019)
    .ARM.Collect$$libinit$$0000001B          0x080001a6   Section        0  libinit2.o(.ARM.Collect$$libinit$$0000001B)
    .ARM.Collect$$libinit$$0000001D          0x080001a6   Section        0  libinit2.o(.ARM.Collect$$libinit$$0000001D)
    .ARM.Collect$$libinit$$0000001F          0x080001a6   Section        0  libinit2.o(.ARM.Collect$$libinit$$0000001F)
    .ARM.Collect$$libinit$$00000021          0x080001a6   Section        0  libinit2.o(.ARM.Collect$$libinit$$00000021)
    .ARM.Collect$$libinit$$00000023          0x080001a6   Section        0  libinit2.o(.ARM.Collect$$libinit$$00000023)
    .ARM.Collect$$libinit$$00000025          0x080001a6   Section        0  libinit2.o(.ARM.Collect$$libinit$$00000025)
    .ARM.Collect$$libinit$$0000002C          0x080001a6   Section        0  libinit2.o(.ARM.Collect$$libinit$$0000002C)
    .ARM.Collect$$libinit$$0000002E          0x080001a6   Section        0  libinit2.o(.ARM.Collect$$libinit$$0000002E)
    .ARM.Collect$$libinit$$00000030          0x080001a6   Section        0  libinit2.o(.ARM.Collect$$libinit$$00000030)
    .ARM.Collect$$libinit$$00000032          0x080001a6   Section        0  libinit2.o(.ARM.Collect$$libinit$$00000032)
    .ARM.Collect$$libinit$$00000033          0x080001a6   Section        2  libinit2.o(.ARM.Collect$$libinit$$00000033)
    .ARM.Collect$$libshutdown$$00000000      0x080001a8   Section        2  libshutdown.o(.ARM.Collect$$libshutdown$$00000000)
    .ARM.Collect$$libshutdown$$00000002      0x080001aa   Section        0  libshutdown2.o(.ARM.Collect$$libshutdown$$00000002)
    .ARM.Collect$$libshutdown$$00000004      0x080001aa   Section        0  libshutdown2.o(.ARM.Collect$$libshutdown$$00000004)
    .ARM.Collect$$libshutdown$$00000007      0x080001aa   Section        0  libshutdown2.o(.ARM.Collect$$libshutdown$$00000007)
    .ARM.Collect$$libshutdown$$0000000A      0x080001aa   Section        0  libshutdown2.o(.ARM.Collect$$libshutdown$$0000000A)
    .ARM.Collect$$libshutdown$$0000000C      0x080001aa   Section        0  libshutdown2.o(.ARM.Collect$$libshutdown$$0000000C)
    .ARM.Collect$$libshutdown$$0000000F      0x080001aa   Section        0  libshutdown2.o(.ARM.Collect$$libshutdown$$0000000F)
    .ARM.Collect$$libshutdown$$00000010      0x080001aa   Section        2  libshutdown2.o(.ARM.Collect$$libshutdown$$00000010)
    .ARM.Collect$$rtentry$$00000000          0x080001ac   Section        0  __rtentry.o(.ARM.Collect$$rtentry$$00000000)
    .ARM.Collect$$rtentry$$00000002          0x080001ac   Section        0  __rtentry2.o(.ARM.Collect$$rtentry$$00000002)
    .ARM.Collect$$rtentry$$00000004          0x080001ac   Section        6  __rtentry4.o(.ARM.Collect$$rtentry$$00000004)
    .ARM.Collect$$rtentry$$00000009          0x080001b2   Section        0  __rtentry2.o(.ARM.Collect$$rtentry$$00000009)
    .ARM.Collect$$rtentry$$0000000A          0x080001b2   Section        4  __rtentry2.o(.ARM.Collect$$rtentry$$0000000A)
    .ARM.Collect$$rtentry$$0000000C          0x080001b6   Section        0  __rtentry2.o(.ARM.Collect$$rtentry$$0000000C)
    .ARM.Collect$$rtentry$$0000000D          0x080001b6   Section        8  __rtentry2.o(.ARM.Collect$$rtentry$$0000000D)
    .ARM.Collect$$rtexit$$00000000           0x080001be   Section        2  rtexit.o(.ARM.Collect$$rtexit$$00000000)
    .ARM.Collect$$rtexit$$00000002           0x080001c0   Section        0  rtexit2.o(.ARM.Collect$$rtexit$$00000002)
    .ARM.Collect$$rtexit$$00000003           0x080001c0   Section        4  rtexit2.o(.ARM.Collect$$rtexit$$00000003)
    .ARM.Collect$$rtexit$$00000004           0x080001c4   Section        6  rtexit2.o(.ARM.Collect$$rtexit$$00000004)
    .text                                    0x080001cc   Section        0  main.o(.text)
    CharToNumber                             0x0800023b   Thumb Code    56  main.o(.text)
    .text                                    0x08000578   Section        0  stm32f10x_it.o(.text)
    .text                                    0x08000670   Section        0  sd_driver.o(.text)
    SD_SetSpiSpeed                           0x08000693   Thumb Code    26  sd_driver.o(.text)
    wait_ready                               0x080006ad   Thumb Code    46  sd_driver.o(.text)
    deselect                                 0x080006db   Thumb Code    18  sd_driver.o(.text)
    select                                   0x080006ed   Thumb Code    28  sd_driver.o(.text)
    power_on                                 0x08000709   Thumb Code     6  sd_driver.o(.text)
    power_off                                0x0800070f   Thumb Code    24  sd_driver.o(.text)
    rcvr_datablock                           0x08000727   Thumb Code   134  sd_driver.o(.text)
    xmit_datablock                           0x080007ad   Thumb Code   106  sd_driver.o(.text)
    send_cmd                                 0x08000817   Thumb Code   162  sd_driver.o(.text)
    .text                                    0x08000f08   Section        0  usart.o(.text)
    USART_NvicCfg                            0x08000f2f   Thumb Code    36  usart.o(.text)
    USART_HardwareInit                       0x08000f53   Thumb Code   174  usart.o(.text)
    .text                                    0x0800137c   Section        0  delay.o(.text)
    .text                                    0x0800142c   Section        0  stm32f10x_usart.o(.text)
    .text                                    0x08001834   Section        0  misc.o(.text)
    .text                                    0x08001910   Section        0  stm32f10x_exti.o(.text)
    .text                                    0x08001a2c   Section        0  stm32f10x_gpio.o(.text)
    .text                                    0x08001d88   Section        0  stm32f10x_i2c.o(.text)
    .text                                    0x08002170   Section        0  stm32f10x_spi.o(.text)
    .text                                    0x0800247c   Section        0  stm32f10x_rcc.o(.text)
    .text                                    0x08002820   Section        0  diskio.o(.text)
    .text                                    0x080028a0   Section        0  fatfs_008.o(.text)
    mem_cpy                                  0x080028a1   Thumb Code    26  fatfs_008.o(.text)
    mem_set                                  0x080028bb   Thumb Code    20  fatfs_008.o(.text)
    mem_cmp                                  0x080028cf   Thumb Code    38  fatfs_008.o(.text)
    chk_chr                                  0x080028f5   Thumb Code    20  fatfs_008.o(.text)
    move_window                              0x08002909   Thumb Code   114  fatfs_008.o(.text)
    sync                                     0x0800297b   Thumb Code   202  fatfs_008.o(.text)
    remove_chain                             0x08002c5f   Thumb Code   104  fatfs_008.o(.text)
    create_chain                             0x08002cc7   Thumb Code   184  fatfs_008.o(.text)
    dir_sdi                                  0x08002d99   Thumb Code   156  fatfs_008.o(.text)
    dir_next                                 0x08002e35   Thumb Code   278  fatfs_008.o(.text)
    cmp_lfn                                  0x08002f4b   Thumb Code   138  fatfs_008.o(.text)
    pick_lfn                                 0x08002fd5   Thumb Code   112  fatfs_008.o(.text)
    fit_lfn                                  0x08003045   Thumb Code   122  fatfs_008.o(.text)
    sum_sfn                                  0x08003167   Thumb Code    32  fatfs_008.o(.text)
    dir_find                                 0x08003187   Thumb Code   222  fatfs_008.o(.text)
    dir_read                                 0x08003265   Thumb Code   190  fatfs_008.o(.text)
    dir_register                             0x08003323   Thumb Code   400  fatfs_008.o(.text)
    dir_remove                               0x080034b3   Thumb Code    96  fatfs_008.o(.text)
    create_name                              0x08003513   Thumb Code   512  fatfs_008.o(.text)
    get_fileinfo                             0x08003713   Thumb Code   292  fatfs_008.o(.text)
    follow_path                              0x08003837   Thumb Code   158  fatfs_008.o(.text)
    check_fs                                 0x080038d5   Thumb Code   168  fatfs_008.o(.text)
    chk_mounted                              0x0800397d   Thumb Code   864  fatfs_008.o(.text)
    validate                                 0x08003cdd   Thumb Code    42  fatfs_008.o(.text)
    .text                                    0x0800535c   Section        0  ccsbcs.o(.text)
    .text                                    0x080053dc   Section        0  system_stm32f10x.o(.text)
    SetSysClockTo72                          0x080053dd   Thumb Code   214  system_stm32f10x.o(.text)
    SetSysClock                              0x080054b3   Thumb Code     8  system_stm32f10x.o(.text)
    .text                                    0x080055b0   Section       64  startup_stm32f10x_hd.o(.text)
    .text                                    0x080055f0   Section        0  spi.o(.text)
    .text                                    0x080059a8   Section        0  nvic_exit.o(.text)
    GetGpioPortNumber                        0x080059bf   Thumb Code    34  nvic_exit.o(.text)
    GetGpioPinNumber                         0x080059e1   Thumb Code    34  nvic_exit.o(.text)
    .text                                    0x08005ae4   Section        0  dcmi_ov2640.o(.text)
    .text                                    0x0800613c   Section        2  use_no_semi_2.o(.text)
    .text                                    0x0800613e   Section      100  rt_memcpy_w.o(.text)
    .text                                    0x080061a2   Section        0  heapauxi.o(.text)
    .text                                    0x080061a8   Section        2  use_no_semi.o(.text)
    .text                                    0x080061aa   Section       74  sys_stackheap_outer.o(.text)
    .text                                    0x080061f4   Section        0  exit.o(.text)
    .text                                    0x08006208   Section        8  libspace.o(.text)
    .constdata                               0x08006210   Section       44  main.o(.constdata)
    .constdata                               0x0800623c   Section       54  usart.o(.constdata)
    .constdata                               0x08006272   Section      186  fatfs_008.o(.constdata)
    LfnOfs                                   0x08006272   Data          13  fatfs_008.o(.constdata)
    excvt                                    0x0800627f   Data         128  fatfs_008.o(.constdata)
    vst                                      0x08006300   Data          22  fatfs_008.o(.constdata)
    cst                                      0x08006316   Data          22  fatfs_008.o(.constdata)
    .constdata                               0x0800632c   Section     1216  ccsbcs.o(.constdata)
    Tbl                                      0x0800632c   Data         256  ccsbcs.o(.constdata)
    tbl_lower                                0x0800642c   Data         480  ccsbcs.o(.constdata)
    tbl_upper                                0x0800660c   Data         480  ccsbcs.o(.constdata)
    .constdata                               0x080067ec   Section       20  spi.o(.constdata)
    .constdata                               0x08006800   Section      164  nvic_exit.o(.constdata)
    .constdata                               0x080068a4   Section     2467  dcmi_ov2640.o(.constdata)
    change_reg                               0x080070ae   Data         334  dcmi_ov2640.o(.constdata)
    OV2640_AUTOEXPOSURE_LEVEL0               0x080071fc   Data          15  dcmi_ov2640.o(.constdata)
    OV2640_AUTOEXPOSURE_LEVEL1               0x0800720b   Data          15  dcmi_ov2640.o(.constdata)
    OV2640_AUTOEXPOSURE_LEVEL2               0x0800721a   Data          15  dcmi_ov2640.o(.constdata)
    OV2640_AUTOEXPOSURE_LEVEL3               0x08007229   Data          15  dcmi_ov2640.o(.constdata)
    OV2640_AUTOEXPOSURE_LEVEL4               0x08007238   Data          15  dcmi_ov2640.o(.constdata)
    .data                                    0x20000000   Section       52  main.o(.data)
    .data                                    0x20000034   Section        5  stm32f10x_it.o(.data)
    .data                                    0x2000003c   Section       16  sd_driver.o(.data)
    Stat                                     0x2000003c   Data           1  sd_driver.o(.data)
    Timer1                                   0x20000040   Data           4  sd_driver.o(.data)
    Timer2                                   0x20000044   Data           4  sd_driver.o(.data)
    CardType                                 0x20000048   Data           4  sd_driver.o(.data)
    .data                                    0x2000004c   Section       32  usart.o(.data)
    COM_USART                                0x2000004c   Data           8  usart.o(.data)
    COM_TX_PORT                              0x20000054   Data           8  usart.o(.data)
    COM_RX_PORT                              0x2000005c   Data           8  usart.o(.data)
    Index                                    0x20000068   Data           1  usart.o(.data)
    Frame_Length                             0x20000069   Data           1  usart.o(.data)
    RxCounter2                               0x2000006a   Data           1  usart.o(.data)
    ch_cmd                                   0x2000006b   Data           1  usart.o(.data)
    .data                                    0x2000006c   Section        4  delay.o(.data)
    fac_us                                   0x2000006c   Data           1  delay.o(.data)
    fac_ms                                   0x2000006e   Data           2  delay.o(.data)
    .data                                    0x20000070   Section       20  stm32f10x_rcc.o(.data)
    APBAHBPrescTable                         0x20000070   Data          16  stm32f10x_rcc.o(.data)
    ADCPrescTable                            0x20000080   Data           4  stm32f10x_rcc.o(.data)
    .data                                    0x20000084   Section        8  fatfs_008.o(.data)
    Fsid                                     0x20000084   Data           2  fatfs_008.o(.data)
    FatFs                                    0x20000088   Data           4  fatfs_008.o(.data)
    .data                                    0x2000008c   Section       20  system_stm32f10x.o(.data)
    .data                                    0x200000a0   Section       16  spi.o(.data)
    SPI_TypeBuffer                           0x200000a0   Data           8  spi.o(.data)
    SPI_CS_PORT                              0x200000a8   Data           8  spi.o(.data)
    .data                                    0x200000b0   Section       28  nvic_exit.o(.data)
    .bss                                     0x200000cc   Section      689  main.o(.bss)
    lfn                                      0x200002fc   Data         129  main.o(.bss)
    .bss                                     0x2000037d   Section    30240  stm32f10x_it.o(.bss)
    .bss                                     0x2000799d   Section       40  usart.o(.bss)
    COM1_RxBuff                              0x2000799d   Data          30  usart.o(.bss)
    RxBuffer2                                0x200079bb   Data          10  usart.o(.bss)
    .bss                                     0x200079c6   Section      258  fatfs_008.o(.bss)
    LfnBuf                                   0x200079c6   Data         258  fatfs_008.o(.bss)
    .bss                                     0x20007ac8   Section       96  libspace.o(.bss)
    HEAP                                     0x20007b28   Section      512  startup_stm32f10x_hd.o(HEAP)
    Heap_Mem                                 0x20007b28   Data         512  startup_stm32f10x_hd.o(HEAP)
    STACK                                    0x20007d28   Section     3584  startup_stm32f10x_hd.o(STACK)
    Stack_Mem                                0x20007d28   Data        3584  startup_stm32f10x_hd.o(STACK)
    __initial_sp                             0x20008b28   Data           0  startup_stm32f10x_hd.o(STACK)

    Global Symbols

    Symbol Name                              Value     Ov Type        Size  Object(Section)

    BuildAttributes$$THM_ISAv4$P$D$K$B$S$PE$A:L22UL41UL21$X:L11$S22US41US21$IEEE1$IW$USESV6$~STKCKD$USESV7$~SHL$OSPACE$ROPI$EBA8$UX$STANDARDLIB$REQ8$PRES8$EABIv2 0x00000000   Number         0  anon$$obj.o ABSOLUTE
    __ARM_use_no_argv                        0x00000000   Number         0  main.o ABSOLUTE
    __ARM_exceptions_init                     - Undefined Weak Reference
    __alloca_initialize                       - Undefined Weak Reference
    __arm_preinit_                            - Undefined Weak Reference
    __cpp_initialize__aeabi_                  - Undefined Weak Reference
    __cxa_finalize                            - Undefined Weak Reference
    __rt_locale                               - Undefined Weak Reference
    __sigvec_lookup                           - Undefined Weak Reference
    _atexit_init                              - Undefined Weak Reference
    _call_atexit_fns                          - Undefined Weak Reference
    _clock_init                               - Undefined Weak Reference
    _fp_trap_init                             - Undefined Weak Reference
    _fp_trap_shutdown                         - Undefined Weak Reference
    _get_lc_collate                           - Undefined Weak Reference
    _get_lc_ctype                             - Undefined Weak Reference
    _get_lc_monetary                          - Undefined Weak Reference
    _get_lc_numeric                           - Undefined Weak Reference
    _get_lc_time                              - Undefined Weak Reference
    _getenv_init                              - Undefined Weak Reference
    _handle_redirection                       - Undefined Weak Reference
    _init_alloc                               - Undefined Weak Reference
    _init_user_alloc                          - Undefined Weak Reference
    _initio                                   - Undefined Weak Reference
    _mutex_acquire                            - Undefined Weak Reference
    _mutex_release                            - Undefined Weak Reference
    _printf_post_padding                      - Undefined Weak Reference
    _printf_pre_padding                       - Undefined Weak Reference
    _printf_truncate_signed                   - Undefined Weak Reference
    _printf_truncate_unsigned                 - Undefined Weak Reference
    _rand_init                                - Undefined Weak Reference
    _signal_finish                            - Undefined Weak Reference
    _signal_init                              - Undefined Weak Reference
    _terminate_alloc                          - Undefined Weak Reference
    _terminate_user_alloc                     - Undefined Weak Reference
    _terminateio                              - Undefined Weak Reference
    __Vectors_Size                           0x00000130   Number         0  startup_stm32f10x_hd.o ABSOLUTE
    __Vectors                                0x08000000   Data           4  startup_stm32f10x_hd.o(RESET)
    __Vectors_End                            0x08000130   Data           0  startup_stm32f10x_hd.o(RESET)
    __main                                   0x08000131   Thumb Code     8  __main.o(!!!main)
    __scatterload                            0x08000139   Thumb Code     0  __scatter.o(!!!scatter)
    __scatterload_rt2                        0x08000139   Thumb Code    44  __scatter.o(!!!scatter)
    __scatterload_rt2_thumb_only             0x08000139   Thumb Code     0  __scatter.o(!!!scatter)
    __scatterload_null                       0x08000147   Thumb Code     0  __scatter.o(!!!scatter)
    __scatterload_copy                       0x0800016d   Thumb Code    26  __scatter_copy.o(!!handler_copy)
    __scatterload_zeroinit                   0x08000189   Thumb Code    28  __scatter_zi.o(!!handler_zi)
    __rt_lib_init                            0x080001a5   Thumb Code     0  libinit.o(.ARM.Collect$$libinit$$00000000)
    __rt_lib_init_alloca_1                   0x080001a7   Thumb Code     0  libinit2.o(.ARM.Collect$$libinit$$0000002E)
    __rt_lib_init_argv_1                     0x080001a7   Thumb Code     0  libinit2.o(.ARM.Collect$$libinit$$0000002C)
    __rt_lib_init_atexit_1                   0x080001a7   Thumb Code     0  libinit2.o(.ARM.Collect$$libinit$$0000001B)
    __rt_lib_init_clock_1                    0x080001a7   Thumb Code     0  libinit2.o(.ARM.Collect$$libinit$$00000021)
    __rt_lib_init_cpp_1                      0x080001a7   Thumb Code     0  libinit2.o(.ARM.Collect$$libinit$$00000032)
    __rt_lib_init_exceptions_1               0x080001a7   Thumb Code     0  libinit2.o(.ARM.Collect$$libinit$$00000030)
    __rt_lib_init_fp_1                       0x080001a7   Thumb Code     0  libinit2.o(.ARM.Collect$$libinit$$00000002)
    __rt_lib_init_fp_trap_1                  0x080001a7   Thumb Code     0  libinit2.o(.ARM.Collect$$libinit$$0000001F)
    __rt_lib_init_getenv_1                   0x080001a7   Thumb Code     0  libinit2.o(.ARM.Collect$$libinit$$00000023)
    __rt_lib_init_heap_1                     0x080001a7   Thumb Code     0  libinit2.o(.ARM.Collect$$libinit$$0000000A)
    __rt_lib_init_lc_collate_1               0x080001a7   Thumb Code     0  libinit2.o(.ARM.Collect$$libinit$$00000011)
    __rt_lib_init_lc_ctype_1                 0x080001a7   Thumb Code     0  libinit2.o(.ARM.Collect$$libinit$$00000013)
    __rt_lib_init_lc_monetary_1              0x080001a7   Thumb Code     0  libinit2.o(.ARM.Collect$$libinit$$00000015)
    __rt_lib_init_lc_numeric_1               0x080001a7   Thumb Code     0  libinit2.o(.ARM.Collect$$libinit$$00000017)
    __rt_lib_init_lc_time_1                  0x080001a7   Thumb Code     0  libinit2.o(.ARM.Collect$$libinit$$00000019)
    __rt_lib_init_preinit_1                  0x080001a7   Thumb Code     0  libinit2.o(.ARM.Collect$$libinit$$00000004)
    __rt_lib_init_rand_1                     0x080001a7   Thumb Code     0  libinit2.o(.ARM.Collect$$libinit$$0000000E)
    __rt_lib_init_return                     0x080001a7   Thumb Code     0  libinit2.o(.ARM.Collect$$libinit$$00000033)
    __rt_lib_init_signal_1                   0x080001a7   Thumb Code     0  libinit2.o(.ARM.Collect$$libinit$$0000001D)
    __rt_lib_init_stdio_1                    0x080001a7   Thumb Code     0  libinit2.o(.ARM.Collect$$libinit$$00000025)
    __rt_lib_init_user_alloc_1               0x080001a7   Thumb Code     0  libinit2.o(.ARM.Collect$$libinit$$0000000C)
    __rt_lib_shutdown                        0x080001a9   Thumb Code     0  libshutdown.o(.ARM.Collect$$libshutdown$$00000000)
    __rt_lib_shutdown_cpp_1                  0x080001ab   Thumb Code     0  libshutdown2.o(.ARM.Collect$$libshutdown$$00000002)
    __rt_lib_shutdown_fp_trap_1              0x080001ab   Thumb Code     0  libshutdown2.o(.ARM.Collect$$libshutdown$$00000007)
    __rt_lib_shutdown_heap_1                 0x080001ab   Thumb Code     0  libshutdown2.o(.ARM.Collect$$libshutdown$$0000000F)
    __rt_lib_shutdown_return                 0x080001ab   Thumb Code     0  libshutdown2.o(.ARM.Collect$$libshutdown$$00000010)
    __rt_lib_shutdown_signal_1               0x080001ab   Thumb Code     0  libshutdown2.o(.ARM.Collect$$libshutdown$$0000000A)
    __rt_lib_shutdown_stdio_1                0x080001ab   Thumb Code     0  libshutdown2.o(.ARM.Collect$$libshutdown$$00000004)
    __rt_lib_shutdown_user_alloc_1           0x080001ab   Thumb Code     0  libshutdown2.o(.ARM.Collect$$libshutdown$$0000000C)
    __rt_entry                               0x080001ad   Thumb Code     0  __rtentry.o(.ARM.Collect$$rtentry$$00000000)
    __rt_entry_presh_1                       0x080001ad   Thumb Code     0  __rtentry2.o(.ARM.Collect$$rtentry$$00000002)
    __rt_entry_sh                            0x080001ad   Thumb Code     0  __rtentry4.o(.ARM.Collect$$rtentry$$00000004)
    __rt_entry_li                            0x080001b3   Thumb Code     0  __rtentry2.o(.ARM.Collect$$rtentry$$0000000A)
    __rt_entry_postsh_1                      0x080001b3   Thumb Code     0  __rtentry2.o(.ARM.Collect$$rtentry$$00000009)
    __rt_entry_main                          0x080001b7   Thumb Code     0  __rtentry2.o(.ARM.Collect$$rtentry$$0000000D)
    __rt_entry_postli_1                      0x080001b7   Thumb Code     0  __rtentry2.o(.ARM.Collect$$rtentry$$0000000C)
    __rt_exit                                0x080001bf   Thumb Code     0  rtexit.o(.ARM.Collect$$rtexit$$00000000)
    __rt_exit_ls                             0x080001c1   Thumb Code     0  rtexit2.o(.ARM.Collect$$rtexit$$00000003)
    __rt_exit_prels_1                        0x080001c1   Thumb Code     0  rtexit2.o(.ARM.Collect$$rtexit$$00000002)
    __rt_exit_exit                           0x080001c5   Thumb Code     0  rtexit2.o(.ARM.Collect$$rtexit$$00000004)
    init_gpio_func                           0x080001cd   Thumb Code    60  main.o(.text)
    open_ov2640_3v3                          0x08000209   Thumb Code    20  main.o(.text)
    KeyTest                                  0x0800021d   Thumb Code    30  main.o(.text)
    scan_files                               0x08000273   Thumb Code   170  main.o(.text)
    NumberToString                           0x0800031d   Thumb Code    46  main.o(.text)
    SD_SavePhoto                             0x0800034b   Thumb Code     6  main.o(.text)
    SD_SaveJpegPhoto                         0x08000351   Thumb Code    68  main.o(.text)
    MenuSavePhoto                            0x08000395   Thumb Code    46  main.o(.text)
    UsartSendData                            0x080003c3   Thumb Code    32  main.o(.text)
    MenuUsartSendPhoto                       0x080003e3   Thumb Code    90  main.o(.text)
    main                                     0x0800043d   Thumb Code   220  main.o(.text)
    Delay                                    0x08000519   Thumb Code    18  main.o(.text)
    NMI_Handler                              0x08000579   Thumb Code     2  stm32f10x_it.o(.text)
    HardFault_Handler                        0x0800057b   Thumb Code     4  stm32f10x_it.o(.text)
    MemManage_Handler                        0x0800057f   Thumb Code     4  stm32f10x_it.o(.text)
    BusFault_Handler                         0x08000583   Thumb Code     4  stm32f10x_it.o(.text)
    UsageFault_Handler                       0x08000587   Thumb Code     4  stm32f10x_it.o(.text)
    SVC_Handler                              0x0800058b   Thumb Code     2  stm32f10x_it.o(.text)
    DebugMon_Handler                         0x0800058d   Thumb Code     2  stm32f10x_it.o(.text)
    PendSV_Handler                           0x0800058f   Thumb Code     2  stm32f10x_it.o(.text)
    SysTick_Handler                          0x08000591   Thumb Code     2  stm32f10x_it.o(.text)
    USB_HP_CAN1_TX_IRQHandler                0x08000593   Thumb Code     2  stm32f10x_it.o(.text)
    USB_LP_CAN1_RX0_IRQHandler               0x08000595   Thumb Code     2  stm32f10x_it.o(.text)
    SDIO_IRQHandler                          0x08000597   Thumb Code     2  stm32f10x_it.o(.text)
    USART1_IRQHandler                        0x08000599   Thumb Code     8  stm32f10x_it.o(.text)
    USART2_IRQHandler                        0x080005a1   Thumb Code     8  stm32f10x_it.o(.text)
    EXTI9_5_IRQHandler                       0x080005a9   Thumb Code   138  stm32f10x_it.o(.text)
    EXTI15_10_IRQHandler                     0x08000633   Thumb Code    34  stm32f10x_it.o(.text)
    SD_SpiHardwareInit                       0x08000671   Thumb Code    34  sd_driver.o(.text)
    SD_Status                                0x080008b9   Thumb Code     6  sd_driver.o(.text)
    SD_Init                                  0x080008bf   Thumb Code   318  sd_driver.o(.text)
    SD_Read                                  0x080009fd   Thumb Code   124  sd_driver.o(.text)
    SD_Write                                 0x08000a79   Thumb Code   176  sd_driver.o(.text)
    SD_Ioctl                                 0x08000b29   Thumb Code   544  sd_driver.o(.text)
    SD_TimeoutHandler                        0x08000d49   Thumb Code    46  sd_driver.o(.text)
    SD_GetCapacity                           0x08000d77   Thumb Code    24  sd_driver.o(.text)
    SD_ReadSingleBlock                       0x08000d8f   Thumb Code    18  sd_driver.o(.text)
    SD_WriteSingleBlock                      0x08000da1   Thumb Code    18  sd_driver.o(.text)
    SD_ReadMultiBlock                        0x08000db3   Thumb Code    20  sd_driver.o(.text)
    SD_WriteMultiBlock                       0x08000dc7   Thumb Code    20  sd_driver.o(.text)
    SD_WriteSectorStart                      0x08000ddb   Thumb Code    98  sd_driver.o(.text)
    SD_WriteSector                           0x08000e3d   Thumb Code    30  sd_driver.o(.text)
    SD_WriteSectorEnd                        0x08000e5b   Thumb Code    54  sd_driver.o(.text)
    SD_ReadSectorStart                       0x08000e91   Thumb Code    66  sd_driver.o(.text)
    SD_ReadSector                            0x08000ed3   Thumb Code    16  sd_driver.o(.text)
    SD_ReadSectorEnd                         0x08000ee3   Thumb Code    30  sd_driver.o(.text)
    _sys_exit                                0x08000f09   Thumb Code     6  usart.o(.text)
    fputc                                    0x08000f0f   Thumb Code    32  usart.o(.text)
    USART_SendChar                           0x08001001   Thumb Code    38  usart.o(.text)
    USART1_Init                              0x08001027   Thumb Code    40  usart.o(.text)
    USART2_Init                              0x0800104f   Thumb Code    40  usart.o(.text)
    USART1_RxIntHandler                      0x08001077   Thumb Code    52  usart.o(.text)
    USART2_RxIntHandler                      0x080010ab   Thumb Code    40  usart.o(.text)
    USART1_Transmit                          0x080010d3   Thumb Code    28  usart.o(.text)
    USART2_Transmit                          0x080010ef   Thumb Code    28  usart.o(.text)
    USART_Debug                              0x0800110b   Thumb Code    24  usart.o(.text)
    USART_SendLine                           0x08001123   Thumb Code   140  usart.o(.text)
    USART_SendString                         0x080011af   Thumb Code    22  usart.o(.text)
    USART_GetChar                            0x080011c5   Thumb Code    68  usart.o(.text)
    USART_GetRate                            0x08001209   Thumb Code    82  usart.o(.text)
    Prints                                   0x0800125b   Thumb Code    22  usart.o(.text)
    PrintLongInt                             0x08001271   Thumb Code    82  usart.o(.text)
    PrintShortIntHex                         0x080012c3   Thumb Code   134  usart.o(.text)
    PrintHex                                 0x08001349   Thumb Code    48  usart.o(.text)
    Delay_Init                               0x0800137d   Thumb Code    56  delay.o(.text)
    Delay_nMS                                0x080013b5   Thumb Code    56  delay.o(.text)
    Delay_nUS                                0x080013ed   Thumb Code    56  delay.o(.text)
    USART_DeInit                             0x0800142d   Thumb Code   134  stm32f10x_usart.o(.text)
    USART_Init                               0x080014b3   Thumb Code   210  stm32f10x_usart.o(.text)
    USART_StructInit                         0x08001585   Thumb Code    24  stm32f10x_usart.o(.text)
    USART_ClockInit                          0x0800159d   Thumb Code    34  stm32f10x_usart.o(.text)
    USART_ClockStructInit                    0x080015bf   Thumb Code    12  stm32f10x_usart.o(.text)
    USART_Cmd                                0x080015cb   Thumb Code    24  stm32f10x_usart.o(.text)
    USART_ITConfig                           0x080015e3   Thumb Code    74  stm32f10x_usart.o(.text)
    USART_DMACmd                             0x0800162d   Thumb Code    18  stm32f10x_usart.o(.text)
    USART_SetAddress                         0x0800163f   Thumb Code    18  stm32f10x_usart.o(.text)
    USART_WakeUpConfig                       0x08001651   Thumb Code    18  stm32f10x_usart.o(.text)
    USART_ReceiverWakeUpCmd                  0x08001663   Thumb Code    24  stm32f10x_usart.o(.text)
    USART_LINBreakDetectLengthConfig         0x0800167b   Thumb Code    18  stm32f10x_usart.o(.text)
    USART_LINCmd                             0x0800168d   Thumb Code    24  stm32f10x_usart.o(.text)
    USART_SendData                           0x080016a5   Thumb Code     8  stm32f10x_usart.o(.text)
    USART_ReceiveData                        0x080016ad   Thumb Code    10  stm32f10x_usart.o(.text)
    USART_SendBreak                          0x080016b7   Thumb Code    10  stm32f10x_usart.o(.text)
    USART_SetGuardTime                       0x080016c1   Thumb Code    16  stm32f10x_usart.o(.text)
    USART_SetPrescaler                       0x080016d1   Thumb Code    16  stm32f10x_usart.o(.text)
    USART_SmartCardCmd                       0x080016e1   Thumb Code    24  stm32f10x_usart.o(.text)
    USART_SmartCardNACKCmd                   0x080016f9   Thumb Code    24  stm32f10x_usart.o(.text)
    USART_HalfDuplexCmd                      0x08001711   Thumb Code    24  stm32f10x_usart.o(.text)
    USART_OverSampling8Cmd                   0x08001729   Thumb Code    22  stm32f10x_usart.o(.text)
    USART_OneBitMethodCmd                    0x0800173f   Thumb Code    24  stm32f10x_usart.o(.text)
    USART_IrDAConfig                         0x08001757   Thumb Code    18  stm32f10x_usart.o(.text)
    USART_IrDACmd                            0x08001769   Thumb Code    24  stm32f10x_usart.o(.text)
    USART_GetFlagStatus                      0x08001781   Thumb Code    26  stm32f10x_usart.o(.text)
    USART_ClearFlag                          0x0800179b   Thumb Code    18  stm32f10x_usart.o(.text)
    USART_GetITStatus                        0x080017ad   Thumb Code    84  stm32f10x_usart.o(.text)
    USART_ClearITPendingBit                  0x08001801   Thumb Code    52  stm32f10x_usart.o(.text)
    NVIC_PriorityGroupConfig                 0x08001835   Thumb Code    10  misc.o(.text)
    NVIC_Init                                0x0800183f   Thumb Code   100  misc.o(.text)
    NVIC_SetVectorTable                      0x080018a3   Thumb Code    14  misc.o(.text)
    NVIC_SystemLPConfig                      0x080018b1   Thumb Code    34  misc.o(.text)
    SysTick_CLKSourceConfig                  0x080018d3   Thumb Code    40  misc.o(.text)
    EXTI_DeInit                              0x08001911   Thumb Code    28  stm32f10x_exti.o(.text)
    EXTI_Init                                0x0800192d   Thumb Code   142  stm32f10x_exti.o(.text)
    EXTI_StructInit                          0x080019bb   Thumb Code    16  stm32f10x_exti.o(.text)
    EXTI_GenerateSWInterrupt                 0x080019cb   Thumb Code    16  stm32f10x_exti.o(.text)
    EXTI_GetFlagStatus                       0x080019db   Thumb Code    22  stm32f10x_exti.o(.text)
    EXTI_ClearFlag                           0x080019f1   Thumb Code     8  stm32f10x_exti.o(.text)
    EXTI_GetITStatus                         0x080019f9   Thumb Code    34  stm32f10x_exti.o(.text)
    EXTI_ClearITPendingBit                   0x08001a1b   Thumb Code     8  stm32f10x_exti.o(.text)
    GPIO_DeInit                              0x08001a2d   Thumb Code   172  stm32f10x_gpio.o(.text)
    GPIO_AFIODeInit                          0x08001ad9   Thumb Code    20  stm32f10x_gpio.o(.text)
    GPIO_Init                                0x08001aed   Thumb Code   278  stm32f10x_gpio.o(.text)
    GPIO_StructInit                          0x08001c03   Thumb Code    16  stm32f10x_gpio.o(.text)
    GPIO_ReadInputDataBit                    0x08001c13   Thumb Code    18  stm32f10x_gpio.o(.text)
    GPIO_ReadInputData                       0x08001c25   Thumb Code     8  stm32f10x_gpio.o(.text)
    GPIO_ReadOutputDataBit                   0x08001c2d   Thumb Code    18  stm32f10x_gpio.o(.text)
    GPIO_ReadOutputData                      0x08001c3f   Thumb Code     8  stm32f10x_gpio.o(.text)
    GPIO_SetBits                             0x08001c47   Thumb Code     4  stm32f10x_gpio.o(.text)
    GPIO_ResetBits                           0x08001c4b   Thumb Code     4  stm32f10x_gpio.o(.text)
    GPIO_WriteBit                            0x08001c4f   Thumb Code    10  stm32f10x_gpio.o(.text)
    GPIO_Write                               0x08001c59   Thumb Code     4  stm32f10x_gpio.o(.text)
    GPIO_PinLockConfig                       0x08001c5d   Thumb Code    18  stm32f10x_gpio.o(.text)
    GPIO_EventOutputConfig                   0x08001c6f   Thumb Code    26  stm32f10x_gpio.o(.text)
    GPIO_EventOutputCmd                      0x08001c89   Thumb Code     6  stm32f10x_gpio.o(.text)
    GPIO_PinRemapConfig                      0x08001c8f   Thumb Code   138  stm32f10x_gpio.o(.text)
    GPIO_EXTILineConfig                      0x08001d19   Thumb Code    66  stm32f10x_gpio.o(.text)
    GPIO_ETH_MediaInterfaceConfig            0x08001d5b   Thumb Code     8  stm32f10x_gpio.o(.text)
    I2C_DeInit                               0x08001d89   Thumb Code    50  stm32f10x_i2c.o(.text)
    I2C_Init                                 0x08001dbb   Thumb Code   222  stm32f10x_i2c.o(.text)
    I2C_StructInit                           0x08001e99   Thumb Code    30  stm32f10x_i2c.o(.text)
    I2C_Cmd                                  0x08001eb7   Thumb Code    24  stm32f10x_i2c.o(.text)
    I2C_DMACmd                               0x08001ecf   Thumb Code    24  stm32f10x_i2c.o(.text)
    I2C_DMALastTransferCmd                   0x08001ee7   Thumb Code    24  stm32f10x_i2c.o(.text)
    I2C_GenerateSTART                        0x08001eff   Thumb Code    24  stm32f10x_i2c.o(.text)
    I2C_GenerateSTOP                         0x08001f17   Thumb Code    24  stm32f10x_i2c.o(.text)
    I2C_AcknowledgeConfig                    0x08001f2f   Thumb Code    24  stm32f10x_i2c.o(.text)
    I2C_OwnAddress2Config                    0x08001f47   Thumb Code    22  stm32f10x_i2c.o(.text)
    I2C_DualAddressCmd                       0x08001f5d   Thumb Code    24  stm32f10x_i2c.o(.text)
    I2C_GeneralCallCmd                       0x08001f75   Thumb Code    24  stm32f10x_i2c.o(.text)
    I2C_ITConfig                             0x08001f8d   Thumb Code    18  stm32f10x_i2c.o(.text)
    I2C_SendData                             0x08001f9f   Thumb Code     4  stm32f10x_i2c.o(.text)
    I2C_ReceiveData                          0x08001fa3   Thumb Code     8  stm32f10x_i2c.o(.text)
    I2C_Send7bitAddress                      0x08001fab   Thumb Code    18  stm32f10x_i2c.o(.text)
    I2C_ReadRegister                         0x08001fbd   Thumb Code    22  stm32f10x_i2c.o(.text)
    I2C_SoftwareResetCmd                     0x08001fd3   Thumb Code    22  stm32f10x_i2c.o(.text)
    I2C_SMBusAlertConfig                     0x08001fe9   Thumb Code    28  stm32f10x_i2c.o(.text)
    I2C_TransmitPEC                          0x08002005   Thumb Code    24  stm32f10x_i2c.o(.text)
    I2C_PECPositionConfig                    0x0800201d   Thumb Code    28  stm32f10x_i2c.o(.text)
    I2C_CalculatePEC                         0x08002039   Thumb Code    24  stm32f10x_i2c.o(.text)
    I2C_GetPEC                               0x08002051   Thumb Code     8  stm32f10x_i2c.o(.text)
    I2C_ARPCmd                               0x08002059   Thumb Code    24  stm32f10x_i2c.o(.text)
    I2C_StretchClockCmd                      0x08002071   Thumb Code    24  stm32f10x_i2c.o(.text)
    I2C_FastModeDutyCycleConfig              0x08002089   Thumb Code    28  stm32f10x_i2c.o(.text)
    I2C_CheckEvent                           0x080020a5   Thumb Code    42  stm32f10x_i2c.o(.text)
    I2C_GetLastEvent                         0x080020cf   Thumb Code    26  stm32f10x_i2c.o(.text)
    I2C_GetFlagStatus                        0x080020e9   Thumb Code    58  stm32f10x_i2c.o(.text)
    I2C_ClearFlag                            0x08002123   Thumb Code    12  stm32f10x_i2c.o(.text)
    I2C_GetITStatus                          0x0800212f   Thumb Code    38  stm32f10x_i2c.o(.text)
    I2C_ClearITPendingBit                    0x08002155   Thumb Code    12  stm32f10x_i2c.o(.text)
    SPI_I2S_DeInit                           0x08002171   Thumb Code    76  stm32f10x_spi.o(.text)
    SPI_Init                                 0x080021bd   Thumb Code    60  stm32f10x_spi.o(.text)
    I2S_Init                                 0x080021f9   Thumb Code   226  stm32f10x_spi.o(.text)
    SPI_StructInit                           0x080022db   Thumb Code    24  stm32f10x_spi.o(.text)
    I2S_StructInit                           0x080022f3   Thumb Code    20  stm32f10x_spi.o(.text)
    SPI_Cmd                                  0x08002307   Thumb Code    24  stm32f10x_spi.o(.text)
    I2S_Cmd                                  0x0800231f   Thumb Code    24  stm32f10x_spi.o(.text)
    SPI_I2S_ITConfig                         0x08002337   Thumb Code    32  stm32f10x_spi.o(.text)
    SPI_I2S_DMACmd                           0x08002357   Thumb Code    18  stm32f10x_spi.o(.text)
    SPI_I2S_SendData                         0x08002369   Thumb Code     4  stm32f10x_spi.o(.text)
    SPI_I2S_ReceiveData                      0x0800236d   Thumb Code     6  stm32f10x_spi.o(.text)
    SPI_NSSInternalSoftwareConfig            0x08002373   Thumb Code    30  stm32f10x_spi.o(.text)
    SPI_SSOutputCmd                          0x08002391   Thumb Code    24  stm32f10x_spi.o(.text)
    SPI_DataSizeConfig                       0x080023a9   Thumb Code    18  stm32f10x_spi.o(.text)
    SPI_TransmitCRC                          0x080023bb   Thumb Code    10  stm32f10x_spi.o(.text)
    SPI_CalculateCRC                         0x080023c5   Thumb Code    24  stm32f10x_spi.o(.text)
    SPI_GetCRC                               0x080023dd   Thumb Code    16  stm32f10x_spi.o(.text)
    SPI_GetCRCPolynomial                     0x080023ed   Thumb Code     6  stm32f10x_spi.o(.text)
    SPI_BiDirectionalLineConfig              0x080023f3   Thumb Code    28  stm32f10x_spi.o(.text)
    SPI_I2S_GetFlagStatus                    0x0800240f   Thumb Code    18  stm32f10x_spi.o(.text)
    SPI_I2S_ClearFlag                        0x08002421   Thumb Code     6  stm32f10x_spi.o(.text)
    SPI_I2S_GetITStatus                      0x08002427   Thumb Code    52  stm32f10x_spi.o(.text)
    SPI_I2S_ClearITPendingBit                0x0800245b   Thumb Code    20  stm32f10x_spi.o(.text)
    RCC_DeInit                               0x0800247d   Thumb Code    64  stm32f10x_rcc.o(.text)
    RCC_HSEConfig                            0x080024bd   Thumb Code    70  stm32f10x_rcc.o(.text)
    RCC_GetFlagStatus                        0x08002503   Thumb Code    56  stm32f10x_rcc.o(.text)
    RCC_WaitForHSEStartUp                    0x0800253b   Thumb Code    56  stm32f10x_rcc.o(.text)
    RCC_AdjustHSICalibrationValue            0x08002573   Thumb Code    20  stm32f10x_rcc.o(.text)
    RCC_HSICmd                               0x08002587   Thumb Code     6  stm32f10x_rcc.o(.text)
    RCC_PLLConfig                            0x0800258d   Thumb Code    24  stm32f10x_rcc.o(.text)
    RCC_PLLCmd                               0x080025a5   Thumb Code     6  stm32f10x_rcc.o(.text)
    RCC_SYSCLKConfig                         0x080025ab   Thumb Code    18  stm32f10x_rcc.o(.text)
    RCC_GetSYSCLKSource                      0x080025bd   Thumb Code    10  stm32f10x_rcc.o(.text)
    RCC_HCLKConfig                           0x080025c7   Thumb Code    18  stm32f10x_rcc.o(.text)
    RCC_PCLK1Config                          0x080025d9   Thumb Code    18  stm32f10x_rcc.o(.text)
    RCC_PCLK2Config                          0x080025eb   Thumb Code    20  stm32f10x_rcc.o(.text)
    RCC_ITConfig                             0x080025ff   Thumb Code    26  stm32f10x_rcc.o(.text)
    RCC_USBCLKConfig                         0x08002619   Thumb Code     8  stm32f10x_rcc.o(.text)
    RCC_ADCCLKConfig                         0x08002621   Thumb Code    18  stm32f10x_rcc.o(.text)
    RCC_LSEConfig                            0x08002633   Thumb Code    50  stm32f10x_rcc.o(.text)
    RCC_LSICmd                               0x08002665   Thumb Code     6  stm32f10x_rcc.o(.text)
    RCC_RTCCLKConfig                         0x0800266b   Thumb Code    12  stm32f10x_rcc.o(.text)
    RCC_RTCCLKCmd                            0x08002677   Thumb Code     8  stm32f10x_rcc.o(.text)
    RCC_GetClocksFreq                        0x0800267f   Thumb Code   192  stm32f10x_rcc.o(.text)
    RCC_AHBPeriphClockCmd                    0x0800273f   Thumb Code    26  stm32f10x_rcc.o(.text)
    RCC_APB2PeriphClockCmd                   0x08002759   Thumb Code    26  stm32f10x_rcc.o(.text)
    RCC_APB1PeriphClockCmd                   0x08002773   Thumb Code    26  stm32f10x_rcc.o(.text)
    RCC_APB2PeriphResetCmd                   0x0800278d   Thumb Code    26  stm32f10x_rcc.o(.text)
    RCC_APB1PeriphResetCmd                   0x080027a7   Thumb Code    26  stm32f10x_rcc.o(.text)
    RCC_BackupResetCmd                       0x080027c1   Thumb Code     8  stm32f10x_rcc.o(.text)
    RCC_ClockSecuritySystemCmd               0x080027c9   Thumb Code     6  stm32f10x_rcc.o(.text)
    RCC_MCOConfig                            0x080027cf   Thumb Code     6  stm32f10x_rcc.o(.text)
    RCC_ClearFlag                            0x080027d5   Thumb Code    14  stm32f10x_rcc.o(.text)
    RCC_GetITStatus                          0x080027e3   Thumb Code    20  stm32f10x_rcc.o(.text)
    RCC_ClearITPendingBit                    0x080027f7   Thumb Code     6  stm32f10x_rcc.o(.text)
    disk_initialize                          0x08002821   Thumb Code    16  diskio.o(.text)
    disk_status                              0x08002831   Thumb Code    16  diskio.o(.text)
    disk_read                                0x08002841   Thumb Code    32  diskio.o(.text)
    disk_write                               0x08002861   Thumb Code    32  diskio.o(.text)
    disk_ioctl                               0x08002881   Thumb Code    24  diskio.o(.text)
    get_fattime                              0x08002899   Thumb Code     4  diskio.o(.text)
    get_fat                                  0x08002a45   Thumb Code   228  fatfs_008.o(.text)
    put_fat                                  0x08002b29   Thumb Code   310  fatfs_008.o(.text)
    clust2sect                               0x08002d7f   Thumb Code    26  fatfs_008.o(.text)
    gen_numname                              0x080030bf   Thumb Code   168  fatfs_008.o(.text)
    f_mount                                  0x08003d07   Thumb Code    38  fatfs_008.o(.text)
    f_open                                   0x08003d2d   Thumb Code   392  fatfs_008.o(.text)
    f_read                                   0x08003eb5   Thumb Code   458  fatfs_008.o(.text)
    f_write                                  0x0800407f   Thumb Code   526  fatfs_008.o(.text)
    f_sync                                   0x0800428d   Thumb Code   184  fatfs_008.o(.text)
    f_close                                  0x08004345   Thumb Code    22  fatfs_008.o(.text)
    f_lseek                                  0x0800435b   Thumb Code   778  fatfs_008.o(.text)
    f_opendir                                0x08004665   Thumb Code   108  fatfs_008.o(.text)
    f_readdir                                0x080046d1   Thumb Code    92  fatfs_008.o(.text)
    f_stat                                   0x0800472d   Thumb Code    62  fatfs_008.o(.text)
    f_getfree                                0x0800476b   Thumb Code   276  fatfs_008.o(.text)
    f_truncate                               0x0800487f   Thumb Code   156  fatfs_008.o(.text)
    f_unlink                                 0x0800491b   Thumb Code   182  fatfs_008.o(.text)
    f_mkdir                                  0x080049d1   Thumb Code   394  fatfs_008.o(.text)
    f_chmod                                  0x08004b5b   Thumb Code    88  fatfs_008.o(.text)
    f_utime                                  0x08004bb3   Thumb Code    90  fatfs_008.o(.text)
    f_rename                                 0x08004c0d   Thumb Code   294  fatfs_008.o(.text)
    f_mkfs                                   0x08004d33   Thumb Code  1522  fatfs_008.o(.text)
    ff_convert                               0x0800535d   Thumb Code    70  ccsbcs.o(.text)
    ff_wtoupper                              0x080053a3   Thumb Code    46  ccsbcs.o(.text)
    SystemInit                               0x080054bb   Thumb Code    70  system_stm32f10x.o(.text)
    SystemCoreClockUpdate                    0x08005501   Thumb Code   142  system_stm32f10x.o(.text)
    Reset_Handler                            0x080055b1   Thumb Code     8  startup_stm32f10x_hd.o(.text)
    ADC1_2_IRQHandler                        0x080055cb   Thumb Code     0  startup_stm32f10x_hd.o(.text)
    ADC3_IRQHandler                          0x080055cb   Thumb Code     0  startup_stm32f10x_hd.o(.text)
    CAN1_RX1_IRQHandler                      0x080055cb   Thumb Code     0  startup_stm32f10x_hd.o(.text)
    CAN1_SCE_IRQHandler                      0x080055cb   Thumb Code     0  startup_stm32f10x_hd.o(.text)
    DMA1_Channel1_IRQHandler                 0x080055cb   Thumb Code     0  startup_stm32f10x_hd.o(.text)
    DMA1_Channel2_IRQHandler                 0x080055cb   Thumb Code     0  startup_stm32f10x_hd.o(.text)
    DMA1_Channel3_IRQHandler                 0x080055cb   Thumb Code     0  startup_stm32f10x_hd.o(.text)
    DMA1_Channel4_IRQHandler                 0x080055cb   Thumb Code     0  startup_stm32f10x_hd.o(.text)
    DMA1_Channel5_IRQHandler                 0x080055cb   Thumb Code     0  startup_stm32f10x_hd.o(.text)
    DMA1_Channel6_IRQHandler                 0x080055cb   Thumb Code     0  startup_stm32f10x_hd.o(.text)
    DMA1_Channel7_IRQHandler                 0x080055cb   Thumb Code     0  startup_stm32f10x_hd.o(.text)
    DMA2_Channel1_IRQHandler                 0x080055cb   Thumb Code     0  startup_stm32f10x_hd.o(.text)
    DMA2_Channel2_IRQHandler                 0x080055cb   Thumb Code     0  startup_stm32f10x_hd.o(.text)
    DMA2_Channel3_IRQHandler                 0x080055cb   Thumb Code     0  startup_stm32f10x_hd.o(.text)
    DMA2_Channel4_5_IRQHandler               0x080055cb   Thumb Code     0  startup_stm32f10x_hd.o(.text)
    EXTI0_IRQHandler                         0x080055cb   Thumb Code     0  startup_stm32f10x_hd.o(.text)
    EXTI1_IRQHandler                         0x080055cb   Thumb Code     0  startup_stm32f10x_hd.o(.text)
    EXTI2_IRQHandler                         0x080055cb   Thumb Code     0  startup_stm32f10x_hd.o(.text)
    EXTI3_IRQHandler                         0x080055cb   Thumb Code     0  startup_stm32f10x_hd.o(.text)
    EXTI4_IRQHandler                         0x080055cb   Thumb Code     0  startup_stm32f10x_hd.o(.text)
    FLASH_IRQHandler                         0x080055cb   Thumb Code     0  startup_stm32f10x_hd.o(.text)
    FSMC_IRQHandler                          0x080055cb   Thumb Code     0  startup_stm32f10x_hd.o(.text)
    I2C1_ER_IRQHandler                       0x080055cb   Thumb Code     0  startup_stm32f10x_hd.o(.text)
    I2C1_EV_IRQHandler                       0x080055cb   Thumb Code     0  startup_stm32f10x_hd.o(.text)
    I2C2_ER_IRQHandler                       0x080055cb   Thumb Code     0  startup_stm32f10x_hd.o(.text)
    I2C2_EV_IRQHandler                       0x080055cb   Thumb Code     0  startup_stm32f10x_hd.o(.text)
    PVD_IRQHandler                           0x080055cb   Thumb Code     0  startup_stm32f10x_hd.o(.text)
    RCC_IRQHandler                           0x080055cb   Thumb Code     0  startup_stm32f10x_hd.o(.text)
    RTCAlarm_IRQHandler                      0x080055cb   Thumb Code     0  startup_stm32f10x_hd.o(.text)
    RTC_IRQHandler                           0x080055cb   Thumb Code     0  startup_stm32f10x_hd.o(.text)
    SPI1_IRQHandler                          0x080055cb   Thumb Code     0  startup_stm32f10x_hd.o(.text)
    SPI2_IRQHandler                          0x080055cb   Thumb Code     0  startup_stm32f10x_hd.o(.text)
    SPI3_IRQHandler                          0x080055cb   Thumb Code     0  startup_stm32f10x_hd.o(.text)
    TAMPER_IRQHandler                        0x080055cb   Thumb Code     0  startup_stm32f10x_hd.o(.text)
    TIM1_BRK_IRQHandler                      0x080055cb   Thumb Code     0  startup_stm32f10x_hd.o(.text)
    TIM1_CC_IRQHandler                       0x080055cb   Thumb Code     0  startup_stm32f10x_hd.o(.text)
    TIM1_TRG_COM_IRQHandler                  0x080055cb   Thumb Code     0  startup_stm32f10x_hd.o(.text)
    TIM1_UP_IRQHandler                       0x080055cb   Thumb Code     0  startup_stm32f10x_hd.o(.text)
    TIM2_IRQHandler                          0x080055cb   Thumb Code     0  startup_stm32f10x_hd.o(.text)
    TIM3_IRQHandler                          0x080055cb   Thumb Code     0  startup_stm32f10x_hd.o(.text)
    TIM4_IRQHandler                          0x080055cb   Thumb Code     0  startup_stm32f10x_hd.o(.text)
    TIM5_IRQHandler                          0x080055cb   Thumb Code     0  startup_stm32f10x_hd.o(.text)
    TIM6_IRQHandler                          0x080055cb   Thumb Code     0  startup_stm32f10x_hd.o(.text)
    TIM7_IRQHandler                          0x080055cb   Thumb Code     0  startup_stm32f10x_hd.o(.text)
    TIM8_BRK_IRQHandler                      0x080055cb   Thumb Code     0  startup_stm32f10x_hd.o(.text)
    TIM8_CC_IRQHandler                       0x080055cb   Thumb Code     0  startup_stm32f10x_hd.o(.text)
    TIM8_TRG_COM_IRQHandler                  0x080055cb   Thumb Code     0  startup_stm32f10x_hd.o(.text)
    TIM8_UP_IRQHandler                       0x080055cb   Thumb Code     0  startup_stm32f10x_hd.o(.text)
    UART4_IRQHandler                         0x080055cb   Thumb Code     0  startup_stm32f10x_hd.o(.text)
    UART5_IRQHandler                         0x080055cb   Thumb Code     0  startup_stm32f10x_hd.o(.text)
    USART3_IRQHandler                        0x080055cb   Thumb Code     0  startup_stm32f10x_hd.o(.text)
    USBWakeUp_IRQHandler                     0x080055cb   Thumb Code     0  startup_stm32f10x_hd.o(.text)
    WWDG_IRQHandler                          0x080055cb   Thumb Code     0  startup_stm32f10x_hd.o(.text)
    __user_initial_stackheap                 0x080055cd   Thumb Code     0  startup_stm32f10x_hd.o(.text)
    SPI_GpioInit                             0x080055f1   Thumb Code   154  spi.o(.text)
    SPI_SetSpiSoftCS                         0x0800568b   Thumb Code    52  spi.o(.text)
    SPI_MsterConfig                          0x080056bf   Thumb Code   174  spi.o(.text)
    SPI_WriteByte                            0x0800576d   Thumb Code   114  spi.o(.text)
    SPI_ReadByte                             0x080057df   Thumb Code   114  spi.o(.text)
    SPI_SetCS                                0x08005851   Thumb Code    22  spi.o(.text)
    SPI_ClrCS                                0x08005867   Thumb Code    22  spi.o(.text)
    SPI_SetSpeed                             0x0800587d   Thumb Code   100  spi.o(.text)
    SPI_WriteReg                             0x080058e1   Thumb Code   120  spi.o(.text)
    SPI_Test                                 0x08005959   Thumb Code    46  spi.o(.text)
    NVIC_Config                              0x080059a9   Thumb Code    22  nvic_exit.o(.text)
    GpioInit                                 0x08005a03   Thumb Code    62  nvic_exit.o(.text)
    Exit_Init                                0x08005a41   Thumb Code   134  nvic_exit.o(.text)
    OV2640_CaptureGpioInit                   0x08005ae5   Thumb Code    88  dcmi_ov2640.o(.text)
    OV2640_HW_Init                           0x08005b3d   Thumb Code   114  dcmi_ov2640.o(.text)
    OV2640_WriteReg                          0x08005baf   Thumb Code   170  dcmi_ov2640.o(.text)
    OV2640_Reset                             0x08005c59   Thumb Code    20  dcmi_ov2640.o(.text)
    OV2640_ReadReg                           0x08005c6d   Thumb Code   270  dcmi_ov2640.o(.text)
    OV2640_ReadID                            0x08005d7b   Thumb Code    46  dcmi_ov2640.o(.text)
    OV2640_Init                              0x08005da9   Thumb Code     2  dcmi_ov2640.o(.text)
    OV2640_Init1                             0x08005dab   Thumb Code     2  dcmi_ov2640.o(.text)
    OV2640_QQVGAConfig                       0x08005dad   Thumb Code    44  dcmi_ov2640.o(.text)
    OV2640_JPEGConfig                        0x08005dd9   Thumb Code   430  dcmi_ov2640.o(.text)
    OV2640_QQVGAConfig1                      0x08005f87   Thumb Code    10  dcmi_ov2640.o(.text)
    OV2640_QVGAConfig                        0x08005f91   Thumb Code    48  dcmi_ov2640.o(.text)
    OV2640_BrightnessConfig                  0x08005fc1   Thumb Code    54  dcmi_ov2640.o(.text)
    SCCB_WriteRegs                           0x08005ff7   Thumb Code    34  dcmi_ov2640.o(.text)
    OV2640_AutoExposure                      0x08006019   Thumb Code    70  dcmi_ov2640.o(.text)
    OV2640_BandWConfig                       0x0800605f   Thumb Code    54  dcmi_ov2640.o(.text)
    OV2640_ColorEffectsConfig                0x08006095   Thumb Code    56  dcmi_ov2640.o(.text)
    OV2640_ContrastConfig                    0x080060cd   Thumb Code    72  dcmi_ov2640.o(.text)
    __use_no_semihosting                     0x0800613d   Thumb Code     2  use_no_semi_2.o(.text)
    __aeabi_memcpy4                          0x0800613f   Thumb Code     0  rt_memcpy_w.o(.text)
    __aeabi_memcpy8                          0x0800613f   Thumb Code     0  rt_memcpy_w.o(.text)
    __rt_memcpy_w                            0x0800613f   Thumb Code   100  rt_memcpy_w.o(.text)
    _memcpy_lastbytes_aligned                0x08006187   Thumb Code     0  rt_memcpy_w.o(.text)
    __use_two_region_memory                  0x080061a3   Thumb Code     2  heapauxi.o(.text)
    __rt_heap_escrow$2region                 0x080061a5   Thumb Code     2  heapauxi.o(.text)
    __rt_heap_expand$2region                 0x080061a7   Thumb Code     2  heapauxi.o(.text)
    __I$use$semihosting                      0x080061a9   Thumb Code     0  use_no_semi.o(.text)
    __use_no_semihosting_swi                 0x080061a9   Thumb Code     2  use_no_semi.o(.text)
    __user_setup_stackheap                   0x080061ab   Thumb Code    74  sys_stackheap_outer.o(.text)
    exit                                     0x080061f5   Thumb Code    18  exit.o(.text)
    __user_libspace                          0x08006209   Thumb Code     8  libspace.o(.text)
    __user_perproc_libspace                  0x08006209   Thumb Code     0  libspace.o(.text)
    __user_perthread_libspace                0x08006209   Thumb Code     0  libspace.o(.text)
    NumberTable                              0x08006210   Data          16  main.o(.constdata)
    COM_USART_CLK                            0x0800623c   Data           8  usart.o(.constdata)
    COM_TX_PORT_CLK                          0x08006244   Data           8  usart.o(.constdata)
    COM_RX_PORT_CLK                          0x0800624c   Data           8  usart.o(.constdata)
    COM_TX_PIN                               0x08006254   Data           4  usart.o(.constdata)
    COM_RX_PIN                               0x08006258   Data           4  usart.o(.constdata)
    COM_IRQn                                 0x0800625c   Data           4  usart.o(.constdata)
    COM_Priority                             0x08006260   Data           2  usart.o(.constdata)
    HexTable                                 0x08006262   Data          16  usart.o(.constdata)
    SPI_CS_PIN                               0x080067ec   Data           4  spi.o(.constdata)
    GPIO_Pin                                 0x08006800   Data          32  nvic_exit.o(.constdata)
    GPIO_PortClk                             0x08006820   Data          28  nvic_exit.o(.constdata)
    GPIO_PortSuorce                          0x0800683c   Data           7  nvic_exit.o(.constdata)
    GPIO_PinSource                           0x08006843   Data          16  nvic_exit.o(.constdata)
    EXINT_Line                               0x08006854   Data          64  nvic_exit.o(.constdata)
    Exit_IRQn                                0x08006894   Data          16  nvic_exit.o(.constdata)
    OV2640_QQVGA                             0x080068a4   Data         656  dcmi_ov2640.o(.constdata)
    OV2640_QVGA                              0x08006b34   Data         438  dcmi_ov2640.o(.constdata)
    OV2640_JPEG_INIT                         0x08006cea   Data         380  dcmi_ov2640.o(.constdata)
    OV2640_YUV422                            0x08006e66   Data          18  dcmi_ov2640.o(.constdata)
    OV2640_JPEG                              0x08006e78   Data          16  dcmi_ov2640.o(.constdata)
    OV2640_160x120_JPEG                      0x08006e88   Data          78  dcmi_ov2640.o(.constdata)
    OV2640_176x144_JPEG                      0x08006ed6   Data          78  dcmi_ov2640.o(.constdata)
    OV2640_320x240_JPEG                      0x08006f24   Data          80  dcmi_ov2640.o(.constdata)
    OV2640_352x288_JPEG                      0x08006f74   Data          78  dcmi_ov2640.o(.constdata)
    ov2640_640x480_jpeg                      0x08006fc2   Data          80  dcmi_ov2640.o(.constdata)
    ov2640_800x600_jpeg                      0x08007012   Data          80  dcmi_ov2640.o(.constdata)
    ov2640_1024x768_jpeg                     0x08007062   Data          76  dcmi_ov2640.o(.constdata)
    Region$$Table$$Base                      0x08007248   Number         0  anon$$obj.o(Region$$Table)
    Region$$Table$$Limit                     0x08007268   Number         0  anon$$obj.o(Region$$Table)
    res                                      0x20000000   Data           1  main.o(.data)
    GPIO_InitStructure                       0x20000002   Data           4  main.o(.data)
    OV2640_Camera_ID                         0x20000006   Data           4  main.o(.data)
    max_id                                   0x2000000c   Data           4  main.o(.data)
    min_id                                   0x20000010   Data           4  main.o(.data)
    max_sum                                  0x20000014   Data           4  main.o(.data)
    UsartBuf                                 0x20000018   Data           3  main.o(.data)
    PhotoName                                0x2000001b   Data          18  main.o(.data)
    JPEG_Cnt                                 0x20000030   Data           4  main.o(.data)
    JpegDataCnt                              0x20000034   Data           4  stm32f10x_it.o(.data)
    VsyncActive                              0x20000038   Data           1  stm32f10x_it.o(.data)
    __stdout                                 0x20000064   Data           4  usart.o(.data)
    SystemCoreClock                          0x2000008c   Data           4  system_stm32f10x.o(.data)
    AHBPrescTable                            0x20000090   Data          16  system_stm32f10x.o(.data)
    GPIO_PORT                                0x200000b0   Data          28  nvic_exit.o(.data)
    fs                                       0x200000cc   Data         560  main.o(.bss)
    JpegBuffer                               0x2000037d   Data       30240  stm32f10x_it.o(.bss)
    __libspace_start                         0x20007ac8   Data          96  libspace.o(.bss)
    __temporary_stack_top$libspace           0x20007b28   Data           0  libspace.o(.bss)



==============================================================================

Memory Map of the image

  Image Entry point : 0x08000131

  Load Region LR_IROM1 (Base: 0x08000000, Size: 0x00007334, Max: 0x00080000, ABSOLUTE)

    Execution Region ER_IROM1 (Exec base: 0x08000000, Load base: 0x08000000, Size: 0x00007268, Max: 0x00080000, ABSOLUTE)

    Exec Addr    Load Addr    Size         Type   Attr      Idx    E Section Name        Object

    0x08000000   0x08000000   0x00000130   Data   RO          502    RESET               startup_stm32f10x_hd.o
    0x08000130   0x08000130   0x00000008   Code   RO          733  * !!!main             c_w.l(__main.o)
    0x08000138   0x08000138   0x00000034   Code   RO          901    !!!scatter          c_w.l(__scatter.o)
    0x0800016c   0x0800016c   0x0000001a   Code   RO          903    !!handler_copy      c_w.l(__scatter_copy.o)
    0x08000186   0x08000186   0x00000002   PAD
    0x08000188   0x08000188   0x0000001c   Code   RO          905    !!handler_zi        c_w.l(__scatter_zi.o)
    0x080001a4   0x080001a4   0x00000002   Code   RO          775    .ARM.Collect$$libinit$$00000000  c_w.l(libinit.o)
    0x080001a6   0x080001a6   0x00000000   Code   RO          782    .ARM.Collect$$libinit$$00000002  c_w.l(libinit2.o)
    0x080001a6   0x080001a6   0x00000000   Code   RO          784    .ARM.Collect$$libinit$$00000004  c_w.l(libinit2.o)
    0x080001a6   0x080001a6   0x00000000   Code   RO          787    .ARM.Collect$$libinit$$0000000A  c_w.l(libinit2.o)
    0x080001a6   0x080001a6   0x00000000   Code   RO          789    .ARM.Collect$$libinit$$0000000C  c_w.l(libinit2.o)
    0x080001a6   0x080001a6   0x00000000   Code   RO          791    .ARM.Collect$$libinit$$0000000E  c_w.l(libinit2.o)
    0x080001a6   0x080001a6   0x00000000   Code   RO          794    .ARM.Collect$$libinit$$00000011  c_w.l(libinit2.o)
    0x080001a6   0x080001a6   0x00000000   Code   RO          796    .ARM.Collect$$libinit$$00000013  c_w.l(libinit2.o)
    0x080001a6   0x080001a6   0x00000000   Code   RO          798    .ARM.Collect$$libinit$$00000015  c_w.l(libinit2.o)
    0x080001a6   0x080001a6   0x00000000   Code   RO          800    .ARM.Collect$$libinit$$00000017  c_w.l(libinit2.o)
    0x080001a6   0x080001a6   0x00000000   Code   RO          802    .ARM.Collect$$libinit$$00000019  c_w.l(libinit2.o)
    0x080001a6   0x080001a6   0x00000000   Code   RO          804    .ARM.Collect$$libinit$$0000001B  c_w.l(libinit2.o)
    0x080001a6   0x080001a6   0x00000000   Code   RO          806    .ARM.Collect$$libinit$$0000001D  c_w.l(libinit2.o)
    0x080001a6   0x080001a6   0x00000000   Code   RO          808    .ARM.Collect$$libinit$$0000001F  c_w.l(libinit2.o)
    0x080001a6   0x080001a6   0x00000000   Code   RO          810    .ARM.Collect$$libinit$$00000021  c_w.l(libinit2.o)
    0x080001a6   0x080001a6   0x00000000   Code   RO          812    .ARM.Collect$$libinit$$00000023  c_w.l(libinit2.o)
    0x080001a6   0x080001a6   0x00000000   Code   RO          814    .ARM.Collect$$libinit$$00000025  c_w.l(libinit2.o)
    0x080001a6   0x080001a6   0x00000000   Code   RO          818    .ARM.Collect$$libinit$$0000002C  c_w.l(libinit2.o)
    0x080001a6   0x080001a6   0x00000000   Code   RO          820    .ARM.Collect$$libinit$$0000002E  c_w.l(libinit2.o)
    0x080001a6   0x080001a6   0x00000000   Code   RO          822    .ARM.Collect$$libinit$$00000030  c_w.l(libinit2.o)
    0x080001a6   0x080001a6   0x00000000   Code   RO          824    .ARM.Collect$$libinit$$00000032  c_w.l(libinit2.o)
    0x080001a6   0x080001a6   0x00000002   Code   RO          825    .ARM.Collect$$libinit$$00000033  c_w.l(libinit2.o)
    0x080001a8   0x080001a8   0x00000002   Code   RO          843    .ARM.Collect$$libshutdown$$00000000  c_w.l(libshutdown.o)
    0x080001aa   0x080001aa   0x00000000   Code   RO          853    .ARM.Collect$$libshutdown$$00000002  c_w.l(libshutdown2.o)
    0x080001aa   0x080001aa   0x00000000   Code   RO          855    .ARM.Collect$$libshutdown$$00000004  c_w.l(libshutdown2.o)
    0x080001aa   0x080001aa   0x00000000   Code   RO          858    .ARM.Collect$$libshutdown$$00000007  c_w.l(libshutdown2.o)
    0x080001aa   0x080001aa   0x00000000   Code   RO          861    .ARM.Collect$$libshutdown$$0000000A  c_w.l(libshutdown2.o)
    0x080001aa   0x080001aa   0x00000000   Code   RO          863    .ARM.Collect$$libshutdown$$0000000C  c_w.l(libshutdown2.o)
    0x080001aa   0x080001aa   0x00000000   Code   RO          866    .ARM.Collect$$libshutdown$$0000000F  c_w.l(libshutdown2.o)
    0x080001aa   0x080001aa   0x00000002   Code   RO          867    .ARM.Collect$$libshutdown$$00000010  c_w.l(libshutdown2.o)
    0x080001ac   0x080001ac   0x00000000   Code   RO          737    .ARM.Collect$$rtentry$$00000000  c_w.l(__rtentry.o)
    0x080001ac   0x080001ac   0x00000000   Code   RO          744    .ARM.Collect$$rtentry$$00000002  c_w.l(__rtentry2.o)
    0x080001ac   0x080001ac   0x00000006   Code   RO          756    .ARM.Collect$$rtentry$$00000004  c_w.l(__rtentry4.o)
    0x080001b2   0x080001b2   0x00000000   Code   RO          746    .ARM.Collect$$rtentry$$00000009  c_w.l(__rtentry2.o)
    0x080001b2   0x080001b2   0x00000004   Code   RO          747    .ARM.Collect$$rtentry$$0000000A  c_w.l(__rtentry2.o)
    0x080001b6   0x080001b6   0x00000000   Code   RO          749    .ARM.Collect$$rtentry$$0000000C  c_w.l(__rtentry2.o)
    0x080001b6   0x080001b6   0x00000008   Code   RO          750    .ARM.Collect$$rtentry$$0000000D  c_w.l(__rtentry2.o)
    0x080001be   0x080001be   0x00000002   Code   RO          779    .ARM.Collect$$rtexit$$00000000  c_w.l(rtexit.o)
    0x080001c0   0x080001c0   0x00000000   Code   RO          827    .ARM.Collect$$rtexit$$00000002  c_w.l(rtexit2.o)
    0x080001c0   0x080001c0   0x00000004   Code   RO          828    .ARM.Collect$$rtexit$$00000003  c_w.l(rtexit2.o)
    0x080001c4   0x080001c4   0x00000006   Code   RO          829    .ARM.Collect$$rtexit$$00000004  c_w.l(rtexit2.o)
    0x080001ca   0x080001ca   0x00000002   PAD
    0x080001cc   0x080001cc   0x000003ac   Code   RO            1    .text               main.o
    0x08000578   0x08000578   0x000000f8   Code   RO          169    .text               stm32f10x_it.o
    0x08000670   0x08000670   0x00000898   Code   RO          197    .text               sd_driver.o
    0x08000f08   0x08000f08   0x00000474   Code   RO          214    .text               usart.o
    0x0800137c   0x0800137c   0x000000b0   Code   RO          257    .text               delay.o
    0x0800142c   0x0800142c   0x00000408   Code   RO          274    .text               stm32f10x_usart.o
    0x08001834   0x08001834   0x000000dc   Code   RO          286    .text               misc.o
    0x08001910   0x08001910   0x0000011c   Code   RO          310    .text               stm32f10x_exti.o
    0x08001a2c   0x08001a2c   0x0000035c   Code   RO          334    .text               stm32f10x_gpio.o
    0x08001d88   0x08001d88   0x000003e8   Code   RO          346    .text               stm32f10x_i2c.o
    0x08002170   0x08002170   0x0000030c   Code   RO          370    .text               stm32f10x_spi.o
    0x0800247c   0x0800247c   0x000003a4   Code   RO          382    .text               stm32f10x_rcc.o
    0x08002820   0x08002820   0x00000080   Code   RO          420    .text               diskio.o
    0x080028a0   0x080028a0   0x00002abc   Code   RO          432    .text               fatfs_008.o
    0x0800535c   0x0800535c   0x00000080   Code   RO          448    .text               ccsbcs.o
    0x080053dc   0x080053dc   0x000001d4   Code   RO          482    .text               system_stm32f10x.o
    0x080055b0   0x080055b0   0x00000040   Code   RO          503    .text               startup_stm32f10x_hd.o
    0x080055f0   0x080055f0   0x000003b8   Code   RO          507    .text               spi.o
    0x080059a8   0x080059a8   0x0000013c   Code   RO          526    .text               nvic_exit.o
    0x08005ae4   0x08005ae4   0x00000658   Code   RO          652    .text               dcmi_ov2640.o
    0x0800613c   0x0800613c   0x00000002   Code   RO          673    .text               c_w.l(use_no_semi_2.o)
    0x0800613e   0x0800613e   0x00000064   Code   RO          729    .text               c_w.l(rt_memcpy_w.o)
    0x080061a2   0x080061a2   0x00000006   Code   RO          731    .text               c_w.l(heapauxi.o)
    0x080061a8   0x080061a8   0x00000002   Code   RO          735    .text               c_w.l(use_no_semi.o)
    0x080061aa   0x080061aa   0x0000004a   Code   RO          764    .text               c_w.l(sys_stackheap_outer.o)
    0x080061f4   0x080061f4   0x00000012   Code   RO          768    .text               c_w.l(exit.o)
    0x08006206   0x08006206   0x00000002   PAD
    0x08006208   0x08006208   0x00000008   Code   RO          776    .text               c_w.l(libspace.o)
    0x08006210   0x08006210   0x0000002c   Data   RO            3    .constdata          main.o
    0x0800623c   0x0800623c   0x00000036   Data   RO          216    .constdata          usart.o
    0x08006272   0x08006272   0x000000ba   Data   RO          434    .constdata          fatfs_008.o
    0x0800632c   0x0800632c   0x000004c0   Data   RO          449    .constdata          ccsbcs.o
    0x080067ec   0x080067ec   0x00000014   Data   RO          508    .constdata          spi.o
    0x08006800   0x08006800   0x000000a4   Data   RO          527    .constdata          nvic_exit.o
    0x080068a4   0x080068a4   0x000009a3   Data   RO          653    .constdata          dcmi_ov2640.o
    0x08007247   0x08007247   0x00000001   PAD
    0x08007248   0x08007248   0x00000020   Data   RO          899    Region$$Table       anon$$obj.o


    Execution Region RW_IRAM1 (Exec base: 0x20000000, Load base: 0x08007268, Size: 0x00008b28, Max: 0x00010000, ABSOLUTE)

    Exec Addr    Load Addr    Size         Type   Attr      Idx    E Section Name        Object

    0x20000000   0x08007268   0x00000034   Data   RW            4    .data               main.o
    0x20000034   0x0800729c   0x00000005   Data   RW          171    .data               stm32f10x_it.o
    0x20000039   0x080072a1   0x00000003   PAD
    0x2000003c   0x080072a4   0x00000010   Data   RW          198    .data               sd_driver.o
    0x2000004c   0x080072b4   0x00000020   Data   RW          217    .data               usart.o
    0x2000006c   0x080072d4   0x00000004   Data   RW          258    .data               delay.o
    0x20000070   0x080072d8   0x00000014   Data   RW          383    .data               stm32f10x_rcc.o
    0x20000084   0x080072ec   0x00000008   Data   RW          435    .data               fatfs_008.o
    0x2000008c   0x080072f4   0x00000014   Data   RW          483    .data               system_stm32f10x.o
    0x200000a0   0x08007308   0x00000010   Data   RW          509    .data               spi.o
    0x200000b0   0x08007318   0x0000001c   Data   RW          528    .data               nvic_exit.o
    0x200000cc        -       0x000002b1   Zero   RW            2    .bss                main.o
    0x2000037d        -       0x00007620   Zero   RW          170    .bss                stm32f10x_it.o
    0x2000799d        -       0x00000028   Zero   RW          215    .bss                usart.o
    0x200079c5   0x08007334   0x00000001   PAD
    0x200079c6        -       0x00000102   Zero   RW          433    .bss                fatfs_008.o
    0x20007ac8        -       0x00000060   Zero   RW          777    .bss                c_w.l(libspace.o)
    0x20007b28        -       0x00000200   Zero   RW          501    HEAP                startup_stm32f10x_hd.o
    0x20007d28        -       0x00000e00   Zero   RW          500    STACK               startup_stm32f10x_hd.o


==============================================================================

Image component sizes


      Code (inc. data)   RO Data    RW Data    ZI Data      Debug   Object Name

       128         12       1216          0          0       2321   ccsbcs.o
         0          0          0          0          0         32   core_cm3.o
      1624        108       2467          0          0       9558   dcmi_ov2640.o
       176          8          0          4          0       1153   delay.o
       128          4          0          0          0       2630   diskio.o
     10940        134        186          8        258      26511   fatfs_008.o
       940         78         44         52        689     264675   main.o
       220         22          0          0          0       2017   misc.o
       316         30        164         28          0       3343   nvic_exit.o
      2200         58          0         16          0       9537   sd_driver.o
       952         34         20         16          0       4027   spi.o
        64         26        304          0       4096        952   startup_stm32f10x_hd.o
       284         10          0          0          0       2475   stm32f10x_exti.o
       860         38          0          0          0       5949   stm32f10x_gpio.o
      1000         16          0          0          0       9216   stm32f10x_i2c.o
       248         28          0          5      30240       3200   stm32f10x_it.o
       932         36          0         20          0       9200   stm32f10x_rcc.o
       780         14          0          0          0       6830   stm32f10x_spi.o
      1032         22          0          0          0       8672   stm32f10x_usart.o
       468         34          0         20          0       2179   system_stm32f10x.o
      1140         82         54         32         40       9084   usart.o

    ----------------------------------------------------------------------
     24432        794       4488        204      35324     383561   Object Totals
         0          0         32          0          0          0   (incl. Generated)
         0          0          1          3          1          0   (incl. Padding)

    ----------------------------------------------------------------------

      Code (inc. data)   RO Data    RW Data    ZI Data      Debug   Library Member Name

         8          0          0          0          0         68   __main.o
         0          0          0          0          0          0   __rtentry.o
        12          0          0          0          0          0   __rtentry2.o
         6          0          0          0          0          0   __rtentry4.o
        52          8          0          0          0          0   __scatter.o
        26          0          0          0          0          0   __scatter_copy.o
        28          0          0          0          0          0   __scatter_zi.o
        18          0          0          0          0         80   exit.o
         6          0          0          0          0        152   heapauxi.o
         2          0          0          0          0          0   libinit.o
         2          0          0          0          0          0   libinit2.o
         2          0          0          0          0          0   libshutdown.o
         2          0          0          0          0          0   libshutdown2.o
         8          4          0          0         96         68   libspace.o
       100          0          0          0          0         80   rt_memcpy_w.o
         2          0          0          0          0          0   rtexit.o
        10          0          0          0          0          0   rtexit2.o
        74          0          0          0          0         80   sys_stackheap_outer.o
         2          0          0          0          0         68   use_no_semi.o
         2          0          0          0          0         68   use_no_semi_2.o

    ----------------------------------------------------------------------
       368         12          0          0         96        664   Library Totals
         6          0          0          0          0          0   (incl. Padding)

    ----------------------------------------------------------------------

      Code (inc. data)   RO Data    RW Data    ZI Data      Debug   Library Name

       362         12          0          0         96        664   c_w.l

    ----------------------------------------------------------------------
       368         12          0          0         96        664   Library Totals

    ----------------------------------------------------------------------

==============================================================================


      Code (inc. data)   RO Data    RW Data    ZI Data      Debug   

     24800        806       4488        204      35420     382245   Grand Totals
     24800        806       4488        204      35420     382245   ELF Image Totals
     24800        806       4488        204          0          0   ROM Totals

==============================================================================

    Total RO  Size (Code + RO Data)                29288 (  28.60kB)
    Total RW  Size (RW Data + ZI Data)             35624 (  34.79kB)
    Total ROM Size (Code + RO Data + RW Data)      29492 (  28.80kB)

==============================================================================

