<html>
<body>
<pre>
<h1>礦ision Build Log</h1>
<h2>Tool Versions:</h2>
IDE-Version: μVision V5.24.2.0
Copyright (C) 2017 ARM Ltd and ARM Germany GmbH. All rights reserved.
License Information: Wen Wang, Microsoft, LIC=X1ERA-1I7CT-WIV5K-ZW2XJ-A8NHF-X3FIU
 
Tool Versions:
Toolchain:       MDK-ARM Professional  Version: 5.24.1
Toolchain Path:  E:\MDK\ARM\ARMCC\Bin
C Compiler:      Armcc.exe V5.06 update 5 (build 528)
Assembler:       Armasm.exe V5.06 update 5 (build 528)
Linker/Locator:  ArmLink.exe V5.06 update 5 (build 528)
Library Manager: ArmAr.exe V5.06 update 5 (build 528)
Hex Converter:   FromElf.exe V5.06 update 5 (build 528)
CPU DLL:         SARMCM3.DLL V5.24.1
Dialog DLL:      DCM.DLL V1.16.0.0
Target DLL:      Segger\JL2CM3.dll V2.99.26.0
Dialog DLL:      TCM.DLL V1.32.0.0
 
<h2>Project:</h2>
D:\My private\study to japan\ROBOT\机器人图像传输\OV2640NEW\单片机代码\STM32F103R_1024_768OK\MDK_Project\MyProject.uvprojx
Project File Date:  09/08/2017

<h2>Output:</h2>
*** Using Compiler 'V5.06 update 5 (build 528)', folder: 'E:\MDK\ARM\ARMCC\Bin'
Build target 'Project_Template'
compiling stm32f10x_it.c...
..\Usrer\STM32_it\stm32f10x_it.c(245): warning:  #177-D: variable "i"  was declared but never referenced
  	u32 i = 0;
..\Usrer\STM32_it\stm32f10x_it.c: 1 warning, 0 errors
compiling Delay.c...
compiling sd_driver.c...
compiling LED_Key.c...
compiling USART.c...
..\MyBSP\USART\USART.c(187): warning:  #550-D: variable "RxBuffer2"  was set but never used
  static u8 RxBuffer2[10];
..\MyBSP\USART\USART.c: 1 warning, 0 errors
compiling stm32f10x_usart.c...
compiling main.c...
..\Usrer\main\main.c(112): warning:  #188-D: enumerated type mixed with another type
  	GpioInit(
PIOA, 
PIO_Pin_0, GPIO_Mode_IPU, 0);
..\Usrer\main\main.c(121): warning:  #111-D: statement is unreachable
  	return 1;
..\Usrer\main\main.c(110): warning:  #550-D: variable "key_down"  was set but never used
  	u8 key_down;
..\Usrer\main\main.c(201): warning:  #167-D: argument of type "char *" is incompatible with parameter of type "u8 *"
  				temp_id = (u16)CharToNumber(fn, 5);
..\Usrer\main\main.c(168): warning:  #177-D: variable "i"  was declared but never referenced
  	u16 i = 0;
..\Usrer\main\main.c(239): warning:  #167-D: argument of type "const u8 *" is incompatible with parameter of type "const TCHAR *"
  	res = f_open(&f_jpg, p_path, 
A_CREATE_ALWAYS | 
A_WRITE);
..\Usrer\main\main.c(274): warning:  #167-D: argument of type "u8 *" is incompatible with parameter of type "const TCHAR *"
  		res = f_open(&f_jpg, PhotoName, 
A_OPEN_EXISTING | 
A_READ);
..\Usrer\main\main.c(364): warning:  #223-D: function "OV2640_AutoExposure" declared implicitly
  	OV2640_AutoExposure(2);
..\Usrer\main\main.c(300): warning:  #177-D: variable "j"  was declared but never referenced
  	u16 j = 0;
..\Usrer\main\main.c(301): warning:  #177-D: variable "temp"  was declared but never referenced
  	u16 temp = 0;
..\Usrer\main\main.c(302): warning:  #177-D: variable "data"  was declared but never referenced
  	u16 data = 0;
..\Usrer\main\main.c(304): warning:  #177-D: variable "key_down"  was declared but never referenced
  	u8 key_down = 0;
..\Usrer\main\main.c(305): warning:  #177-D: variable "key_cnt"  was declared but never referenced
  	u16 key_cnt = 0;
..\Usrer\main\main.c: 13 warnings, 0 errors
compiling misc.c...
compiling stm32f10x_dma.c...
compiling stm32f10x_exti.c...
compiling stm32f10x_gpio.c...
compiling stm32f10x_fsmc.c...
compiling stm32f10x_sdio.c...
compiling stm32f10x_i2c.c...
compiling stm32f10x_spi.c...
compiling stm32f10x_rcc.c...
compiling stm32f10x_flash.c...
compiling stm32f10x_pwr.c...
compiling diskio.c...
compiling ccsbcs.c...
compiling system_stm32f10x.c...
assembling startup_stm32f10x_hd.s...
compiling FATFS_008.c...
..\Usrer\fatfs\FATFS_008.c(1298): warning:  #111-D: statement is unreachable
  			w = (w << 8) + b;
..\Usrer\fatfs\FATFS_008.c: 1 warning, 0 errors
compiling core_cm3.c...
compiling Wifi_Spi.c...
..\MyBSP\Wifi\Wifi_Spi.c(134): warning:  #177-D: variable "reg_val"  was declared but never referenced
  	u32 reg_val = 0;
..\MyBSP\Wifi\Wifi_Spi.c: 1 warning, 0 errors
compiling SPI.c...
..\OnChip_Drivers\SPI\SPI.c(357): warning:  #177-D: variable "i"  was declared but never referenced
  	u16 i = 0;
..\OnChip_Drivers\SPI\SPI.c(358): warning:  #177-D: variable "retry"  was declared but never referenced
  	u8 retry;
..\OnChip_Drivers\SPI\SPI.c(359): warning:  #177-D: variable "reg_val"  was declared but never referenced
  	u32 reg_val = 0;
..\OnChip_Drivers\SPI\SPI.c: 3 warnings, 0 errors
compiling Nvic_Exit.c...
compiling LCD_GUI.c...
..\MyBSP\LCD_Driver\LCD_GUI.c(417): warning:  #186-D: pointless comparison of unsigned integer with zero
  				if(Start_X < 0)
..\MyBSP\LCD_Driver\LCD_GUI.c: 1 warning, 0 errors
compiling LCD_Driver.c...
..\MyBSP\LCD_Driver\LCD_Driver.c(347): warning:  #223-D: function "UART_Transmit" declared implicitly
  		UART_Transmit(lcd_id >> 8);
..\MyBSP\LCD_Driver\LCD_Driver.c: 1 warning, 0 errors
compiling FIFO.c...
compiling ov7670.c...
..\MyBSP\OV7670_Driver\ov7670.c(268): warning:  #188-D: enumerated type mixed with another type
  	GpioInit(
PIOB, 
PIO_Pin_14, GPIO_Mode_IPU, 0);							//HREF
..\MyBSP\OV7670_Driver\ov7670.c(270): warning:  #117-D: non-void function "OV7670_init"  should return a value
  	return;//从这里返回	
..\MyBSP\OV7670_Driver\ov7670.c(273): warning:  #111-D: statement is unreachable
  	temp=0x80;
..\MyBSP\OV7670_Driver\ov7670.c: 3 warnings, 0 errors
compiling SCCB.c...
compiling dcmi_ov2640.c...
..\MyBSP\OV2640\dcmi_ov2640.c(1317): warning:  #188-D: enumerated type mixed with another type
      GpioInit(
PIOB, 
PIO_Pin_14, GPIO_Mode_IPU, 0);
..\MyBSP\OV2640\dcmi_ov2640.c(1404): warning:  #223-D: function "Delay" declared implicitly
      Delay(200);
..\MyBSP\OV2640\dcmi_ov2640.c(1420): warning:  #111-D: statement is unreachable
      OV2640_Reset();
..\MyBSP\OV2640\dcmi_ov2640.c(1421): warning:  #223-D: function "Delay" declared implicitly
      Delay(200);
..\MyBSP\OV2640\dcmi_ov2640.c(1614): warning:  #223-D: function "Delay" declared implicitly
      Delay(200);
..\MyBSP\OV2640\dcmi_ov2640.c(1431): warning:  #177-D: variable "change_reg"  was declared but never referenced
  static const u8 change_reg[][2]=
..\MyBSP\OV2640\dcmi_ov2640.c: 6 warnings, 0 errors
linking...
Program Size: Code=24800 RO-data=4488 RW-data=204 ZI-data=35420  
FromELF: creating hex file...
"..\Output\MyProject.axf" - 0 Error(s), 31 Warning(s).

<h2>Software Packages used:</h2>

Package Vendor: ARM
                http://www.keil.com/pack/ARM.CMSIS.5.0.1.pack
                ARM.CMSIS.5.0.1
                CMSIS (Cortex Microcontroller Software Interface Standard)
   * Component: CORE Version: 5.0.1

Package Vendor: Keil
                http://www.keil.com/pack/Keil.STM32F1xx_DFP.2.2.0.pack
                Keil.STM32F1xx_DFP.2.2.0
                STMicroelectronics STM32F1 Series Device Support, Drivers and Examples

<h2>Collection of Component include folders:</h2>
  .\RTE\_Project_Template
  E:\MDK\ARM\PACK\ARM\CMSIS\5.0.1\CMSIS\Include
  E:\MDK\ARM\PACK\Keil\STM32F1xx_DFP\2.2.0\Device\Include

<h2>Collection of Component Files used:</h2>

   * Component: ARM::CMSIS:CORE:5.0.1
Build Time Elapsed:  00:00:07
</pre>
</body>
</html>
